Archive member included to satisfy reference by file (symbol)

c:/nxp/mcuxpressoide_10.2.0_759/ide/tools/bin/../lib/gcc/arm-none-eabi/7.2.1/../../../../arm-none-eabi/lib/thumb/v7e-m/fpv4-sp/hard\libcr_c.a(fpprintf.o)
                              ./source/App.o (printf)
c:/nxp/mcuxpressoide_10.2.0_759/ide/tools/bin/../lib/gcc/arm-none-eabi/7.2.1/../../../../arm-none-eabi/lib/thumb/v7e-m/fpv4-sp/hard\libcr_c.a(printf.o)
                              c:/nxp/mcuxpressoide_10.2.0_759/ide/tools/bin/../lib/gcc/arm-none-eabi/7.2.1/../../../../arm-none-eabi/lib/thumb/v7e-m/fpv4-sp/hard\libcr_c.a(fpprintf.o) (__vfprintf)
c:/nxp/mcuxpressoide_10.2.0_759/ide/tools/bin/../lib/gcc/arm-none-eabi/7.2.1/../../../../arm-none-eabi/lib/thumb/v7e-m/fpv4-sp/hard\libcr_c.a(strlen.o)
                              c:/nxp/mcuxpressoide_10.2.0_759/ide/tools/bin/../lib/gcc/arm-none-eabi/7.2.1/../../../../arm-none-eabi/lib/thumb/v7e-m/fpv4-sp/hard\libcr_c.a(printf.o) (strlen)
c:/nxp/mcuxpressoide_10.2.0_759/ide/tools/bin/../lib/gcc/arm-none-eabi/7.2.1/../../../../arm-none-eabi/lib/thumb/v7e-m/fpv4-sp/hard\libcr_c.a(memset.o)
                              c:/nxp/mcuxpressoide_10.2.0_759/ide/tools/bin/../lib/gcc/arm-none-eabi/7.2.1/../../../../arm-none-eabi/lib/thumb/v7e-m/fpv4-sp/hard\libcr_c.a(fpprintf.o) (memset)
c:/nxp/mcuxpressoide_10.2.0_759/ide/tools/bin/../lib/gcc/arm-none-eabi/7.2.1/../../../../arm-none-eabi/lib/thumb/v7e-m/fpv4-sp/hard\libcr_c.a(_deferredlazyseek.o)
                              c:/nxp/mcuxpressoide_10.2.0_759/ide/tools/bin/../lib/gcc/arm-none-eabi/7.2.1/../../../../arm-none-eabi/lib/thumb/v7e-m/fpv4-sp/hard\libcr_c.a(fpprintf.o) (__flsbuf)
c:/nxp/mcuxpressoide_10.2.0_759/ide/tools/bin/../lib/gcc/arm-none-eabi/7.2.1/../../../../arm-none-eabi/lib/thumb/v7e-m/fpv4-sp/hard\libcr_c.a(_fflush.o)
                              c:/nxp/mcuxpressoide_10.2.0_759/ide/tools/bin/../lib/gcc/arm-none-eabi/7.2.1/../../../../arm-none-eabi/lib/thumb/v7e-m/fpv4-sp/hard\libcr_c.a(_deferredlazyseek.o) (_fflush)
c:/nxp/mcuxpressoide_10.2.0_759/ide/tools/bin/../lib/gcc/arm-none-eabi/7.2.1/../../../../arm-none-eabi/lib/thumb/v7e-m/fpv4-sp/hard\libcr_c.a(_frexpl.o)
                              c:/nxp/mcuxpressoide_10.2.0_759/ide/tools/bin/../lib/gcc/arm-none-eabi/7.2.1/../../../../arm-none-eabi/lib/thumb/v7e-m/fpv4-sp/hard\libcr_c.a(fpprintf.o) (_frexpl)
c:/nxp/mcuxpressoide_10.2.0_759/ide/tools/bin/../lib/gcc/arm-none-eabi/7.2.1/../../../../arm-none-eabi/lib/thumb/v7e-m/fpv4-sp/hard\libcr_c.a(_ldexpl.o)
                              c:/nxp/mcuxpressoide_10.2.0_759/ide/tools/bin/../lib/gcc/arm-none-eabi/7.2.1/../../../../arm-none-eabi/lib/thumb/v7e-m/fpv4-sp/hard\libcr_c.a(fpprintf.o) (_ldexpl)
c:/nxp/mcuxpressoide_10.2.0_759/ide/tools/bin/../lib/gcc/arm-none-eabi/7.2.1/../../../../arm-none-eabi/lib/thumb/v7e-m/fpv4-sp/hard\libcr_c.a(_writebuf.o)
                              c:/nxp/mcuxpressoide_10.2.0_759/ide/tools/bin/../lib/gcc/arm-none-eabi/7.2.1/../../../../arm-none-eabi/lib/thumb/v7e-m/fpv4-sp/hard\libcr_c.a(_deferredlazyseek.o) (_Cwritebuf)
c:/nxp/mcuxpressoide_10.2.0_759/ide/tools/bin/../lib/gcc/arm-none-eabi/7.2.1/../../../../arm-none-eabi/lib/thumb/v7e-m/fpv4-sp/hard\libcr_c.a(alloc.o)
                              c:/nxp/mcuxpressoide_10.2.0_759/ide/tools/bin/../lib/gcc/arm-none-eabi/7.2.1/../../../../arm-none-eabi/lib/thumb/v7e-m/fpv4-sp/hard\libcr_c.a(fpprintf.o) (malloc)
c:/nxp/mcuxpressoide_10.2.0_759/ide/tools/bin/../lib/gcc/arm-none-eabi/7.2.1/../../../../arm-none-eabi/lib/thumb/v7e-m/fpv4-sp/hard\libcr_c.a(errno.o)
                              c:/nxp/mcuxpressoide_10.2.0_759/ide/tools/bin/../lib/gcc/arm-none-eabi/7.2.1/../../../../arm-none-eabi/lib/thumb/v7e-m/fpv4-sp/hard\libcr_c.a(_ldexpl.o) (errno)
c:/nxp/mcuxpressoide_10.2.0_759/ide/tools/bin/../lib/gcc/arm-none-eabi/7.2.1/../../../../arm-none-eabi/lib/thumb/v7e-m/fpv4-sp/hard\libcr_c.a(fseek.o)
                              c:/nxp/mcuxpressoide_10.2.0_759/ide/tools/bin/../lib/gcc/arm-none-eabi/7.2.1/../../../../arm-none-eabi/lib/thumb/v7e-m/fpv4-sp/hard\libcr_c.a(_deferredlazyseek.o) (fseek)
c:/nxp/mcuxpressoide_10.2.0_759/ide/tools/bin/../lib/gcc/arm-none-eabi/7.2.1/../../../../arm-none-eabi/lib/thumb/v7e-m/fpv4-sp/hard\libcr_c.a(ftell.o)
                              c:/nxp/mcuxpressoide_10.2.0_759/ide/tools/bin/../lib/gcc/arm-none-eabi/7.2.1/../../../../arm-none-eabi/lib/thumb/v7e-m/fpv4-sp/hard\libcr_c.a(fseek.o) (ftell)
c:/nxp/mcuxpressoide_10.2.0_759/ide/tools/bin/../lib/gcc/arm-none-eabi/7.2.1/../../../../arm-none-eabi/lib/thumb/v7e-m/fpv4-sp/hard\libcr_c.a(memcpy.o)
                              c:/nxp/mcuxpressoide_10.2.0_759/ide/tools/bin/../lib/gcc/arm-none-eabi/7.2.1/../../../../arm-none-eabi/lib/thumb/v7e-m/fpv4-sp/hard\libcr_c.a(alloc.o) (memcpy)
c:/nxp/mcuxpressoide_10.2.0_759/ide/tools/bin/../lib/gcc/arm-none-eabi/7.2.1/../../../../arm-none-eabi/lib/thumb/v7e-m/fpv4-sp/hard\libcr_c.a(__init_alloc.o)
[...]
Memory Configuration

Name             Origin             Length             Attributes
PROGRAM_FLASH    0x00000000         0x00100000         xr
SRAM_UPPER       0x20000000         0x00030000         xrw
SRAM_LOWER       0x1fff0000         0x00010000         xrw
FLEX_RAM         0x14000000         0x00001000         xrw
*default*        0x00000000         0xffffffff

Linker script and memory map

LOAD ./source/App.o
LOAD ./source/DRV_MCP25625.o
LOAD ./source/SPI_DRV.o
LOAD ./source/gpio.o
LOAD ./SDK/startup/hardware.o
LOAD ./SDK/startup/main.o
LOAD ./SDK/startup/semihost_hardfault.o
LOAD ./SDK/startup/startup_mk64f12.o
LOAD ./SDK/CMSIS/system_MK64F12.o
START GROUP
LOAD c:/nxp/mcuxpressoide_10.2.0_759/ide/tools/bin/../lib/gcc/arm-none-eabi/7.2.1/../../../../arm-none-eabi/lib/thumb/v7e-m/fpv4-sp/hard\libcr_semihost_nf.a
LOAD c:/nxp/mcuxpressoide_10.2.0_759/ide/tools/bin/../lib/gcc/arm-none-eabi/7.2.1/../../../../arm-none-eabi/lib/thumb/v7e-m/fpv4-sp/hard\libcr_c.a
LOAD c:/nxp/mcuxpressoide_10.2.0_759/ide/tools/bin/../lib/gcc/arm-none-eabi/7.2.1/thumb/v7e-m/fpv4-sp/hard\libcr_eabihelpers.a
END GROUP
                0x00000000                __base_PROGRAM_FLASH = 0x0
                0x00000000                __base_Flash = 0x0
                0x00100000                __top_PROGRAM_FLASH = 0x100000
                0x00100000                __top_Flash = 0x100000
                0x20000000                __base_SRAM_UPPER = 0x20000000
                0x20000000                __base_RAM = 0x20000000
                0x20030000                __top_SRAM_UPPER = 0x20030000
                0x20030000                __top_RAM = 0x20030000
                0x1fff0000                __base_SRAM_LOWER = 0x1fff0000
                0x1fff0000                __base_RAM2 = 0x1fff0000
                0x20000000                __top_SRAM_LOWER = 0x20000000
                0x20000000                __top_RAM2 = 0x20000000
                0x14000000                __base_FLEX_RAM = 0x14000000
                0x14000000                __base_RAM3 = 0x14000000
                0x14001000                __top_FLEX_RAM = 0x14001000
                0x14001000                __top_RAM3 = 0x14001000

.text           0x00000000     0x3a90
 FILL mask 0xff
                0x00000000                __vectors_start__ = ABSOLUTE (.)
 *(SORT_BY_ALIGNMENT(.isr_vector))
 .isr_vector    0x00000000      0x198 ./SDK/startup/startup_mk64f12.o
                0x00000000                g_pfnVectors
                0x00000000                __Vectors
                0x00000198                . = ALIGN (0x4)
                0x00000198                __section_table_start = .
                0x00000198                __data_section_table = .
                0x00000198        0x4 LONG 0x3a90 LOADADDR (.data)
                0x0000019c        0x4 LONG 0x20000000 ADDR (.data)
                0x000001a0        0x4 LONG 0x10 SIZEOF (.data)
                0x000001a4        0x4 LONG 0x3a90 LOADADDR (.data_RAM2)
                0x000001a8        0x4 LONG 0x1fff0000 ADDR (.data_RAM2)
                0x000001ac        0x4 LONG 0x0 SIZEOF (.data_RAM2)
                0x000001b0        0x4 LONG 0x3a90 LOADADDR (.data_RAM3)
                0x000001b4        0x4 LONG 0x14000000 ADDR (.data_RAM3)
                0x000001b8        0x4 LONG 0x0 SIZEOF (.data_RAM3)
                0x000001bc                __data_section_table_end = .
                0x000001bc                __bss_section_table = .
                0x000001bc        0x4 LONG 0x20000010 ADDR (.bss)
                0x000001c0        0x4 LONG 0x370 SIZEOF (.bss)
                0x000001c4        0x4 LONG 0x1fff0000 ADDR (.bss_RAM2)
                0x000001c8        0x4 LONG 0x0 SIZEOF (.bss_RAM2)
                0x000001cc        0x4 LONG 0x14000000 ADDR (.bss_RAM3)
                0x000001d0        0x4 LONG 0x0 SIZEOF (.bss_RAM3)
                0x000001d4                __bss_section_table_end = .
                0x000001d4                __section_table_end = .
 *(SORT_BY_ALIGNMENT(.after_vectors*))
 .after_vectors.reset
                0x000001d4       0x4c ./SDK/startup/startup_mk64f12.o
                0x000001d4                ResetISR
 .after_vectors.init_data
                0x00000220       0x1e ./SDK/startup/startup_mk64f12.o
                0x00000220                data_init
 .after_vectors.init_bss
                0x0000023e       0x12 ./SDK/startup/startup_mk64f12.o
                0x0000023e                bss_init
 .after_vectors
                0x00000250       0x14 ./SDK/startup/startup_mk64f12.o
                0x00000250                NMI_Handler
                0x00000254                MemManage_Handler
                0x00000256                BusFault_Handler
                0x00000258                UsageFault_Handler
                0x0000025a                SVC_Handler
                0x0000025c                DebugMon_Handler
                0x0000025e                PendSV_Handler
                0x00000260                SysTick_Handler
                0x00000262                DMA_Error_DriverIRQHandler
                0x00000262                LPTMR0_DriverIRQHandler
                0x00000262                FTM1_DriverIRQHandler
                0x00000262                FTM2_DriverIRQHandler
                0x00000262                PIT2_DriverIRQHandler
                0x00000262                SDHC_DriverIRQHandler
                0x00000262                I2S0_Tx_DriverIRQHandler
                0x00000262                RTC_Seconds_DriverIRQHandler
                0x00000262                DMA6_DriverIRQHandler
                0x00000262                LLWU_DriverIRQHandler
                0x00000262                MCM_DriverIRQHandler
                0x00000262                MCG_DriverIRQHandler
                0x00000262                ENET_1588_Timer_DriverIRQHandler
                0x00000262                I2C2_DriverIRQHandler
                0x00000262                DAC1_DriverIRQHandler
                0x00000262                SPI1_DriverIRQHandler
                0x00000262                CMP1_DriverIRQHandler
                0x00000262                UART5_RX_TX_DriverIRQHandler
                0x00000262                FTM0_DriverIRQHandler
                0x00000262                IntDefaultHandler
                0x00000262                USB0_DriverIRQHandler
                0x00000262                UART5_ERR_DriverIRQHandler
                0x00000262                PORTC_DriverIRQHandler
                0x00000262                DMA11_DriverIRQHandler
                0x00000262                DAC0_DriverIRQHandler
                0x00000262                DMA10_DriverIRQHandler
                0x00000262                CMP2_DriverIRQHandler
                0x00000262                UART2_ERR_DriverIRQHandler
                0x00000262                SPI2_DriverIRQHandler
                0x00000262                LVD_LVW_DriverIRQHandler
                0x00000262                PIT0_DriverIRQHandler
                0x00000262                RNG_DriverIRQHandler
                0x00000262                DMA12_DriverIRQHandler
                0x00000262                DMA4_DriverIRQHandler
                0x00000262                UART2_RX_TX_DriverIRQHandler
                0x00000262                USBDCD_DriverIRQHandler
                0x00000262                UART3_ERR_DriverIRQHandler
                0x00000262                DMA3_DriverIRQHandler
                0x00000262                DMA8_DriverIRQHandler
                0x00000262                DMA9_DriverIRQHandler
                0x00000262                UART0_ERR_DriverIRQHandler
                0x00000262                CMT_DriverIRQHandler
                0x00000262                Reserved71_DriverIRQHandler
                0x00000262                ADC1_DriverIRQHandler
                0x00000262                PORTA_DriverIRQHandler
                0x00000262                DMA14_DriverIRQHandler
                0x00000262                PIT3_DriverIRQHandler
                0x00000262                PIT1_DriverIRQHandler
                0x00000262                WDOG_EWM_DriverIRQHandler
                0x00000262                PDB0_DriverIRQHandler
                0x00000262                RTC_DriverIRQHandler
                0x00000262                I2S0_Rx_DriverIRQHandler
                0x00000262                Read_Collision_DriverIRQHandler
                0x00000262                SWI_DriverIRQHandler
                0x00000262                UART4_RX_TX_DriverIRQHandler
                0x00000262                UART4_ERR_DriverIRQHandler
                0x00000262                PORTB_DriverIRQHandler
                0x00000262                UART0_LON_DriverIRQHandler
                0x00000262                DMA0_DriverIRQHandler
                0x00000262                DMA1_DriverIRQHandler
                0x00000262                I2C1_DriverIRQHandler
                0x00000262                UART3_RX_TX_DriverIRQHandler
                0x00000262                ENET_Receive_DriverIRQHandler
                0x00000262                DMA13_DriverIRQHandler
                0x00000262                ENET_Error_DriverIRQHandler
                0x00000262                DMA15_DriverIRQHandler
                0x00000262                UART0_RX_TX_DriverIRQHandler
                0x00000262                SPI0_DriverIRQHandler
                0x00000262                ADC0_DriverIRQHandler
                0x00000262                CMP0_DriverIRQHandler
                0x00000262                CAN0_DriverIRQHandler
                0x00000262                FTM3_DriverIRQHandler
                0x00000262                DMA5_DriverIRQHandler
                0x00000262                UART1_ERR_DriverIRQHandler
                0x00000262                DMA2_DriverIRQHandler
                0x00000262                ENET_Transmit_DriverIRQHandler
                0x00000262                PORTD_DriverIRQHandler
                0x00000262                PORTE_DriverIRQHandler
                0x00000262                FTFE_DriverIRQHandler
                0x00000262                I2C0_DriverIRQHandler
                0x00000262                DMA7_DriverIRQHandler
                0x00000262                UART1_RX_TX_DriverIRQHandler
                0x00000400                . = 0x400
 *fill*         0x00000264      0x19c ff
                0x00000400                PROVIDE (__FLASH_CONFIG_START__, .)
 *(SORT_BY_ALIGNMENT(.FlashConfig))
 .FlashConfig   0x00000400       0x10 ./SDK/startup/startup_mk64f12.o
                0x00000400                Flash_Config
                0x00000410                PROVIDE (__FLASH_CONFIG_END__, .)
                0x00000001                ASSERT (! ((__FLASH_CONFIG_START__ == __FLASH_CONFIG_END__)), Linker Flash Config Support Enabled, but no .FlashConfig section provided within application)
 *(SORT_BY_ALIGNMENT(.text*))
 .text.fp_display
                0x00000410      0x974 c:/nxp/mcuxpressoide_10.2.0_759/ide/tools/bin/../lib/gcc/arm-none-eabi/7.2.1/../../../../arm-none-eabi/lib/thumb/v7e-m/fpv4-sp/hard\libcr_c.a(fpprintf.o)
 *fill*         0x00000d84        0x4 ff
 .text._frexpl  0x00000d88       0x68 c:/nxp/mcuxpressoide_10.2.0_759/ide/tools/bin/../lib/gcc/arm-none-eabi/7.2.1/../../../../arm-none-eabi/lib/thumb/v7e-m/fpv4-sp/hard\libcr_c.a(_frexpl.o)
                0x00000d88                _frexpl
 .text._ldexpl  0x00000df0       0x58 c:/nxp/mcuxpressoide_10.2.0_759/ide/tools/bin/../lib/gcc/arm-none-eabi/7.2.1/../../../../arm-none-eabi/lib/thumb/v7e-m/fpv4-sp/hard\libcr_c.a(_ldexpl.o)
                0x00000df0                _ldexpl
 .text.App_Init
                0x00000e48       0x58 ./source/App.o
                0x00000e48                App_Init
 .text.App_Run  0x00000ea0       0x3c ./source/App.o
                0x00000ea0                App_Run
 .text.Init_MCP
                0x00000edc       0xa4 ./source/DRV_MCP25625.o
                0x00000edc                Init_MCP
 .text.Reset_MCP
                0x00000f80       0x24 ./source/DRV_MCP25625.o
                0x00000f80                Reset_MCP
 .text.Write_MCP
                0x00000fa4       0x4c ./source/DRV_MCP25625.o
                0x00000fa4                Write_MCP
 .text.Bit_Modify
                0x00000ff0       0x58 ./source/DRV_MCP25625.o
                0x00000ff0                Bit_Modify
 .text.Read_MCP
                0x00001048       0x70 ./source/DRV_MCP25625.o
                0x00001048                Read_MCP
 .text.__NVIC_EnableIRQ
                0x000010b8       0x3c ./source/SPI_DRV.o
 .text.init_SPI
                0x000010f4      0x138 ./source/SPI_DRV.o
                0x000010f4                init_SPI
 .text.writeyread_SPI
                0x0000122c       0xe8 ./source/SPI_DRV.o
                0x0000122c                writeyread_SPI
 .text.read_SPI
                0x00001314       0x28 ./source/SPI_DRV.o
                0x00001314                read_SPI
 .text.disable_CS
                0x0000133c       0xec ./source/SPI_DRV.o
                0x0000133c                disable_CS
 .text.init_Clk_Nvinc
                0x00001428      0x100 ./source/SPI_DRV.o
                0x00001428                init_Clk_Nvinc
 .text.config_CTAR
                0x00001528      0x2c4 ./source/SPI_DRV.o
                0x00001528                config_CTAR
 .text.config_MCR
                0x000017ec       0xcc ./source/SPI_DRV.o
                0x000017ec                config_MCR
 .text.IRQs_Handler
                0x000018b8       0x20 ./source/gpio.o
                0x000018b8                IRQs_Handler
 .text.Search_ISF
                0x000018d8      0x148 ./source/gpio.o
                0x000018d8                Search_ISF
 .text.PORTA_IRQHandler
                0x00001a20       0x44 ./source/gpio.o
                0x00001a20                PORTA_IRQHandler
 .text.PORTB_IRQHandler
                0x00001a64       0x48 ./source/gpio.o
                0x00001a64                PORTB_IRQHandler
 .text.PORTC_IRQHandler
                0x00001aac       0x48 ./source/gpio.o
                0x00001aac                PORTC_IRQHandler
 .text.PORTD_IRQHandler
                0x00001af4       0x48 ./source/gpio.o
                0x00001af4                PORTD_IRQHandler
 .text.PORTE_IRQHandler
                0x00001b3c       0x48 ./source/gpio.o
                0x00001b3c                PORTE_IRQHandler
 .text.hw_Init  0x00001b84      0x10c ./SDK/startup/hardware.o
                0x00001b84                hw_Init
 .text.hw_EnableInterrupts
                0x00001c90       0x30 ./SDK/startup/hardware.o
                0x00001c90                hw_EnableInterrupts
 .text.hw_DisableInterrupts
                0x00001cc0       0x20 ./SDK/startup/hardware.o
                0x00001cc0                hw_DisableInterrupts
 .text.SystemInit
                0x00001ce0       0x3c ./SDK/CMSIS/system_MK64F12.o
                0x00001ce0                SystemInit
 .text.sprintf  0x00001d1c       0x6c c:/nxp/mcuxpressoide_10.2.0_759/ide/tools/bin/../lib/gcc/arm-none-eabi/7.2.1/../../../../arm-none-eabi/lib/thumb/v7e-m/fpv4-sp/hard\libcr_c.a(fpprintf.o)
                0x00001d1c                sprintf
 .text.vsnprintf
                0x00001d88       0x5c c:/nxp/mcuxpressoide_10.2.0_759/ide/tools/bin/../lib/gcc/arm-none-eabi/7.2.1/../../../../arm-none-eabi/lib/thumb/v7e-m/fpv4-sp/hard\libcr_c.a(fpprintf.o)
                0x00001d88                vsnprintf
 .text.printf   0x00001de4       0x54 c:/nxp/mcuxpressoide_10.2.0_759/ide/tools/bin/../lib/gcc/arm-none-eabi/7.2.1/../../../../arm-none-eabi/lib/thumb/v7e-m/fpv4-sp/hard\libcr_c.a(fpprintf.o)
                0x00001de4                printf
 .text.__vfprintf
                0x00001e38      0xb98 c:/nxp/mcuxpressoide_10.2.0_759/ide/tools/bin/../lib/gcc/arm-none-eabi/7.2.1/../../../../arm-none-eabi/lib/thumb/v7e-m/fpv4-sp/hard\libcr_c.a(printf.o)
                0x00001e38                __vfprintf
 .text._Cwritebuf
                0x000029d0       0x6c c:/nxp/mcuxpressoide_10.2.0_759/ide/tools/bin/../lib/gcc/arm-none-eabi/7.2.1/../../../../arm-none-eabi/lib/thumb/v7e-m/fpv4-sp/hard\libcr_c.a(_writebuf.o)
                0x000029d0                _Cwritebuf
 .text.malloc   0x00002a3c       0xc8 c:/nxp/mcuxpressoide_10.2.0_759/ide/tools/bin/../lib/gcc/arm-none-eabi/7.2.1/../../../../arm-none-eabi/lib/thumb/v7e-m/fpv4-sp/hard\libcr_c.a(alloc.o)
                0x00002a3c                malloc
 .text._Csys_alloc
                0x00002b04       0x20 c:/nxp/mcuxpressoide_10.2.0_759/ide/tools/bin/../lib/gcc/arm-none-eabi/7.2.1/../../../../arm-none-eabi/lib/thumb/v7e-m/fpv4-sp/hard\libcr_c.a(alloc.o)
                0x00002b04                _Csys_alloc
 .text.fseek    0x00002b24      0x100 c:/nxp/mcuxpressoide_10.2.0_759/ide/tools/bin/../lib/gcc/arm-none-eabi/7.2.1/../../../../arm-none-eabi/lib/thumb/v7e-m/fpv4-sp/hard\libcr_c.a(fseek.o)
                0x00002b24                fseek
 .text.ftell    0x00002c24       0x44 c:/nxp/mcuxpressoide_10.2.0_759/ide/tools/bin/../lib/gcc/arm-none-eabi/7.2.1/../../../../arm-none-eabi/lib/thumb/v7e-m/fpv4-sp/hard\libcr_c.a(ftell.o)
                0x00002c24                ftell
 .text._sbrk    0x00002c68       0x3c c:/nxp/mcuxpressoide_10.2.0_759/ide/tools/bin/../lib/gcc/arm-none-eabi/7.2.1/../../../../arm-none-eabi/lib/thumb/v7e-m/fpv4-sp/hard\libcr_c.a(_cr_sbrk.o)
                0x00002c68                _sbrk
 .text.__check_heap_overflow
                0x00002ca4       0x18 c:/nxp/mcuxpressoide_10.2.0_759/ide/tools/bin/../lib/gcc/arm-none-eabi/7.2.1/../../../../arm-none-eabi/lib/thumb/v7e-m/fpv4-sp/hard\libcr_c.a(_cr_check_heap.o)
                0x00002ca4                __check_heap_overflow
 .text.__aeabi_dmul
                0x00002cbc      0x11c c:/nxp/mcuxpressoide_10.2.0_759/ide/tools/bin/../lib/gcc/arm-none-eabi/7.2.1/thumb/v7e-m/fpv4-sp/hard\libcr_eabihelpers.a(double.o)
                0x00002cbc                __aeabi_dmul
 .text.__aeabi_ddiv
                0x00002dd8      0x138 c:/nxp/mcuxpressoide_10.2.0_759/ide/tools/bin/../lib/gcc/arm-none-eabi/7.2.1/thumb/v7e-m/fpv4-sp/hard\libcr_eabihelpers.a(double.o)
                0x00002dd8                __aeabi_ddiv
 .text.__aeabi_dsub
                0x00002f10      0x1b4 c:/nxp/mcuxpressoide_10.2.0_759/ide/tools/bin/../lib/gcc/arm-none-eabi/7.2.1/thumb/v7e-m/fpv4-sp/hard\libcr_eabihelpers.a(double.o)
                0x00002f10                __aeabi_dsub
 .text.__aeabi_dadd
                0x000030c4      0x10c c:/nxp/mcuxpressoide_10.2.0_759/ide/tools/bin/../lib/gcc/arm-none-eabi/7.2.1/thumb/v7e-m/fpv4-sp/hard\libcr_eabihelpers.a(double.o)
                0x000030c4                __aeabi_dadd
 .text.__sys_appexit
                0x000031d0        0xc c:/nxp/mcuxpressoide_10.2.0_759/ide/tools/bin/../lib/gcc/arm-none-eabi/7.2.1/../../../../arm-none-eabi/lib/thumb/v7e-m/fpv4-sp/hard\libcr_semihost_nf.a(__sys_appexit.o)
                0x000031d0                __sys_appexit
                0x000031d0                __exit
 .text.test     0x000031dc       0x22 ./source/DRV_MCP25625.o
                0x000031dc                test
 .text.CheckRx  0x000031fe       0x2e ./source/DRV_MCP25625.o
                0x000031fe                CheckRx
 .text.main     0x0000322c       0x1a ./SDK/startup/main.o
                0x0000322c                main
 .text.HardFault_Handler
                0x00003246       0x2c ./SDK/startup/semihost_hardfault.o
                0x00003246                HardFault_Handler
 .text.DMA0_IRQHandler
                0x00003272        0x8 ./SDK/startup/startup_mk64f12.o
                0x00003272                DMA0_IRQHandler
 .text.DMA1_IRQHandler
                0x0000327a        0x8 ./SDK/startup/startup_mk64f12.o
                0x0000327a                DMA1_IRQHandler
 .text.DMA2_IRQHandler
                0x00003282        0x8 ./SDK/startup/startup_mk64f12.o
                0x00003282                DMA2_IRQHandler
 .text.DMA3_IRQHandler
                0x0000328a        0x8 ./SDK/startup/startup_mk64f12.o
                0x0000328a                DMA3_IRQHandler
 .text.DMA4_IRQHandler
                0x00003292        0x8 ./SDK/startup/startup_mk64f12.o
                0x00003292                DMA4_IRQHandler
 .text.DMA5_IRQHandler
                0x0000329a        0x8 ./SDK/startup/startup_mk64f12.o
                0x0000329a                DMA5_IRQHandler
 .text.DMA6_IRQHandler
                0x000032a2        0x8 ./SDK/startup/startup_mk64f12.o
                0x000032a2                DMA6_IRQHandler
 .text.DMA7_IRQHandler
                0x000032aa        0x8 ./SDK/startup/startup_mk64f12.o
                0x000032aa                DMA7_IRQHandler
 .text.DMA8_IRQHandler
                0x000032b2        0x8 ./SDK/startup/startup_mk64f12.o
                0x000032b2                DMA8_IRQHandler
 .text.DMA9_IRQHandler
                0x000032ba        0x8 ./SDK/startup/startup_mk64f12.o
                0x000032ba                DMA9_IRQHandler
 .text.DMA10_IRQHandler
                0x000032c2        0x8 ./SDK/startup/startup_mk64f12.o
                0x000032c2                DMA10_IRQHandler
 .text.DMA11_IRQHandler
                0x000032ca        0x8 ./SDK/startup/startup_mk64f12.o
                0x000032ca                DMA11_IRQHandler
 .text.DMA12_IRQHandler
                0x000032d2        0x8 ./SDK/startup/startup_mk64f12.o
                0x000032d2                DMA12_IRQHandler
 .text.DMA13_IRQHandler
                0x000032da        0x8 ./SDK/startup/startup_mk64f12.o
                0x000032da                DMA13_IRQHandler
 .text.DMA14_IRQHandler
                0x000032e2        0x8 ./SDK/startup/startup_mk64f12.o
                0x000032e2                DMA14_IRQHandler
 .text.DMA15_IRQHandler
                0x000032ea        0x8 ./SDK/startup/startup_mk64f12.o
                0x000032ea                DMA15_IRQHandler
 .text.DMA_Error_IRQHandler
                0x000032f2        0x8 ./SDK/startup/startup_mk64f12.o
                0x000032f2                DMA_Error_IRQHandler
 .text.MCM_IRQHandler
                0x000032fa        0x8 ./SDK/startup/startup_mk64f12.o
                0x000032fa                MCM_IRQHandler
 .text.FTFE_IRQHandler
                0x00003302        0x8 ./SDK/startup/startup_mk64f12.o
                0x00003302                FTFE_IRQHandler
 .text.Read_Collision_IRQHandler
                0x0000330a        0x8 ./SDK/startup/startup_mk64f12.o
                0x0000330a                Read_Collision_IRQHandler
 .text.LVD_LVW_IRQHandler
                0x00003312        0x8 ./SDK/startup/startup_mk64f12.o
                0x00003312                LVD_LVW_IRQHandler
 .text.LLWU_IRQHandler
                0x0000331a        0x8 ./SDK/startup/startup_mk64f12.o
                0x0000331a                LLWU_IRQHandler
 .text.WDOG_EWM_IRQHandler
                0x00003322        0x8 ./SDK/startup/startup_mk64f12.o
                0x00003322                WDOG_EWM_IRQHandler
 .text.RNG_IRQHandler
                0x0000332a        0x8 ./SDK/startup/startup_mk64f12.o
                0x0000332a                RNG_IRQHandler
 .text.I2C0_IRQHandler
                0x00003332        0x8 ./SDK/startup/startup_mk64f12.o
                0x00003332                I2C0_IRQHandler
 .text.I2C1_IRQHandler
                0x0000333a        0x8 ./SDK/startup/startup_mk64f12.o
                0x0000333a                I2C1_IRQHandler
 .text.SPI0_IRQHandler
                0x00003342        0x8 ./SDK/startup/startup_mk64f12.o
                0x00003342                SPI0_IRQHandler
 .text.SPI1_IRQHandler
                0x0000334a        0x8 ./SDK/startup/startup_mk64f12.o
                0x0000334a                SPI1_IRQHandler
 .text.I2S0_Tx_IRQHandler
                0x00003352        0x8 ./SDK/startup/startup_mk64f12.o
                0x00003352                I2S0_Tx_IRQHandler
 .text.I2S0_Rx_IRQHandler
                0x0000335a        0x8 ./SDK/startup/startup_mk64f12.o
                0x0000335a                I2S0_Rx_IRQHandler
 .text.UART0_LON_IRQHandler
                0x00003362        0x8 ./SDK/startup/startup_mk64f12.o
                0x00003362                UART0_LON_IRQHandler
 .text.UART0_RX_TX_IRQHandler
                0x0000336a        0x8 ./SDK/startup/startup_mk64f12.o
                0x0000336a                UART0_RX_TX_IRQHandler
 .text.UART0_ERR_IRQHandler
                0x00003372        0x8 ./SDK/startup/startup_mk64f12.o
                0x00003372                UART0_ERR_IRQHandler
 .text.UART1_RX_TX_IRQHandler
                0x0000337a        0x8 ./SDK/startup/startup_mk64f12.o
                0x0000337a                UART1_RX_TX_IRQHandler
 .text.UART1_ERR_IRQHandler
                0x00003382        0x8 ./SDK/startup/startup_mk64f12.o
                0x00003382                UART1_ERR_IRQHandler
 .text.UART2_RX_TX_IRQHandler
                0x0000338a        0x8 ./SDK/startup/startup_mk64f12.o
                0x0000338a                UART2_RX_TX_IRQHandler
 .text.UART2_ERR_IRQHandler
                0x00003392        0x8 ./SDK/startup/startup_mk64f12.o
                0x00003392                UART2_ERR_IRQHandler
 .text.UART3_RX_TX_IRQHandler
                0x0000339a        0x8 ./SDK/startup/startup_mk64f12.o
                0x0000339a                UART3_RX_TX_IRQHandler
 .text.UART3_ERR_IRQHandler
                0x000033a2        0x8 ./SDK/startup/startup_mk64f12.o
                0x000033a2                UART3_ERR_IRQHandler
 .text.ADC0_IRQHandler
                0x000033aa        0x8 ./SDK/startup/startup_mk64f12.o
                0x000033aa                ADC0_IRQHandler
 .text.CMP0_IRQHandler
                0x000033b2        0x8 ./SDK/startup/startup_mk64f12.o
                0x000033b2                CMP0_IRQHandler
 .text.CMP1_IRQHandler
                0x000033ba        0x8 ./SDK/startup/startup_mk64f12.o
                0x000033ba                CMP1_IRQHandler
 .text.FTM0_IRQHandler
                0x000033c2        0x8 ./SDK/startup/startup_mk64f12.o
                0x000033c2                FTM0_IRQHandler
 .text.FTM1_IRQHandler
                0x000033ca        0x8 ./SDK/startup/startup_mk64f12.o
                0x000033ca                FTM1_IRQHandler
 .text.FTM2_IRQHandler
                0x000033d2        0x8 ./SDK/startup/startup_mk64f12.o
                0x000033d2                FTM2_IRQHandler
 .text.CMT_IRQHandler
                0x000033da        0x8 ./SDK/startup/startup_mk64f12.o
                0x000033da                CMT_IRQHandler
 .text.RTC_IRQHandler
                0x000033e2        0x8 ./SDK/startup/startup_mk64f12.o
                0x000033e2                RTC_IRQHandler
 .text.RTC_Seconds_IRQHandler
                0x000033ea        0x8 ./SDK/startup/startup_mk64f12.o
                0x000033ea                RTC_Seconds_IRQHandler
 .text.PIT0_IRQHandler
                0x000033f2        0x8 ./SDK/startup/startup_mk64f12.o
                0x000033f2                PIT0_IRQHandler
 .text.PIT1_IRQHandler
                0x000033fa        0x8 ./SDK/startup/startup_mk64f12.o
                0x000033fa                PIT1_IRQHandler
 .text.PIT2_IRQHandler
                0x00003402        0x8 ./SDK/startup/startup_mk64f12.o
                0x00003402                PIT2_IRQHandler
 .text.PIT3_IRQHandler
                0x0000340a        0x8 ./SDK/startup/startup_mk64f12.o
                0x0000340a                PIT3_IRQHandler
 .text.PDB0_IRQHandler
                0x00003412        0x8 ./SDK/startup/startup_mk64f12.o
                0x00003412                PDB0_IRQHandler
 .text.USB0_IRQHandler
                0x0000341a        0x8 ./SDK/startup/startup_mk64f12.o
                0x0000341a                USB0_IRQHandler
 .text.USBDCD_IRQHandler
                0x00003422        0x8 ./SDK/startup/startup_mk64f12.o
                0x00003422                USBDCD_IRQHandler
 .text.Reserved71_IRQHandler
                0x0000342a        0x8 ./SDK/startup/startup_mk64f12.o
                0x0000342a                Reserved71_IRQHandler
 .text.DAC0_IRQHandler
                0x00003432        0x8 ./SDK/startup/startup_mk64f12.o
                0x00003432                DAC0_IRQHandler
 .text.MCG_IRQHandler
                0x0000343a        0x8 ./SDK/startup/startup_mk64f12.o
                0x0000343a                MCG_IRQHandler
 .text.LPTMR0_IRQHandler
                0x00003442        0x8 ./SDK/startup/startup_mk64f12.o
                0x00003442                LPTMR0_IRQHandler
 .text.SWI_IRQHandler
                0x0000344a        0x8 ./SDK/startup/startup_mk64f12.o
                0x0000344a                SWI_IRQHandler
 .text.SPI2_IRQHandler
                0x00003452        0x8 ./SDK/startup/startup_mk64f12.o
                0x00003452                SPI2_IRQHandler
 .text.UART4_RX_TX_IRQHandler
                0x0000345a        0x8 ./SDK/startup/startup_mk64f12.o
                0x0000345a                UART4_RX_TX_IRQHandler
 .text.UART4_ERR_IRQHandler
                0x00003462        0x8 ./SDK/startup/startup_mk64f12.o
                0x00003462                UART4_ERR_IRQHandler
 .text.UART5_RX_TX_IRQHandler
                0x0000346a        0x8 ./SDK/startup/startup_mk64f12.o
                0x0000346a                UART5_RX_TX_IRQHandler
 .text.UART5_ERR_IRQHandler
                0x00003472        0x8 ./SDK/startup/startup_mk64f12.o
                0x00003472                UART5_ERR_IRQHandler
 .text.CMP2_IRQHandler
                0x0000347a        0x8 ./SDK/startup/startup_mk64f12.o
                0x0000347a                CMP2_IRQHandler
 .text.FTM3_IRQHandler
                0x00003482        0x8 ./SDK/startup/startup_mk64f12.o
                0x00003482                FTM3_IRQHandler
 .text.DAC1_IRQHandler
                0x0000348a        0x8 ./SDK/startup/startup_mk64f12.o
                0x0000348a                DAC1_IRQHandler
 .text.ADC1_IRQHandler
                0x00003492        0x8 ./SDK/startup/startup_mk64f12.o
                0x00003492                ADC1_IRQHandler
 .text.I2C2_IRQHandler
                0x0000349a        0x8 ./SDK/startup/startup_mk64f12.o
                0x0000349a                I2C2_IRQHandler
 .text.CAN0_ORed_Message_buffer_IRQHandler
                0x000034a2        0x8 ./SDK/startup/startup_mk64f12.o
                0x000034a2                CAN0_ORed_Message_buffer_IRQHandler
 .text.CAN0_Bus_Off_IRQHandler
                0x000034aa        0x8 ./SDK/startup/startup_mk64f12.o
                0x000034aa                CAN0_Bus_Off_IRQHandler
 .text.CAN0_Error_IRQHandler
                0x000034b2        0x8 ./SDK/startup/startup_mk64f12.o
                0x000034b2                CAN0_Error_IRQHandler
 .text.CAN0_Tx_Warning_IRQHandler
                0x000034ba        0x8 ./SDK/startup/startup_mk64f12.o
                0x000034ba                CAN0_Tx_Warning_IRQHandler
 .text.CAN0_Rx_Warning_IRQHandler
                0x000034c2        0x8 ./SDK/startup/startup_mk64f12.o
                0x000034c2                CAN0_Rx_Warning_IRQHandler
 .text.CAN0_Wake_Up_IRQHandler
                0x000034ca        0x8 ./SDK/startup/startup_mk64f12.o
                0x000034ca                CAN0_Wake_Up_IRQHandler
 .text.SDHC_IRQHandler
                0x000034d2        0x8 ./SDK/startup/startup_mk64f12.o
                0x000034d2                SDHC_IRQHandler
 .text.ENET_1588_Timer_IRQHandler
                0x000034da        0x8 ./SDK/startup/startup_mk64f12.o
                0x000034da                ENET_1588_Timer_IRQHandler
 .text.ENET_Transmit_IRQHandler
                0x000034e2        0x8 ./SDK/startup/startup_mk64f12.o
                0x000034e2                ENET_Transmit_IRQHandler
 .text.ENET_Receive_IRQHandler
                0x000034ea        0x8 ./SDK/startup/startup_mk64f12.o
                0x000034ea                ENET_Receive_IRQHandler
 .text.ENET_Error_IRQHandler
                0x000034f2        0x8 ./SDK/startup/startup_mk64f12.o
                0x000034f2                ENET_Error_IRQHandler
 .text.SystemInitHook
                0x000034fa        0xe ./SDK/CMSIS/system_MK64F12.o
                0x000034fa                SystemInitHook
 .text.fp_round
                0x00003508       0x4e c:/nxp/mcuxpressoide_10.2.0_759/ide/tools/bin/../lib/gcc/arm-none-eabi/7.2.1/../../../../arm-none-eabi/lib/thumb/v7e-m/fpv4-sp/hard\libcr_c.a(fpprintf.o)
 .text.pr_dec.constprop.1
                0x00003556       0x26 c:/nxp/mcuxpressoide_10.2.0_759/ide/tools/bin/../lib/gcc/arm-none-eabi/7.2.1/../../../../arm-none-eabi/lib/thumb/v7e-m/fpv4-sp/hard\libcr_c.a(fpprintf.o)
 .text.strlen   0x0000357c       0x4a c:/nxp/mcuxpressoide_10.2.0_759/ide/tools/bin/../lib/gcc/arm-none-eabi/7.2.1/../../../../arm-none-eabi/lib/thumb/v7e-m/fpv4-sp/hard\libcr_c.a(strlen.o)
                0x0000357c                strlen
 .text.memset   0x000035c6        0x4 c:/nxp/mcuxpressoide_10.2.0_759/ide/tools/bin/../lib/gcc/arm-none-eabi/7.2.1/../../../../arm-none-eabi/lib/thumb/v7e-m/fpv4-sp/hard\libcr_c.a(memset.o)
                0x000035c6                memset
 .text._deferredlazyseek
                0x000035ca       0x40 c:/nxp/mcuxpressoide_10.2.0_759/ide/tools/bin/../lib/gcc/arm-none-eabi/7.2.1/../../../../arm-none-eabi/lib/thumb/v7e-m/fpv4-sp/hard\libcr_c.a(_deferredlazyseek.o)
                0x000035ca                _deferredlazyseek
 .text.__flsbuf
                0x0000360a      0x140 c:/nxp/mcuxpressoide_10.2.0_759/ide/tools/bin/../lib/gcc/arm-none-eabi/7.2.1/../../../../arm-none-eabi/lib/thumb/v7e-m/fpv4-sp/hard\libcr_c.a(_deferredlazyseek.o)
                0x0000360a                __flsbuf
 .text._fflush  0x0000374a       0x52 c:/nxp/mcuxpressoide_10.2.0_759/ide/tools/bin/../lib/gcc/arm-none-eabi/7.2.1/../../../../arm-none-eabi/lib/thumb/v7e-m/fpv4-sp/hard\libcr_c.a(_fflush.o)
                0x0000374a                _fflush
 .text.free     0x0000379c       0x30 c:/nxp/mcuxpressoide_10.2.0_759/ide/tools/bin/../lib/gcc/arm-none-eabi/7.2.1/../../../../arm-none-eabi/lib/thumb/v7e-m/fpv4-sp/hard\libcr_c.a(alloc.o)
                0x0000379c                free
 .text.__aeabi_d2iz
                0x000037cc       0x40 c:/nxp/mcuxpressoide_10.2.0_759/ide/tools/bin/../lib/gcc/arm-none-eabi/7.2.1/thumb/v7e-m/fpv4-sp/hard\libcr_eabihelpers.a(double.o)
                0x000037cc                __aeabi_d2iz
 .text.__bhs_ui2d
                0x0000380c       0x46 c:/nxp/mcuxpressoide_10.2.0_759/ide/tools/bin/../lib/gcc/arm-none-eabi/7.2.1/thumb/v7e-m/fpv4-sp/hard\libcr_eabihelpers.a(double.o)
                0x0000380c                __bhs_ui2d
 .text.__aeabi_i2d
                0x00003852       0x12 c:/nxp/mcuxpressoide_10.2.0_759/ide/tools/bin/../lib/gcc/arm-none-eabi/7.2.1/thumb/v7e-m/fpv4-sp/hard\libcr_eabihelpers.a(double.o)
                0x00003852                __aeabi_i2d
 .text.__aeabi_dcmpeq
                0x00003864       0x30 c:/nxp/mcuxpressoide_10.2.0_759/ide/tools/bin/../lib/gcc/arm-none-eabi/7.2.1/thumb/v7e-m/fpv4-sp/hard\libcr_eabihelpers.a(double.o)
                0x00003864                __aeabi_dcmpeq
 .text.__aeabi_dcmplt
                0x00003894       0x58 c:/nxp/mcuxpressoide_10.2.0_759/ide/tools/bin/../lib/gcc/arm-none-eabi/7.2.1/thumb/v7e-m/fpv4-sp/hard\libcr_eabihelpers.a(double.o)
                0x00003894                __aeabi_dcmplt
 .text.__aeabi_dcmple
                0x000038ec       0x5a c:/nxp/mcuxpressoide_10.2.0_759/ide/tools/bin/../lib/gcc/arm-none-eabi/7.2.1/thumb/v7e-m/fpv4-sp/hard\libcr_eabihelpers.a(double.o)
                0x000038ec                __aeabi_dcmple
 .text.__aeabi_dcmpge
                0x00003946       0x58 c:/nxp/mcuxpressoide_10.2.0_759/ide/tools/bin/../lib/gcc/arm-none-eabi/7.2.1/thumb/v7e-m/fpv4-sp/hard\libcr_eabihelpers.a(double.o)
                0x00003946                __aeabi_dcmpge
 .text.__aeabi_memset_lowlevel
                0x0000399e       0x32 c:/nxp/mcuxpressoide_10.2.0_759/ide/tools/bin/../lib/gcc/arm-none-eabi/7.2.1/thumb/v7e-m/fpv4-sp/hard\libcr_eabihelpers.a(memcpy.o)
                0x0000399e                __aeabi_lowlevel_memset
 .text.__sys_flen
                0x000039d0        0xc c:/nxp/mcuxpressoide_10.2.0_759/ide/tools/bin/../lib/gcc/arm-none-eabi/7.2.1/../../../../arm-none-eabi/lib/thumb/v7e-m/fpv4-sp/hard\libcr_semihost_nf.a(__sys_flen.o)
                0x000039d0                __sys_flen
 .text.__sys_istty
                0x000039dc        0xc c:/nxp/mcuxpressoide_10.2.0_759/ide/tools/bin/../lib/gcc/arm-none-eabi/7.2.1/../../../../arm-none-eabi/lib/thumb/v7e-m/fpv4-sp/hard\libcr_semihost_nf.a(__sys_istty.o)
                0x000039dc                __sys_istty
 .text.__sys_seek
                0x000039e8        0xc c:/nxp/mcuxpressoide_10.2.0_759/ide/tools/bin/../lib/gcc/arm-none-eabi/7.2.1/../../../../arm-none-eabi/lib/thumb/v7e-m/fpv4-sp/hard\libcr_semihost_nf.a(__sys_seek.o)
                0x000039e8                __sys_seek
 .text.__sys_write
                0x000039f4        0xc c:/nxp/mcuxpressoide_10.2.0_759/ide/tools/bin/../lib/gcc/arm-none-eabi/7.2.1/../../../../arm-none-eabi/lib/thumb/v7e-m/fpv4-sp/hard\libcr_semihost_nf.a(__sys_write.o)
                0x000039f4                __sys_write
 *(SORT_BY_ALIGNMENT(.rodata) SORT_BY_ALIGNMENT(.rodata.*) SORT_BY_ALIGNMENT(.constdata) SORT_BY_ALIGNMENT(.constdata.*))
 .rodata.__huge_vall
                0x00003a00        0x8 c:/nxp/mcuxpressoide_10.2.0_759/ide/tools/bin/../lib/gcc/arm-none-eabi/7.2.1/../../../../arm-none-eabi/lib/thumb/v7e-m/fpv4-sp/hard\libcr_c.a(_hugeval.o)
                0x00003a00                __huge_vall
 .rodata        0x00003a08        0x4 ./source/App.o
 .rodata.fp_display.str1.1
                0x00003a0c       0x34 c:/nxp/mcuxpressoide_10.2.0_759/ide/tools/bin/../lib/gcc/arm-none-eabi/7.2.1/../../../../arm-none-eabi/lib/thumb/v7e-m/fpv4-sp/hard\libcr_c.a(fpprintf.o)
                                 0x35 (size before relaxing)
 .rodata.__vfprintf.str1.1
                0x00003a40       0x31 c:/nxp/mcuxpressoide_10.2.0_759/ide/tools/bin/../lib/gcc/arm-none-eabi/7.2.1/../../../../arm-none-eabi/lib/thumb/v7e-m/fpv4-sp/hard\libcr_c.a(printf.o)
                                 0x38 (size before relaxing)
 .rodata._Csys_alloc.str1.1
                0x00003a71       0x18 c:/nxp/mcuxpressoide_10.2.0_759/ide/tools/bin/../lib/gcc/arm-none-eabi/7.2.1/../../../../arm-none-eabi/lib/thumb/v7e-m/fpv4-sp/hard\libcr_c.a(alloc.o)
                0x00003a90                . = ALIGN (0x8)
 *fill*         0x00003a89        0x7 ff

.glue_7         0x00003a90        0x0
 .glue_7        0x00003a90        0x0 linker stubs

.glue_7t        0x00003a90        0x0
 .glue_7t       0x00003a90        0x0 linker stubs

.vfp11_veneer   0x00003a90        0x0
 .vfp11_veneer  0x00003a90        0x0 linker stubs

.v4_bx          0x00003a90        0x0
 .v4_bx         0x00003a90        0x0 linker stubs

.iplt           0x00003a90        0x0
 .iplt          0x00003a90        0x0 ./source/App.o

.rel.dyn        0x00003a90        0x0
 .rel.iplt      0x00003a90        0x0 ./source/App.o

.ARM.extab
 *(SORT_BY_ALIGNMENT(.ARM.extab*) SORT_BY_ALIGNMENT(.gnu.linkonce.armextab.*))
                0x00003a90                __exidx_start = .

.ARM.exidx
 *(SORT_BY_ALIGNMENT(.ARM.exidx*) SORT_BY_ALIGNMENT(.gnu.linkonce.armexidx.*))
                0x00003a90                __exidx_end = .
                0x00003a90                _etext = .

.m_usb_data
 *(SORT_BY_ALIGNMENT(m_usb_bdt))

.data_RAM2      0x1fff0000        0x0 load address 0x00003a90
 FILL mask 0xff
                [!provide]                PROVIDE (__start_data_RAM2, .)
 *(SORT_BY_ALIGNMENT(.ramfunc.$RAM2))
 *(SORT_BY_ALIGNMENT(.ramfunc.$SRAM_LOWER))
 *(SORT_BY_ALIGNMENT(.data.$RAM2*))
 *(SORT_BY_ALIGNMENT(.data.$SRAM_LOWER*))
                0x1fff0000                . = ALIGN (0x8)
                [!provide]                PROVIDE (__end_data_RAM2, .)

.data_RAM3      0x14000000        0x0 load address 0x00003a90
 FILL mask 0xff
                [!provide]                PROVIDE (__start_data_RAM3, .)
 *(SORT_BY_ALIGNMENT(.ramfunc.$RAM3))
 *(SORT_BY_ALIGNMENT(.ramfunc.$FLEX_RAM))
 *(SORT_BY_ALIGNMENT(.data.$RAM3*))
 *(SORT_BY_ALIGNMENT(.data.$FLEX_RAM*))
                0x14000000                . = ALIGN (0x8)
                [!provide]                PROVIDE (__end_data_RAM3, .)

.uninit_RESERVED
                0x20000000        0x0
 *(SORT_BY_ALIGNMENT(.bss.$RESERVED*))
                0x20000000                . = ALIGN (0x4)
                0x20000000                _end_uninit_RESERVED = .

.data           0x20000000       0x10 load address 0x00003a90
 FILL mask 0xff
                0x20000000                _data = .
 *(SORT_BY_ALIGNMENT(vtable))
 *(SORT_BY_ALIGNMENT(.ramfunc*))
 *(SORT_BY_ALIGNMENT(.data*))
 .data.spi_pointer
                0x20000000        0xc ./source/SPI_DRV.o
                0x20000010                . = ALIGN (0x8)
 *fill*         0x2000000c        0x4 ff
                0x20000010                _edata = .

.igot.plt       0x20000010        0x0 load address 0x00003aa0
 .igot.plt      0x20000010        0x0 ./source/App.o

.bss_RAM2       0x1fff0000        0x0
                [!provide]                PROVIDE (__start_bss_RAM2, .)
 *(SORT_BY_ALIGNMENT(.bss.$RAM2*))
 *(SORT_BY_ALIGNMENT(.bss.$SRAM_LOWER*))
                0x1fff0000                . = ALIGN ((. != 0x0)?0x8:0x1)
                [!provide]                PROVIDE (__end_bss_RAM2, .)

.bss_RAM3       0x14000000        0x0
                [!provide]                PROVIDE (__start_bss_RAM3, .)
 *(SORT_BY_ALIGNMENT(.bss.$RAM3*))
 *(SORT_BY_ALIGNMENT(.bss.$FLEX_RAM*))
                0x14000000                . = ALIGN ((. != 0x0)?0x8:0x1)
                [!provide]                PROVIDE (__end_bss_RAM3, .)

.bss            0x20000010      0x370
                0x20000010                _bss = .
 *(SORT_BY_ALIGNMENT(.bss*))
 .bss.Spi       0x20000010        0xb ./source/App.o
                0x20000010                Spi
 *fill*         0x2000001b        0x1 
 .bss.i.7904    0x2000001c        0x4 ./source/App.o
 .bss.SpiMCP    0x20000020        0xb ./source/DRV_MCP25625.o
                0x20000020                SpiMCP
 *fill*         0x2000002b        0x1 
 .bss.array     0x2000002c       0x10 ./source/DRV_MCP25625.o
 .bss.CALLBACKS
                0x2000003c      0x280 ./source/gpio.o
 .bss.__LDM_interruptDisableCount
                0x200002bc        0x4 ./SDK/startup/hardware.o
 .bss.errno     0x200002c0        0x4 c:/nxp/mcuxpressoide_10.2.0_759/ide/tools/bin/../lib/gcc/arm-none-eabi/7.2.1/../../../../arm-none-eabi/lib/thumb/v7e-m/fpv4-sp/hard\libcr_c.a(errno.o)
                0x200002c0                errno
 .bss.__end_of_heap
                0x200002c4        0x4 c:/nxp/mcuxpressoide_10.2.0_759/ide/tools/bin/../lib/gcc/arm-none-eabi/7.2.1/../../../../arm-none-eabi/lib/thumb/v7e-m/fpv4-sp/hard\libcr_c.a(__init_alloc.o)
                0x200002c4                __end_of_heap
 .bss.__heaps   0x200002c8        0x4 c:/nxp/mcuxpressoide_10.2.0_759/ide/tools/bin/../lib/gcc/arm-none-eabi/7.2.1/../../../../arm-none-eabi/lib/thumb/v7e-m/fpv4-sp/hard\libcr_c.a(__init_alloc.o)
                0x200002c8                __heaps
 .bss.__Ciob    0x200002cc       0xb4 c:/nxp/mcuxpressoide_10.2.0_759/ide/tools/bin/../lib/gcc/arm-none-eabi/7.2.1/../../../../arm-none-eabi/lib/thumb/v7e-m/fpv4-sp/hard\libcr_semihost_nf.a(__ciob.o)
                0x200002cc                __Ciob
 *(SORT_BY_ALIGNMENT(COMMON))
                0x20000380                . = ALIGN (0x8)
                0x20000380                _ebss = .
                [!provide]                PROVIDE (end, .)

.noinit_RAM2    0x1fff0000        0x0
 *(SORT_BY_ALIGNMENT(.noinit.$RAM2*))
 *(SORT_BY_ALIGNMENT(.noinit.$SRAM_LOWER*))
                0x1fff0000                . = ALIGN (0x8)

.noinit_RAM3    0x14000000        0x0
 *(SORT_BY_ALIGNMENT(.noinit.$RAM3*))
 *(SORT_BY_ALIGNMENT(.noinit.$FLEX_RAM*))
                0x14000000                . = ALIGN (0x8)

.noinit         0x20000380        0x0
                0x20000380                _noinit = .
 *(SORT_BY_ALIGNMENT(.noinit*))
                0x20000380                . = ALIGN (0x8)
                0x20000380                _end_noinit = .
                0x00001000                _HeapSize = 0x1000

.heap           0x20000380     0x1000
                0x20000380                _pvHeapStart = .
                0x20001380                . = (. + _HeapSize)
 *fill*         0x20000380     0x1000 
                0x20001380                . = ALIGN (0x8)
                0x20001380                _pvHeapLimit = .
                0x00001000                _StackSize = 0x1000

.heap2stackfill
                0x20001380     0x1000
                0x20002380                . = (. + _StackSize)
 *fill*         0x20001380     0x1000 

.stack          0x2002f000        0x0
                0x2002f000                _vStackBase = .
                0x2002f000                . = ALIGN (0x8)
                0x20030000                _vStackTop = (. + _StackSize)
                0x00000000                _image_start = LOADADDR (.text)
                0x00003aa0                _image_end = (LOADADDR (.data) + SIZEOF (.data))
                0x00003aa0                _image_size = (_image_end - _image_start)
OUTPUT(SPI.axf elf32-littlearm)

.debug_info     0x00000000     0x45a2
 .debug_info    0x00000000      0xa6f ./source/App.o
 .debug_info    0x00000a6f      0x41c ./source/DRV_MCP25625.o
 .debug_info    0x00000e8b      0xb22 ./source/SPI_DRV.o
 .debug_info    0x000019ad     0x15e2 ./source/gpio.o
 .debug_info    0x00002f8f      0x675 ./SDK/startup/hardware.o
 .debug_info    0x00003604       0xb7 ./SDK/startup/main.o
 .debug_info    0x000036bb       0x3b ./SDK/startup/semihost_hardfault.o
 .debug_info    0x000036f6      0x8b0 ./SDK/startup/startup_mk64f12.o
 .debug_info    0x00003fa6      0x5fc ./SDK/CMSIS/system_MK64F12.o

.debug_abbrev   0x00000000      0xddf
 .debug_abbrev  0x00000000      0x255 ./source/App.o
 .debug_abbrev  0x00000255      0x17a ./source/DRV_MCP25625.o
 .debug_abbrev  0x000003cf      0x256 ./source/SPI_DRV.o
 .debug_abbrev  0x00000625      0x33b ./source/gpio.o
 .debug_abbrev  0x00000960      0x138 ./SDK/startup/hardware.o
 .debug_abbrev  0x00000a98       0x7d ./SDK/startup/main.o
 .debug_abbrev  0x00000b15       0x2f ./SDK/startup/semihost_hardfault.o
 .debug_abbrev  0x00000b44      0x15c ./SDK/startup/startup_mk64f12.o
 .debug_abbrev  0x00000ca0      0x13f ./SDK/CMSIS/system_MK64F12.o

.debug_aranges  0x00000000      0x580
 .debug_aranges
                0x00000000       0x30 ./source/App.o
 .debug_aranges
                0x00000030       0x78 ./source/DRV_MCP25625.o
 .debug_aranges
                0x000000a8       0x60 ./source/SPI_DRV.o
 .debug_aranges
                0x00000108       0xa8 ./source/gpio.o
 .debug_aranges
                0x000001b0       0x30 ./SDK/startup/hardware.o
 .debug_aranges
                0x000001e0       0x20 ./SDK/startup/main.o
 .debug_aranges
                0x00000200       0x20 ./SDK/startup/semihost_hardfault.o
 .debug_aranges
                0x00000220      0x330 ./SDK/startup/startup_mk64f12.o
 .debug_aranges
                0x00000550       0x30 ./SDK/CMSIS/system_MK64F12.o

.debug_ranges   0x00000000      0x4f0
 .debug_ranges  0x00000000       0x20 ./source/App.o
 .debug_ranges  0x00000020       0x68 ./source/DRV_MCP25625.o
 .debug_ranges  0x00000088       0x50 ./source/SPI_DRV.o
 .debug_ranges  0x000000d8       0x98 ./source/gpio.o
 .debug_ranges  0x00000170       0x20 ./SDK/startup/hardware.o
 .debug_ranges  0x00000190       0x10 ./SDK/startup/main.o
 .debug_ranges  0x000001a0       0x10 ./SDK/startup/semihost_hardfault.o
 .debug_ranges  0x000001b0      0x320 ./SDK/startup/startup_mk64f12.o
 .debug_ranges  0x000004d0       0x20 ./SDK/CMSIS/system_MK64F12.o

.debug_macro    0x00000000    0x2091e
 .debug_macro   0x00000000      0x22e ./source/App.o
 .debug_macro   0x0000022e      0xa60 ./source/App.o
 .debug_macro   0x00000c8e      0x34e ./source/App.o
 .debug_macro   0x00000fdc       0x22 ./source/App.o
 .debug_macro   0x00000ffe       0x5c ./source/App.o
 .debug_macro   0x0000105a       0x1c ./source/App.o
 .debug_macro   0x00001076       0x22 ./source/App.o
 .debug_macro   0x00001098       0xdf ./source/App.o
 .debug_macro   0x00001177      0xecf ./source/App.o
 .debug_macro   0x00002046       0x48 ./source/App.o
 .debug_macro   0x0000208e     0xe07b ./source/App.o
 .debug_macro   0x00010109       0x3a ./source/App.o
 .debug_macro   0x00010143       0x34 ./source/App.o
 .debug_macro   0x00010177       0x22 ./source/App.o
 .debug_macro   0x00010199       0x52 ./source/App.o
 .debug_macro   0x000101eb       0x17 ./source/App.o
 .debug_macro   0x00010202       0x8d ./source/App.o
 .debug_macro   0x0001028f       0x35 ./source/App.o
 .debug_macro   0x000102c4       0x9c ./source/App.o
 .debug_macro   0x00010360       0x16 ./source/App.o
 .debug_macro   0x00010376       0x57 ./source/App.o
 .debug_macro   0x000103cd       0x97 ./source/App.o
 .debug_macro   0x00010464      0x32a ./source/App.o
 .debug_macro   0x0001078e       0xfd ./source/App.o
 .debug_macro   0x0001088b       0x10 ./source/App.o
 .debug_macro   0x0001089b       0x58 ./source/App.o
 .debug_macro   0x000108f3       0x1f ./source/App.o
 .debug_macro   0x00010912       0x43 ./source/App.o
 .debug_macro   0x00010955       0x20 ./source/App.o
 .debug_macro   0x00010975      0x18e ./source/App.o
 .debug_macro   0x00010b03       0x10 ./source/App.o
 .debug_macro   0x00010b13       0x6a ./source/App.o
 .debug_macro   0x00010b7d       0x1c ./source/App.o
 .debug_macro   0x00010b99       0x52 ./source/App.o
 .debug_macro   0x00010beb       0x40 ./source/App.o
 .debug_macro   0x00010c2b       0x10 ./source/App.o
 .debug_macro   0x00010c3b       0x40 ./source/App.o
 .debug_macro   0x00010c7b       0xd7 ./source/App.o
 .debug_macro   0x00010d52       0x1c ./source/App.o
 .debug_macro   0x00010d6e       0x3d ./source/App.o
 .debug_macro   0x00010dab       0x16 ./source/App.o
 .debug_macro   0x00010dc1      0x16f ./source/App.o
 .debug_macro   0x00010f30      0x19c ./source/DRV_MCP25625.o
 .debug_macro   0x000110cc       0xb4 ./source/SPI_DRV.o
 .debug_macro   0x00011180      0x26e ./source/gpio.o
 .debug_macro   0x000113ee       0x10 ./source/gpio.o
 .debug_macro   0x000113fe     0x122b ./source/gpio.o
 .debug_macro   0x00012629       0x16 ./source/gpio.o
 .debug_macro   0x0001263f       0x9c ./SDK/startup/hardware.o
 .debug_macro   0x000126db       0x5c ./SDK/startup/hardware.o
 .debug_macro   0x00012737     0xe07b ./SDK/startup/hardware.o
 .debug_macro   0x000207b2       0x16 ./SDK/startup/hardware.o
 .debug_macro   0x000207c8       0x9c ./SDK/startup/main.o
 .debug_macro   0x00020864       0x11 ./SDK/startup/semihost_hardfault.o
 .debug_macro   0x00020875       0x29 ./SDK/startup/startup_mk64f12.o
 .debug_macro   0x0002089e       0x80 ./SDK/CMSIS/system_MK64F12.o

.debug_line     0x00000000     0x1af5
 .debug_line    0x00000000      0x3ce ./source/App.o
 .debug_line    0x000003ce      0x26c ./source/DRV_MCP25625.o
 .debug_line    0x0000063a      0x299 ./source/SPI_DRV.o
 .debug_line    0x000008d3      0x5e1 ./source/gpio.o
 .debug_line    0x00000eb4      0x1d4 ./SDK/startup/hardware.o
 .debug_line    0x00001088      0x175 ./SDK/startup/main.o
 .debug_line    0x000011fd       0x59 ./SDK/startup/semihost_hardfault.o
 .debug_line    0x00001256      0x6d8 ./SDK/startup/startup_mk64f12.o
 .debug_line    0x0000192e      0x1c7 ./SDK/CMSIS/system_MK64F12.o

.debug_str      0x00000000    0x7ce85
 .debug_str     0x00000000    0x74b0a ./source/App.o
                              0x74da9 (size before relaxing)
 .debug_str     0x00074b0a      0x38a ./source/DRV_MCP25625.o
                              0x7096e (size before relaxing)
 .debug_str     0x00074e94      0x757 ./source/SPI_DRV.o
                              0x70d6f (size before relaxing)
 .debug_str     0x000755eb     0x6ee7 ./source/gpio.o
                              0x7c164 (size before relaxing)
 .debug_str     0x0007c4d2      0x11b ./SDK/startup/hardware.o
                              0x7720c (size before relaxing)
 .debug_str     0x0007c5ed       0x1b ./SDK/startup/main.o
                              0x76fe0 (size before relaxing)
 .debug_str     0x0007c608       0x36 ./SDK/startup/semihost_hardfault.o
                               0x2d46 (size before relaxing)
 .debug_str     0x0007c63e      0x7e5 ./SDK/startup/startup_mk64f12.o
                               0x35b4 (size before relaxing)
 .debug_str     0x0007ce23       0x62 ./SDK/CMSIS/system_MK64F12.o
                              0x7711b (size before relaxing)

.comment        0x00000000       0x7e
 .comment       0x00000000       0x7e ./source/App.o
                                 0x7f (size before relaxing)
 .comment       0x0000007e       0x7f ./source/DRV_MCP25625.o
 .comment       0x0000007e       0x7f ./source/SPI_DRV.o
 .comment       0x0000007e       0x7f ./source/gpio.o
 .comment       0x0000007e       0x7f ./SDK/startup/hardware.o
 .comment       0x0000007e       0x7f ./SDK/startup/main.o
 .comment       0x0000007e       0x7f ./SDK/startup/semihost_hardfault.o
 .comment       0x0000007e       0x7f ./SDK/startup/startup_mk64f12.o
 .comment       0x0000007e       0x7f ./SDK/CMSIS/system_MK64F12.o
 .comment       0x0000007e       0x7f c:/nxp/mcuxpressoide_10.2.0_759/ide/tools/bin/../lib/gcc/arm-none-eabi/7.2.1/../../../../arm-none-eabi/lib/thumb/v7e-m/fpv4-sp/hard\libcr_c.a(fpprintf.o)
 .comment       0x0000007e       0x7f c:/nxp/mcuxpressoide_10.2.0_759/ide/tools/bin/../lib/gcc/arm-none-eabi/7.2.1/../../../../arm-none-eabi/lib/thumb/v7e-m/fpv4-sp/hard\libcr_c.a(printf.o)
 .comment       0x0000007e       0x7f c:/nxp/mcuxpressoide_10.2.0_759/ide/tools/bin/../lib/gcc/arm-none-eabi/7.2.1/../../../../arm-none-eabi/lib/thumb/v7e-m/fpv4-sp/hard\libcr_c.a(strlen.o)
 .comment       0x0000007e       0x7f c:/nxp/mcuxpressoide_10.2.0_759/ide/tools/bin/../lib/gcc/arm-none-eabi/7.2.1/../../../../arm-none-eabi/lib/thumb/v7e-m/fpv4-sp/hard\libcr_c.a(memset.o)
 .comment       0x0000007e       0x7f c:/nxp/mcuxpressoide_10.2.0_759/ide/tools/bin/../lib/gcc/arm-none-eabi/7.2.1/../../../../arm-none-eabi/lib/thumb/v7e-m/fpv4-sp/hard\libcr_c.a(_deferredlazyseek.o)
 .comment       0x0000007e       0x7f c:/nxp/mcuxpressoide_10.2.0_759/ide/tools/bin/../lib/gcc/arm-none-eabi/7.2.1/../../../../arm-none-eabi/lib/thumb/v7e-m/fpv4-sp/hard\libcr_c.a(_fflush.o)
 .comment       0x0000007e       0x7f c:/nxp/mcuxpressoide_10.2.0_759/ide/tools/bin/../lib/gcc/arm-none-eabi/7.2.1/../../../../arm-none-eabi/lib/thumb/v7e-m/fpv4-sp/hard\libcr_c.a(_frexpl.o)
 .comment       0x0000007e       0x7f c:/nxp/mcuxpressoide_10.2.0_759/ide/tools/bin/../lib/gcc/arm-none-eabi/7.2.1/../../../../arm-none-eabi/lib/thumb/v7e-m/fpv4-sp/hard\libcr_c.a(_ldexpl.o)
 .comment       0x0000007e       0x7f c:/nxp/mcuxpressoide_10.2.0_759/ide/tools/bin/../lib/gcc/arm-none-eabi/7.2.1/../../../../arm-none-eabi/lib/thumb/v7e-m/fpv4-sp/hard\libcr_c.a(_writebuf.o)
 .comment       0x0000007e       0x7f c:/nxp/mcuxpressoide_10.2.0_759/ide/tools/bin/../lib/gcc/arm-none-eabi/7.2.1/../../../../arm-none-eabi/lib/thumb/v7e-m/fpv4-sp/hard\libcr_c.a(alloc.o)
 .comment       0x0000007e       0x7f c:/nxp/mcuxpressoide_10.2.0_759/ide/tools/bin/../lib/gcc/arm-none-eabi/7.2.1/../../../../arm-none-eabi/lib/thumb/v7e-m/fpv4-sp/hard\libcr_c.a(errno.o)
 .comment       0x0000007e       0x7f c:/nxp/mcuxpressoide_10.2.0_759/ide/tools/bin/../lib/gcc/arm-none-eabi/7.2.1/../../../../arm-none-eabi/lib/thumb/v7e-m/fpv4-sp/hard\libcr_c.a(fseek.o)
 .comment       0x0000007e       0x7f c:/nxp/mcuxpressoide_10.2.0_759/ide/tools/bin/../lib/gcc/arm-none-eabi/7.2.1/../../../../arm-none-eabi/lib/thumb/v7e-m/fpv4-sp/hard\libcr_c.a(ftell.o)
 .comment       0x0000007e       0x7f c:/nxp/mcuxpressoide_10.2.0_759/ide/tools/bin/../lib/gcc/arm-none-eabi/7.2.1/../../../../arm-none-eabi/lib/thumb/v7e-m/fpv4-sp/hard\libcr_c.a(__init_alloc.o)
 .comment       0x0000007e       0x7f c:/nxp/mcuxpressoide_10.2.0_759/ide/tools/bin/../lib/gcc/arm-none-eabi/7.2.1/../../../../arm-none-eabi/lib/thumb/v7e-m/fpv4-sp/hard\libcr_c.a(_cr_sbrk.o)
 .comment       0x0000007e       0x7f c:/nxp/mcuxpressoide_10.2.0_759/ide/tools/bin/../lib/gcc/arm-none-eabi/7.2.1/../../../../arm-none-eabi/lib/thumb/v7e-m/fpv4-sp/hard\libcr_c.a(_hugeval.o)
 .comment       0x0000007e       0x7f c:/nxp/mcuxpressoide_10.2.0_759/ide/tools/bin/../lib/gcc/arm-none-eabi/7.2.1/../../../../arm-none-eabi/lib/thumb/v7e-m/fpv4-sp/hard\libcr_c.a(_cr_check_heap.o)
 .comment       0x0000007e       0x7f c:/nxp/mcuxpressoide_10.2.0_759/ide/tools/bin/../lib/gcc/arm-none-eabi/7.2.1/thumb/v7e-m/fpv4-sp/hard\libcr_eabihelpers.a(double.o)
 .comment       0x0000007e       0x7f c:/nxp/mcuxpressoide_10.2.0_759/ide/tools/bin/../lib/gcc/arm-none-eabi/7.2.1/../../../../arm-none-eabi/lib/thumb/v7e-m/fpv4-sp/hard\libcr_semihost_nf.a(__ciob.o)

.ARM.attributes
                0x00000000       0x37
 .ARM.attributes
                0x00000000       0x39 ./source/App.o
 .ARM.attributes
                0x00000039       0x39 ./source/DRV_MCP25625.o
 .ARM.attributes
                0x00000072       0x39 ./source/SPI_DRV.o
 .ARM.attributes
                0x000000ab       0x39 ./source/gpio.o
 .ARM.attributes
                0x000000e4       0x39 ./SDK/startup/hardware.o
 .ARM.attributes
                0x0000011d       0x39 ./SDK/startup/main.o
 .ARM.attributes
                0x00000156       0x39 ./SDK/startup/semihost_hardfault.o
 .ARM.attributes
                0x0000018f       0x39 ./SDK/startup/startup_mk64f12.o
 .ARM.attributes
                0x000001c8       0x39 ./SDK/CMSIS/system_MK64F12.o
 .ARM.attributes
                0x00000201       0x39 c:/nxp/mcuxpressoide_10.2.0_759/ide/tools/bin/../lib/gcc/arm-none-eabi/7.2.1/../../../../arm-none-eabi/lib/thumb/v7e-m/fpv4-sp/hard\libcr_c.a(fpprintf.o)
 .ARM.attributes
                0x0000023a       0x39 c:/nxp/mcuxpressoide_10.2.0_759/ide/tools/bin/../lib/gcc/arm-none-eabi/7.2.1/../../../../arm-none-eabi/lib/thumb/v7e-m/fpv4-sp/hard\libcr_c.a(printf.o)
 .ARM.attributes
                0x00000273       0x39 c:/nxp/mcuxpressoide_10.2.0_759/ide/tools/bin/../lib/gcc/arm-none-eabi/7.2.1/../../../../arm-none-eabi/lib/thumb/v7e-m/fpv4-sp/hard\libcr_c.a(strlen.o)
 .ARM.attributes
                0x000002ac       0x39 c:/nxp/mcuxpressoide_10.2.0_759/ide/tools/bin/../lib/gcc/arm-none-eabi/7.2.1/../../../../arm-none-eabi/lib/thumb/v7e-m/fpv4-sp/hard\libcr_c.a(memset.o)
 .ARM.attributes
                0x000002e5       0x39 c:/nxp/mcuxpressoide_10.2.0_759/ide/tools/bin/../lib/gcc/arm-none-eabi/7.2.1/../../../../arm-none-eabi/lib/thumb/v7e-m/fpv4-sp/hard\libcr_c.a(_deferredlazyseek.o)
 .ARM.attributes
                0x0000031e       0x39 c:/nxp/mcuxpressoide_10.2.0_759/ide/tools/bin/../lib/gcc/arm-none-eabi/7.2.1/../../../../arm-none-eabi/lib/thumb/v7e-m/fpv4-sp/hard\libcr_c.a(_fflush.o)
 .ARM.attributes
                0x00000357       0x39 c:/nxp/mcuxpressoide_10.2.0_759/ide/tools/bin/../lib/gcc/arm-none-eabi/7.2.1/../../../../arm-none-eabi/lib/thumb/v7e-m/fpv4-sp/hard\libcr_c.a(_frexpl.o)
 .ARM.attributes
                0x00000390       0x39 c:/nxp/mcuxpressoide_10.2.0_759/ide/tools/bin/../lib/gcc/arm-none-eabi/7.2.1/../../../../arm-none-eabi/lib/thumb/v7e-m/fpv4-sp/hard\libcr_c.a(_ldexpl.o)
 .ARM.attributes
                0x000003c9       0x39 c:/nxp/mcuxpressoide_10.2.0_759/ide/tools/bin/../lib/gcc/arm-none-eabi/7.2.1/../../../../arm-none-eabi/lib/thumb/v7e-m/fpv4-sp/hard\libcr_c.a(_writebuf.o)
 .ARM.attributes
                0x00000402       0x39 c:/nxp/mcuxpressoide_10.2.0_759/ide/tools/bin/../lib/gcc/arm-none-eabi/7.2.1/../../../../arm-none-eabi/lib/thumb/v7e-m/fpv4-sp/hard\libcr_c.a(alloc.o)
 .ARM.attributes
                0x0000043b       0x39 c:/nxp/mcuxpressoide_10.2.0_759/ide/tools/bin/../lib/gcc/arm-none-eabi/7.2.1/../../../../arm-none-eabi/lib/thumb/v7e-m/fpv4-sp/hard\libcr_c.a(errno.o)
 .ARM.attributes
                0x00000474       0x39 c:/nxp/mcuxpressoide_10.2.0_759/ide/tools/bin/../lib/gcc/arm-none-eabi/7.2.1/../../../../arm-none-eabi/lib/thumb/v7e-m/fpv4-sp/hard\libcr_c.a(fseek.o)
 .ARM.attributes
                0x000004ad       0x39 c:/nxp/mcuxpressoide_10.2.0_759/ide/tools/bin/../lib/gcc/arm-none-eabi/7.2.1/../../../../arm-none-eabi/lib/thumb/v7e-m/fpv4-sp/hard\libcr_c.a(ftell.o)
 .ARM.attributes
                0x000004e6       0x39 c:/nxp/mcuxpressoide_10.2.0_759/ide/tools/bin/../lib/gcc/arm-none-eabi/7.2.1/../../../../arm-none-eabi/lib/thumb/v7e-m/fpv4-sp/hard\libcr_c.a(__init_alloc.o)
 .ARM.attributes
                0x0000051f       0x39 c:/nxp/mcuxpressoide_10.2.0_759/ide/tools/bin/../lib/gcc/arm-none-eabi/7.2.1/../../../../arm-none-eabi/lib/thumb/v7e-m/fpv4-sp/hard\libcr_c.a(_cr_sbrk.o)
 .ARM.attributes
                0x00000558       0x39 c:/nxp/mcuxpressoide_10.2.0_759/ide/tools/bin/../lib/gcc/arm-none-eabi/7.2.1/../../../../arm-none-eabi/lib/thumb/v7e-m/fpv4-sp/hard\libcr_c.a(_hugeval.o)
 .ARM.attributes
                0x00000591       0x39 c:/nxp/mcuxpressoide_10.2.0_759/ide/tools/bin/../lib/gcc/arm-none-eabi/7.2.1/../../../../arm-none-eabi/lib/thumb/v7e-m/fpv4-sp/hard\libcr_c.a(_cr_check_heap.o)
 .ARM.attributes
                0x000005ca       0x39 c:/nxp/mcuxpressoide_10.2.0_759/ide/tools/bin/../lib/gcc/arm-none-eabi/7.2.1/thumb/v7e-m/fpv4-sp/hard\libcr_eabihelpers.a(double.o)
 .ARM.attributes
                0x00000603       0x25 c:/nxp/mcuxpressoide_10.2.0_759/ide/tools/bin/../lib/gcc/arm-none-eabi/7.2.1/thumb/v7e-m/fpv4-sp/hard\libcr_eabihelpers.a(memcpy.o)
 .ARM.attributes
                0x00000628       0x39 c:/nxp/mcuxpressoide_10.2.0_759/ide/tools/bin/../lib/gcc/arm-none-eabi/7.2.1/../../../../arm-none-eabi/lib/thumb/v7e-m/fpv4-sp/hard\libcr_semihost_nf.a(__ciob.o)
 .ARM.attributes
                0x00000661       0x25 c:/nxp/mcuxpressoide_10.2.0_759/ide/tools/bin/../lib/gcc/arm-none-eabi/7.2.1/../../../../arm-none-eabi/lib/thumb/v7e-m/fpv4-sp/hard\libcr_semihost_nf.a(__sys_appexit.o)
 .ARM.attributes
                0x00000686       0x25 c:/nxp/mcuxpressoide_10.2.0_759/ide/tools/bin/../lib/gcc/arm-none-eabi/7.2.1/../../../../arm-none-eabi/lib/thumb/v7e-m/fpv4-sp/hard\libcr_semihost_nf.a(__sys_flen.o)
 .ARM.attributes
                0x000006ab       0x25 c:/nxp/mcuxpressoide_10.2.0_759/ide/tools/bin/../lib/gcc/arm-none-eabi/7.2.1/../../../../arm-none-eabi/lib/thumb/v7e-m/fpv4-sp/hard\libcr_semihost_nf.a(__sys_istty.o)
 .ARM.attributes
                0x000006d0       0x25 c:/nxp/mcuxpressoide_10.2.0_759/ide/tools/bin/../lib/gcc/arm-none-eabi/7.2.1/../../../../arm-none-eabi/lib/thumb/v7e-m/fpv4-sp/hard\libcr_semihost_nf.a(__sys_seek.o)
 .ARM.attributes
                0x000006f5       0x25 c:/nxp/mcuxpressoide_10.2.0_759/ide/tools/bin/../lib/gcc/arm-none-eabi/7.2.1/../../../../arm-none-eabi/lib/thumb/v7e-m/fpv4-sp/hard\libcr_semihost_nf.a(__sys_write.o)

.debug_frame    0x00000000     0x10cc
 .debug_frame   0x00000000       0x78 ./source/App.o
 .debug_frame   0x00000078      0x1b4 ./source/DRV_MCP25625.o
 .debug_frame   0x0000022c      0x178 ./source/SPI_DRV.o
 .debug_frame   0x000003a4      0x2f4 ./source/gpio.o
 .debug_frame   0x00000698       0x70 ./SDK/startup/hardware.o
 .debug_frame   0x00000708       0x2c ./SDK/startup/main.o
 .debug_frame   0x00000734       0x20 ./SDK/startup/semihost_hardfault.o
 .debug_frame   0x00000754      0x904 ./SDK/startup/startup_mk64f12.o
 .debug_frame   0x00001058       0x74 ./SDK/CMSIS/system_MK64F12.o
