Archive member included to satisfy reference by file (symbol)

c:/nxp/mcuxpressoide_10.2.0_759/ide/tools/bin/../lib/gcc/arm-none-eabi/7.2.1/../../../../arm-none-eabi/lib/thumb/v7e-m/fpv4-sp/hard\libcr_c.a(fpprintf.o)
                              ./source/gpio.o (printf)
c:/nxp/mcuxpressoide_10.2.0_759/ide/tools/bin/../lib/gcc/arm-none-eabi/7.2.1/../../../../arm-none-eabi/lib/thumb/v7e-m/fpv4-sp/hard\libcr_c.a(printf.o)
                              c:/nxp/mcuxpressoide_10.2.0_759/ide/tools/bin/../lib/gcc/arm-none-eabi/7.2.1/../../../../arm-none-eabi/lib/thumb/v7e-m/fpv4-sp/hard\libcr_c.a(fpprintf.o) (__vfprintf)
c:/nxp/mcuxpressoide_10.2.0_759/ide/tools/bin/../lib/gcc/arm-none-eabi/7.2.1/../../../../arm-none-eabi/lib/thumb/v7e-m/fpv4-sp/hard\libcr_c.a(strlen.o)
                              c:/nxp/mcuxpressoide_10.2.0_759/ide/tools/bin/../lib/gcc/arm-none-eabi/7.2.1/../../../../arm-none-eabi/lib/thumb/v7e-m/fpv4-sp/hard\libcr_c.a(printf.o) (strlen)
c:/nxp/mcuxpressoide_10.2.0_759/ide/tools/bin/../lib/gcc/arm-none-eabi/7.2.1/../../../../arm-none-eabi/lib/thumb/v7e-m/fpv4-sp/hard\libcr_c.a(memset.o)
                              c:/nxp/mcuxpressoide_10.2.0_759/ide/tools/bin/../lib/gcc/arm-none-eabi/7.2.1/../../../../arm-none-eabi/lib/thumb/v7e-m/fpv4-sp/hard\libcr_c.a(fpprintf.o) (memset)
c:/nxp/mcuxpressoide_10.2.0_759/ide/tools/bin/../lib/gcc/arm-none-eabi/7.2.1/../../../../arm-none-eabi/lib/thumb/v7e-m/fpv4-sp/hard\libcr_c.a(_deferredlazyseek.o)
                              c:/nxp/mcuxpressoide_10.2.0_759/ide/tools/bin/../lib/gcc/arm-none-eabi/7.2.1/../../../../arm-none-eabi/lib/thumb/v7e-m/fpv4-sp/hard\libcr_c.a(fpprintf.o) (__flsbuf)
c:/nxp/mcuxpressoide_10.2.0_759/ide/tools/bin/../lib/gcc/arm-none-eabi/7.2.1/../../../../arm-none-eabi/lib/thumb/v7e-m/fpv4-sp/hard\libcr_c.a(_fflush.o)
                              c:/nxp/mcuxpressoide_10.2.0_759/ide/tools/bin/../lib/gcc/arm-none-eabi/7.2.1/../../../../arm-none-eabi/lib/thumb/v7e-m/fpv4-sp/hard\libcr_c.a(_deferredlazyseek.o) (_fflush)
c:/nxp/mcuxpressoide_10.2.0_759/ide/tools/bin/../lib/gcc/arm-none-eabi/7.2.1/../../../../arm-none-eabi/lib/thumb/v7e-m/fpv4-sp/hard\libcr_c.a(_frexpl.o)
                              c:/nxp/mcuxpressoide_10.2.0_759/ide/tools/bin/../lib/gcc/arm-none-eabi/7.2.1/../../../../arm-none-eabi/lib/thumb/v7e-m/fpv4-sp/hard\libcr_c.a(fpprintf.o) (_frexpl)
c:/nxp/mcuxpressoide_10.2.0_759/ide/tools/bin/../lib/gcc/arm-none-eabi/7.2.1/../../../../arm-none-eabi/lib/thumb/v7e-m/fpv4-sp/hard\libcr_c.a(_ldexpl.o)
                              c:/nxp/mcuxpressoide_10.2.0_759/ide/tools/bin/../lib/gcc/arm-none-eabi/7.2.1/../../../../arm-none-eabi/lib/thumb/v7e-m/fpv4-sp/hard\libcr_c.a(fpprintf.o) (_ldexpl)
c:/nxp/mcuxpressoide_10.2.0_759/ide/tools/bin/../lib/gcc/arm-none-eabi/7.2.1/../../../../arm-none-eabi/lib/thumb/v7e-m/fpv4-sp/hard\libcr_c.a(_writebuf.o)
                              c:/nxp/mcuxpressoide_10.2.0_759/ide/tools/bin/../lib/gcc/arm-none-eabi/7.2.1/../../../../arm-none-eabi/lib/thumb/v7e-m/fpv4-sp/hard\libcr_c.a(_deferredlazyseek.o) (_Cwritebuf)
c:/nxp/mcuxpressoide_10.2.0_759/ide/tools/bin/../lib/gcc/arm-none-eabi/7.2.1/../../../../arm-none-eabi/lib/thumb/v7e-m/fpv4-sp/hard\libcr_c.a(alloc.o)
                              c:/nxp/mcuxpressoide_10.2.0_759/ide/tools/bin/../lib/gcc/arm-none-eabi/7.2.1/../../../../arm-none-eabi/lib/thumb/v7e-m/fpv4-sp/hard\libcr_c.a(fpprintf.o) (malloc)
c:/nxp/mcuxpressoide_10.2.0_759/ide/tools/bin/../lib/gcc/arm-none-eabi/7.2.1/../../../../arm-none-eabi/lib/thumb/v7e-m/fpv4-sp/hard\libcr_c.a(errno.o)
                              c:/nxp/mcuxpressoide_10.2.0_759/ide/tools/bin/../lib/gcc/arm-none-eabi/7.2.1/../../../../arm-none-eabi/lib/thumb/v7e-m/fpv4-sp/hard\libcr_c.a(_ldexpl.o) (errno)
c:/nxp/mcuxpressoide_10.2.0_759/ide/tools/bin/../lib/gcc/arm-none-eabi/7.2.1/../../../../arm-none-eabi/lib/thumb/v7e-m/fpv4-sp/hard\libcr_c.a(fseek.o)
                              c:/nxp/mcuxpressoide_10.2.0_759/ide/tools/bin/../lib/gcc/arm-none-eabi/7.2.1/../../../../arm-none-eabi/lib/thumb/v7e-m/fpv4-sp/hard\libcr_c.a(_deferredlazyseek.o) (fseek)
c:/nxp/mcuxpressoide_10.2.0_759/ide/tools/bin/../lib/gcc/arm-none-eabi/7.2.1/../../../../arm-none-eabi/lib/thumb/v7e-m/fpv4-sp/hard\libcr_c.a(ftell.o)
                              c:/nxp/mcuxpressoide_10.2.0_759/ide/tools/bin/../lib/gcc/arm-none-eabi/7.2.1/../../../../arm-none-eabi/lib/thumb/v7e-m/fpv4-sp/hard\libcr_c.a(fseek.o) (ftell)
c:/nxp/mcuxpressoide_10.2.0_759/ide/tools/bin/../lib/gcc/arm-none-eabi/7.2.1/../../../../arm-none-eabi/lib/thumb/v7e-m/fpv4-sp/hard\libcr_c.a(memcpy.o)
                              c:/nxp/mcuxpressoide_10.2.0_759/ide/tools/bin/../lib/gcc/arm-none-eabi/7.2.1/../../../../arm-none-eabi/lib/thumb/v7e-m/fpv4-sp/hard\libcr_c.a(alloc.o) (memcpy)
c:/nxp/mcuxpressoide_10.2.0_759/ide/tools/bin/../lib/gcc/arm-none-eabi/7.2.1/../../../../arm-none-eabi/lib/thumb/v7e-m/fpv4-sp/hard\libcr_c.a(__init_alloc.o)
[...]
Memory Configuration

Name             Origin             Length             Attributes
PROGRAM_FLASH    0x00000000         0x00100000         xr
SRAM_UPPER       0x20000000         0x00030000         xrw
SRAM_LOWER       0x1fff0000         0x00010000         xrw
FLEX_RAM         0x14000000         0x00001000         xrw
*default*        0x00000000         0xffffffff

Linker script and memory map

LOAD ./source/ADC.o
LOAD ./source/BufferCirc.o
LOAD ./source/DAC.o
LOAD ./source/FIR.o
LOAD ./source/FSK.o
LOAD ./source/SysTick.o
LOAD ./source/gpio.o
LOAD ./source/uart2fsk.o
LOAD ./source/uart_drv.o
LOAD ./SDK/startup/hardware.o
LOAD ./SDK/startup/main.o
LOAD ./SDK/startup/semihost_hardfault.o
LOAD ./SDK/startup/startup_mk64f12.o
LOAD ./SDK/CMSIS/system_MK64F12.o
START GROUP
LOAD c:/nxp/mcuxpressoide_10.2.0_759/ide/tools/bin/../lib/gcc/arm-none-eabi/7.2.1/../../../../arm-none-eabi/lib/thumb/v7e-m/fpv4-sp/hard\libcr_semihost.a
LOAD c:/nxp/mcuxpressoide_10.2.0_759/ide/tools/bin/../lib/gcc/arm-none-eabi/7.2.1/../../../../arm-none-eabi/lib/thumb/v7e-m/fpv4-sp/hard\libcr_c.a
LOAD c:/nxp/mcuxpressoide_10.2.0_759/ide/tools/bin/../lib/gcc/arm-none-eabi/7.2.1/thumb/v7e-m/fpv4-sp/hard\libcr_eabihelpers.a
END GROUP
                0x00000000                __base_PROGRAM_FLASH = 0x0
                0x00000000                __base_Flash = 0x0
                0x00100000                __top_PROGRAM_FLASH = 0x100000
                0x00100000                __top_Flash = 0x100000
                0x20000000                __base_SRAM_UPPER = 0x20000000
                0x20000000                __base_RAM = 0x20000000
                0x20030000                __top_SRAM_UPPER = 0x20030000
                0x20030000                __top_RAM = 0x20030000
                0x1fff0000                __base_SRAM_LOWER = 0x1fff0000
                0x1fff0000                __base_RAM2 = 0x1fff0000
                0x20000000                __top_SRAM_LOWER = 0x20000000
                0x20000000                __top_RAM2 = 0x20000000
                0x14000000                __base_FLEX_RAM = 0x14000000
                0x14000000                __base_RAM3 = 0x14000000
                0x14001000                __top_FLEX_RAM = 0x14001000
                0x14001000                __top_RAM3 = 0x14001000

.text           0x00000000     0x2988
 FILL mask 0xff
                0x00000000                __vectors_start__ = ABSOLUTE (.)
 *(SORT_BY_ALIGNMENT(.isr_vector))
 .isr_vector    0x00000000      0x198 ./SDK/startup/startup_mk64f12.o
                0x00000000                g_pfnVectors
                0x00000000                __Vectors
                0x00000198                . = ALIGN (0x4)
                0x00000198                __section_table_start = .
                0x00000198                __data_section_table = .
                0x00000198        0x4 LONG 0x2988 LOADADDR (.data)
                0x0000019c        0x4 LONG 0x20000000 ADDR (.data)
                0x000001a0        0x4 LONG 0x7f8 SIZEOF (.data)
                0x000001a4        0x4 LONG 0x2988 LOADADDR (.data_RAM2)
                0x000001a8        0x4 LONG 0x1fff0000 ADDR (.data_RAM2)
                0x000001ac        0x4 LONG 0x0 SIZEOF (.data_RAM2)
                0x000001b0        0x4 LONG 0x2988 LOADADDR (.data_RAM3)
                0x000001b4        0x4 LONG 0x14000000 ADDR (.data_RAM3)
                0x000001b8        0x4 LONG 0x0 SIZEOF (.data_RAM3)
                0x000001bc                __data_section_table_end = .
                0x000001bc                __bss_section_table = .
                0x000001bc        0x4 LONG 0x200007f8 ADDR (.bss)
                0x000001c0        0x4 LONG 0x114e0 SIZEOF (.bss)
                0x000001c4        0x4 LONG 0x1fff0000 ADDR (.bss_RAM2)
                0x000001c8        0x4 LONG 0x0 SIZEOF (.bss_RAM2)
                0x000001cc        0x4 LONG 0x14000000 ADDR (.bss_RAM3)
                0x000001d0        0x4 LONG 0x0 SIZEOF (.bss_RAM3)
                0x000001d4                __bss_section_table_end = .
                0x000001d4                __section_table_end = .
 *(SORT_BY_ALIGNMENT(.after_vectors*))
 .after_vectors.reset
                0x000001d4       0x4c ./SDK/startup/startup_mk64f12.o
                0x000001d4                ResetISR
 .after_vectors.init_data
                0x00000220       0x1e ./SDK/startup/startup_mk64f12.o
                0x00000220                data_init
 .after_vectors.init_bss
                0x0000023e       0x12 ./SDK/startup/startup_mk64f12.o
                0x0000023e                bss_init
 .after_vectors
                0x00000250       0x14 ./SDK/startup/startup_mk64f12.o
                0x00000250                NMI_Handler
                0x00000254                MemManage_Handler
                0x00000256                BusFault_Handler
                0x00000258                UsageFault_Handler
                0x0000025a                SVC_Handler
                0x0000025c                DebugMon_Handler
                0x0000025e                PendSV_Handler
                0x00000262                DMA_Error_DriverIRQHandler
                0x00000262                LPTMR0_DriverIRQHandler
                0x00000262                FTM1_DriverIRQHandler
                0x00000262                FTM2_DriverIRQHandler
                0x00000262                PIT2_DriverIRQHandler
                0x00000262                SDHC_DriverIRQHandler
                0x00000262                I2S0_Tx_DriverIRQHandler
                0x00000262                RTC_Seconds_DriverIRQHandler
                0x00000262                DMA6_DriverIRQHandler
                0x00000262                LLWU_DriverIRQHandler
                0x00000262                MCM_DriverIRQHandler
                0x00000262                MCG_DriverIRQHandler
                0x00000262                ENET_1588_Timer_DriverIRQHandler
                0x00000262                I2C2_DriverIRQHandler
                0x00000262                DAC1_DriverIRQHandler
                0x00000262                SPI1_DriverIRQHandler
                0x00000262                CMP1_DriverIRQHandler
                0x00000262                UART5_RX_TX_DriverIRQHandler
                0x00000262                FTM0_DriverIRQHandler
                0x00000262                IntDefaultHandler
                0x00000262                USB0_DriverIRQHandler
                0x00000262                UART5_ERR_DriverIRQHandler
                0x00000262                PORTC_DriverIRQHandler
                0x00000262                DMA11_DriverIRQHandler
                0x00000262                DAC0_DriverIRQHandler
                0x00000262                DMA10_DriverIRQHandler
                0x00000262                CMP2_DriverIRQHandler
                0x00000262                UART2_ERR_DriverIRQHandler
                0x00000262                SPI2_DriverIRQHandler
                0x00000262                LVD_LVW_DriverIRQHandler
                0x00000262                PIT0_DriverIRQHandler
                0x00000262                RNG_DriverIRQHandler
                0x00000262                DMA5_DriverIRQHandler
                0x00000262                DMA12_DriverIRQHandler
                0x00000262                UART2_RX_TX_DriverIRQHandler
                0x00000262                USBDCD_DriverIRQHandler
                0x00000262                UART3_ERR_DriverIRQHandler
                0x00000262                DMA3_DriverIRQHandler
                0x00000262                DMA8_DriverIRQHandler
                0x00000262                DMA9_DriverIRQHandler
                0x00000262                UART0_ERR_DriverIRQHandler
                0x00000262                CMT_DriverIRQHandler
                0x00000262                Reserved71_DriverIRQHandler
                0x00000262                ADC1_DriverIRQHandler
                0x00000262                PORTA_DriverIRQHandler
                0x00000262                DMA14_DriverIRQHandler
                0x00000262                PIT3_DriverIRQHandler
                0x00000262                PIT1_DriverIRQHandler
                0x00000262                WDOG_EWM_DriverIRQHandler
                0x00000262                PDB0_DriverIRQHandler
                0x00000262                RTC_DriverIRQHandler
                0x00000262                I2S0_Rx_DriverIRQHandler
                0x00000262                Read_Collision_DriverIRQHandler
                0x00000262                SWI_DriverIRQHandler
                0x00000262                UART4_RX_TX_DriverIRQHandler
                0x00000262                UART4_ERR_DriverIRQHandler
                0x00000262                PORTB_DriverIRQHandler
                0x00000262                UART0_LON_DriverIRQHandler
                0x00000262                DMA0_DriverIRQHandler
                0x00000262                DMA1_DriverIRQHandler
                0x00000262                I2C1_DriverIRQHandler
                0x00000262                UART3_RX_TX_DriverIRQHandler
                0x00000262                ENET_Receive_DriverIRQHandler
                0x00000262                DMA13_DriverIRQHandler
                0x00000262                ENET_Error_DriverIRQHandler
                0x00000262                DMA15_DriverIRQHandler
                0x00000262                UART0_RX_TX_DriverIRQHandler
                0x00000262                SPI0_DriverIRQHandler
                0x00000262                ADC0_DriverIRQHandler
                0x00000262                CMP0_DriverIRQHandler
                0x00000262                CAN0_DriverIRQHandler
                0x00000262                FTM3_DriverIRQHandler
                0x00000262                DMA4_DriverIRQHandler
                0x00000262                UART1_ERR_DriverIRQHandler
                0x00000262                DMA2_DriverIRQHandler
                0x00000262                ENET_Transmit_DriverIRQHandler
                0x00000262                PORTD_DriverIRQHandler
                0x00000262                PORTE_DriverIRQHandler
                0x00000262                FTFE_DriverIRQHandler
                0x00000262                I2C0_DriverIRQHandler
                0x00000262                DMA7_DriverIRQHandler
                0x00000262                UART1_RX_TX_DriverIRQHandler
                0x00000400                . = 0x400
 *fill*         0x00000264      0x19c ff
                0x00000400                PROVIDE (__FLASH_CONFIG_START__, .)
 *(SORT_BY_ALIGNMENT(.FlashConfig))
 .FlashConfig   0x00000400       0x10 ./SDK/startup/startup_mk64f12.o
                0x00000400                Flash_Config
                0x00000410                PROVIDE (__FLASH_CONFIG_END__, .)
                0x00000001                ASSERT (! ((__FLASH_CONFIG_START__ == __FLASH_CONFIG_END__)), Linker Flash Config Support Enabled, but no .FlashConfig section provided within application)
 *(SORT_BY_ALIGNMENT(.text*))
 .text.__NVIC_EnableIRQ
                0x00000410       0x3c ./source/ADC.o
 .text.ADC_Data
                0x0000044c       0x18 ./source/ADC.o
                0x0000044c                ADC_Data
 .text.Start_conv
                0x00000464       0x20 ./source/ADC.o
                0x00000464                Start_conv
 .text.Conver_Complete
                0x00000484       0x24 ./source/ADC.o
                0x00000484                Conver_Complete
 .text.Clock_Gatting_Enable
                0x000004a8       0x2c ./source/ADC.o
                0x000004a8                Clock_Gatting_Enable
 .text.Config_CFG1
                0x000004d4       0x58 ./source/ADC.o
                0x000004d4                Config_CFG1
 .text.Config_CFG2
                0x0000052c       0x48 ./source/ADC.o
                0x0000052c                Config_CFG2
 .text.Config_SC1
                0x00000574       0x44 ./source/ADC.o
                0x00000574                Config_SC1
 .text.Config_SC2
                0x000005b8       0x24 ./source/ADC.o
                0x000005b8                Config_SC2
 .text.ADC_Calibrates
                0x000005dc      0x320 ./source/ADC.o
                0x000005dc                ADC_Calibrates
 .text.DAC_Init
                0x000008fc       0x70 ./source/DAC.o
                0x000008fc                DAC_Init
 .text.DAC_SetData
                0x0000096c       0x34 ./source/DAC.o
                0x0000096c                DAC_SetData
 .text.Init_FSK
                0x000009a0       0xc4 ./source/FSK.o
                0x000009a0                Init_FSK
 .text.Tx_Fsk   0x00000a64       0x6c ./source/FSK.o
                0x00000a64                Tx_Fsk
 .text.isRxDataFull
                0x00000ad0       0x14 ./source/FSK.o
                0x00000ad0                isRxDataFull
 .text.getRxData
                0x00000ae4       0x58 ./source/FSK.o
                0x00000ae4                getRxData
 .text.fsk_callback
                0x00000b3c      0x15c ./source/FSK.o
                0x00000b3c                fsk_callback
 .text.filterInput
                0x00000c98      0x2cc ./source/FSK.o
                0x00000c98                filterInput
 .text.checkData
                0x00000f64       0xc8 ./source/FSK.o
                0x00000f64                checkData
 .text.oversamplingResult
                0x0000102c       0x2c ./source/FSK.o
                0x0000102c                oversamplingResult
 .text.SysTick_Init
                0x00001058       0x5c ./source/SysTick.o
                0x00001058                SysTick_Init
 .text.SysTick_Handler
                0x000010b4       0x2c ./source/SysTick.o
                0x000010b4                SysTick_Handler
 .text.pinMode  0x000010e0       0xfc ./source/gpio.o
 .text.init_clk
                0x000011dc       0x38 ./source/gpio.o
 .text.IRQs_Handler
                0x00001214       0x20 ./source/gpio.o
                0x00001214                IRQs_Handler
 .text.Search_ISF
                0x00001234      0x148 ./source/gpio.o
                0x00001234                Search_ISF
 .text.PORTA_IRQHandler
                0x0000137c       0x44 ./source/gpio.o
                0x0000137c                PORTA_IRQHandler
 .text.PORTB_IRQHandler
                0x000013c0       0x48 ./source/gpio.o
                0x000013c0                PORTB_IRQHandler
 .text.PORTC_IRQHandler
                0x00001408       0x48 ./source/gpio.o
                0x00001408                PORTC_IRQHandler
 .text.PORTD_IRQHandler
                0x00001450       0x48 ./source/gpio.o
                0x00001450                PORTD_IRQHandler
 .text.PORTE_IRQHandler
                0x00001498       0x48 ./source/gpio.o
                0x00001498                PORTE_IRQHandler
 .text.uart_2_fsk
                0x000014e0       0xec ./source/uart2fsk.o
                0x000014e0                uart_2_fsk
 .text.__NVIC_EnableIRQ
                0x000015cc       0x3c ./source/uart_drv.o
 .text.__NVIC_SetPriority
                0x00001608       0x54 ./source/uart_drv.o
 .text.UART_Init
                0x0000165c      0x120 ./source/uart_drv.o
                0x0000165c                UART_Init
 .text.enable_UART_int
                0x0000177c       0x24 ./source/uart_drv.o
                0x0000177c                enable_UART_int
 .text.disable_UART_int
                0x000017a0       0x24 ./source/uart_drv.o
                0x000017a0                disable_UART_int
 .text.UART0_RX_TX_IRQHandler
                0x000017c4      0x100 ./source/uart_drv.o
                0x000017c4                UART0_RX_TX_IRQHandler
 .text.UART0_ERR_IRQHandler
                0x000018c4       0x48 ./source/uart_drv.o
                0x000018c4                UART0_ERR_IRQHandler
 .text.UART_SetBaudRate
                0x0000190c       0xb8 ./source/uart_drv.o
                0x0000190c                UART_SetBaudRate
 .text.UART_Send_Data
                0x000019c4       0x80 ./source/uart_drv.o
                0x000019c4                UART_Send_Data
 .text.inputEmpty
                0x00001a44       0x30 ./source/uart_drv.o
                0x00001a44                inputEmpty
 .text.retreiveInput
                0x00001a74       0x6c ./source/uart_drv.o
                0x00001a74                retreiveInput
 .text.hw_Init  0x00001ae0      0x10c ./SDK/startup/hardware.o
                0x00001ae0                hw_Init
 .text.hw_EnableInterrupts
                0x00001bec       0x30 ./SDK/startup/hardware.o
                0x00001bec                hw_EnableInterrupts
 .text.hw_DisableInterrupts
                0x00001c1c       0x20 ./SDK/startup/hardware.o
                0x00001c1c                hw_DisableInterrupts
 .text.main     0x00001c3c       0x4c ./SDK/startup/main.o
                0x00001c3c                main
 .text.App_Run  0x00001c88       0xac ./SDK/startup/main.o
                0x00001c88                App_Run
 .text.SystemInit
                0x00001d34       0x3c ./SDK/CMSIS/system_MK64F12.o
                0x00001d34                SystemInit
 .text.__aeabi_dmul
                0x00001d70      0x11c c:/nxp/mcuxpressoide_10.2.0_759/ide/tools/bin/../lib/gcc/arm-none-eabi/7.2.1/thumb/v7e-m/fpv4-sp/hard\libcr_eabihelpers.a(double.o)
                0x00001d70                __aeabi_dmul
 .text.__aeabi_ddiv
                0x00001e8c      0x138 c:/nxp/mcuxpressoide_10.2.0_759/ide/tools/bin/../lib/gcc/arm-none-eabi/7.2.1/thumb/v7e-m/fpv4-sp/hard\libcr_eabihelpers.a(double.o)
                0x00001e8c                __aeabi_ddiv
 .text.__aeabi_dsub
                0x00001fc4      0x1b4 c:/nxp/mcuxpressoide_10.2.0_759/ide/tools/bin/../lib/gcc/arm-none-eabi/7.2.1/thumb/v7e-m/fpv4-sp/hard\libcr_eabihelpers.a(double.o)
                0x00001fc4                __aeabi_dsub
 .text.__aeabi_dadd
                0x00002178      0x10c c:/nxp/mcuxpressoide_10.2.0_759/ide/tools/bin/../lib/gcc/arm-none-eabi/7.2.1/thumb/v7e-m/fpv4-sp/hard\libcr_eabihelpers.a(double.o)
                0x00002178                __aeabi_dadd
 .text.__aeabi_d2f
                0x00002284       0x54 c:/nxp/mcuxpressoide_10.2.0_759/ide/tools/bin/../lib/gcc/arm-none-eabi/7.2.1/thumb/v7e-m/fpv4-sp/hard\libcr_eabihelpers.a(double.o)
                0x00002284                __aeabi_d2f
 .text.__aeabi_f2d
                0x000022d8       0x38 c:/nxp/mcuxpressoide_10.2.0_759/ide/tools/bin/../lib/gcc/arm-none-eabi/7.2.1/thumb/v7e-m/fpv4-sp/hard\libcr_eabihelpers.a(float.o)
                0x000022d8                __aeabi_f2d
 .text.ADC_Init
                0x00002310       0x36 ./source/ADC.o
                0x00002310                ADC_Init
 .text.ADC_Read
                0x00002346       0x12 ./source/ADC.o
                0x00002346                ADC_Read
 .text.isBuffEmpty
                0x00002358       0x2a ./source/BufferCirc.o
                0x00002358                isBuffEmpty
 .text.clearBuff
                0x00002382       0x3c ./source/BufferCirc.o
                0x00002382                clearBuff
 .text.insertData
                0x000023be       0x60 ./source/BufferCirc.o
                0x000023be                insertData
 .text.getData  0x0000241e       0x62 ./source/BufferCirc.o
                0x0000241e                getData
 .text.firFilter
                0x00002480       0xa0 ./source/FIR.o
                0x00002480                firFilter
 .text.gpioMode
                0x00002520       0x40 ./source/gpio.o
                0x00002520                gpioMode
 .text.gpioToggle
                0x00002560       0x2a ./source/gpio.o
                0x00002560                gpioToggle
 .text.getPortPin
                0x0000258a       0x6a ./source/gpio.o
 .text.App_Init
                0x000025f4       0x16 ./SDK/startup/main.o
                0x000025f4                App_Init
 .text.HardFault_Handler
                0x0000260a       0x2c ./SDK/startup/semihost_hardfault.o
                0x0000260a                HardFault_Handler
 .text.DMA0_IRQHandler
                0x00002636        0x8 ./SDK/startup/startup_mk64f12.o
                0x00002636                DMA0_IRQHandler
 .text.DMA1_IRQHandler
                0x0000263e        0x8 ./SDK/startup/startup_mk64f12.o
                0x0000263e                DMA1_IRQHandler
 .text.DMA2_IRQHandler
                0x00002646        0x8 ./SDK/startup/startup_mk64f12.o
                0x00002646                DMA2_IRQHandler
 .text.DMA3_IRQHandler
                0x0000264e        0x8 ./SDK/startup/startup_mk64f12.o
                0x0000264e                DMA3_IRQHandler
 .text.DMA4_IRQHandler
                0x00002656        0x8 ./SDK/startup/startup_mk64f12.o
                0x00002656                DMA4_IRQHandler
 .text.DMA5_IRQHandler
                0x0000265e        0x8 ./SDK/startup/startup_mk64f12.o
                0x0000265e                DMA5_IRQHandler
 .text.DMA6_IRQHandler
                0x00002666        0x8 ./SDK/startup/startup_mk64f12.o
                0x00002666                DMA6_IRQHandler
 .text.DMA7_IRQHandler
                0x0000266e        0x8 ./SDK/startup/startup_mk64f12.o
                0x0000266e                DMA7_IRQHandler
 .text.DMA8_IRQHandler
                0x00002676        0x8 ./SDK/startup/startup_mk64f12.o
                0x00002676                DMA8_IRQHandler
 .text.DMA9_IRQHandler
                0x0000267e        0x8 ./SDK/startup/startup_mk64f12.o
                0x0000267e                DMA9_IRQHandler
 .text.DMA10_IRQHandler
                0x00002686        0x8 ./SDK/startup/startup_mk64f12.o
                0x00002686                DMA10_IRQHandler
 .text.DMA11_IRQHandler
                0x0000268e        0x8 ./SDK/startup/startup_mk64f12.o
                0x0000268e                DMA11_IRQHandler
 .text.DMA12_IRQHandler
                0x00002696        0x8 ./SDK/startup/startup_mk64f12.o
                0x00002696                DMA12_IRQHandler
 .text.DMA13_IRQHandler
                0x0000269e        0x8 ./SDK/startup/startup_mk64f12.o
                0x0000269e                DMA13_IRQHandler
 .text.DMA14_IRQHandler
                0x000026a6        0x8 ./SDK/startup/startup_mk64f12.o
                0x000026a6                DMA14_IRQHandler
 .text.DMA15_IRQHandler
                0x000026ae        0x8 ./SDK/startup/startup_mk64f12.o
                0x000026ae                DMA15_IRQHandler
 .text.DMA_Error_IRQHandler
                0x000026b6        0x8 ./SDK/startup/startup_mk64f12.o
                0x000026b6                DMA_Error_IRQHandler
 .text.MCM_IRQHandler
                0x000026be        0x8 ./SDK/startup/startup_mk64f12.o
                0x000026be                MCM_IRQHandler
 .text.FTFE_IRQHandler
                0x000026c6        0x8 ./SDK/startup/startup_mk64f12.o
                0x000026c6                FTFE_IRQHandler
 .text.Read_Collision_IRQHandler
                0x000026ce        0x8 ./SDK/startup/startup_mk64f12.o
                0x000026ce                Read_Collision_IRQHandler
 .text.LVD_LVW_IRQHandler
                0x000026d6        0x8 ./SDK/startup/startup_mk64f12.o
                0x000026d6                LVD_LVW_IRQHandler
 .text.LLWU_IRQHandler
                0x000026de        0x8 ./SDK/startup/startup_mk64f12.o
                0x000026de                LLWU_IRQHandler
 .text.WDOG_EWM_IRQHandler
                0x000026e6        0x8 ./SDK/startup/startup_mk64f12.o
                0x000026e6                WDOG_EWM_IRQHandler
 .text.RNG_IRQHandler
                0x000026ee        0x8 ./SDK/startup/startup_mk64f12.o
                0x000026ee                RNG_IRQHandler
 .text.I2C0_IRQHandler
                0x000026f6        0x8 ./SDK/startup/startup_mk64f12.o
                0x000026f6                I2C0_IRQHandler
 .text.I2C1_IRQHandler
                0x000026fe        0x8 ./SDK/startup/startup_mk64f12.o
                0x000026fe                I2C1_IRQHandler
 .text.SPI0_IRQHandler
                0x00002706        0x8 ./SDK/startup/startup_mk64f12.o
                0x00002706                SPI0_IRQHandler
 .text.SPI1_IRQHandler
                0x0000270e        0x8 ./SDK/startup/startup_mk64f12.o
                0x0000270e                SPI1_IRQHandler
 .text.I2S0_Tx_IRQHandler
                0x00002716        0x8 ./SDK/startup/startup_mk64f12.o
                0x00002716                I2S0_Tx_IRQHandler
 .text.I2S0_Rx_IRQHandler
                0x0000271e        0x8 ./SDK/startup/startup_mk64f12.o
                0x0000271e                I2S0_Rx_IRQHandler
 .text.UART0_LON_IRQHandler
                0x00002726        0x8 ./SDK/startup/startup_mk64f12.o
                0x00002726                UART0_LON_IRQHandler
 .text.UART1_RX_TX_IRQHandler
                0x0000272e        0x8 ./SDK/startup/startup_mk64f12.o
                0x0000272e                UART1_RX_TX_IRQHandler
 .text.UART1_ERR_IRQHandler
                0x00002736        0x8 ./SDK/startup/startup_mk64f12.o
                0x00002736                UART1_ERR_IRQHandler
 .text.UART2_RX_TX_IRQHandler
                0x0000273e        0x8 ./SDK/startup/startup_mk64f12.o
                0x0000273e                UART2_RX_TX_IRQHandler
 .text.UART2_ERR_IRQHandler
                0x00002746        0x8 ./SDK/startup/startup_mk64f12.o
                0x00002746                UART2_ERR_IRQHandler
 .text.UART3_RX_TX_IRQHandler
                0x0000274e        0x8 ./SDK/startup/startup_mk64f12.o
                0x0000274e                UART3_RX_TX_IRQHandler
 .text.UART3_ERR_IRQHandler
                0x00002756        0x8 ./SDK/startup/startup_mk64f12.o
                0x00002756                UART3_ERR_IRQHandler
 .text.ADC0_IRQHandler
                0x0000275e        0x8 ./SDK/startup/startup_mk64f12.o
                0x0000275e                ADC0_IRQHandler
 .text.CMP0_IRQHandler
                0x00002766        0x8 ./SDK/startup/startup_mk64f12.o
                0x00002766                CMP0_IRQHandler
 .text.CMP1_IRQHandler
                0x0000276e        0x8 ./SDK/startup/startup_mk64f12.o
                0x0000276e                CMP1_IRQHandler
 .text.FTM0_IRQHandler
                0x00002776        0x8 ./SDK/startup/startup_mk64f12.o
                0x00002776                FTM0_IRQHandler
 .text.FTM1_IRQHandler
                0x0000277e        0x8 ./SDK/startup/startup_mk64f12.o
                0x0000277e                FTM1_IRQHandler
 .text.FTM2_IRQHandler
                0x00002786        0x8 ./SDK/startup/startup_mk64f12.o
                0x00002786                FTM2_IRQHandler
 .text.CMT_IRQHandler
                0x0000278e        0x8 ./SDK/startup/startup_mk64f12.o
                0x0000278e                CMT_IRQHandler
 .text.RTC_IRQHandler
                0x00002796        0x8 ./SDK/startup/startup_mk64f12.o
                0x00002796                RTC_IRQHandler
 .text.RTC_Seconds_IRQHandler
                0x0000279e        0x8 ./SDK/startup/startup_mk64f12.o
                0x0000279e                RTC_Seconds_IRQHandler
 .text.PIT0_IRQHandler
                0x000027a6        0x8 ./SDK/startup/startup_mk64f12.o
                0x000027a6                PIT0_IRQHandler
 .text.PIT1_IRQHandler
                0x000027ae        0x8 ./SDK/startup/startup_mk64f12.o
                0x000027ae                PIT1_IRQHandler
 .text.PIT2_IRQHandler
                0x000027b6        0x8 ./SDK/startup/startup_mk64f12.o
                0x000027b6                PIT2_IRQHandler
 .text.PIT3_IRQHandler
                0x000027be        0x8 ./SDK/startup/startup_mk64f12.o
                0x000027be                PIT3_IRQHandler
 .text.PDB0_IRQHandler
                0x000027c6        0x8 ./SDK/startup/startup_mk64f12.o
                0x000027c6                PDB0_IRQHandler
 .text.USB0_IRQHandler
                0x000027ce        0x8 ./SDK/startup/startup_mk64f12.o
                0x000027ce                USB0_IRQHandler
 .text.USBDCD_IRQHandler
                0x000027d6        0x8 ./SDK/startup/startup_mk64f12.o
                0x000027d6                USBDCD_IRQHandler
 .text.Reserved71_IRQHandler
                0x000027de        0x8 ./SDK/startup/startup_mk64f12.o
                0x000027de                Reserved71_IRQHandler
 .text.DAC0_IRQHandler
                0x000027e6        0x8 ./SDK/startup/startup_mk64f12.o
                0x000027e6                DAC0_IRQHandler
 .text.MCG_IRQHandler
                0x000027ee        0x8 ./SDK/startup/startup_mk64f12.o
                0x000027ee                MCG_IRQHandler
 .text.LPTMR0_IRQHandler
                0x000027f6        0x8 ./SDK/startup/startup_mk64f12.o
                0x000027f6                LPTMR0_IRQHandler
 .text.SWI_IRQHandler
                0x000027fe        0x8 ./SDK/startup/startup_mk64f12.o
                0x000027fe                SWI_IRQHandler
 .text.SPI2_IRQHandler
                0x00002806        0x8 ./SDK/startup/startup_mk64f12.o
                0x00002806                SPI2_IRQHandler
 .text.UART4_RX_TX_IRQHandler
                0x0000280e        0x8 ./SDK/startup/startup_mk64f12.o
                0x0000280e                UART4_RX_TX_IRQHandler
 .text.UART4_ERR_IRQHandler
                0x00002816        0x8 ./SDK/startup/startup_mk64f12.o
                0x00002816                UART4_ERR_IRQHandler
 .text.UART5_RX_TX_IRQHandler
                0x0000281e        0x8 ./SDK/startup/startup_mk64f12.o
                0x0000281e                UART5_RX_TX_IRQHandler
 .text.UART5_ERR_IRQHandler
                0x00002826        0x8 ./SDK/startup/startup_mk64f12.o
                0x00002826                UART5_ERR_IRQHandler
 .text.CMP2_IRQHandler
                0x0000282e        0x8 ./SDK/startup/startup_mk64f12.o
                0x0000282e                CMP2_IRQHandler
 .text.FTM3_IRQHandler
                0x00002836        0x8 ./SDK/startup/startup_mk64f12.o
                0x00002836                FTM3_IRQHandler
 .text.DAC1_IRQHandler
                0x0000283e        0x8 ./SDK/startup/startup_mk64f12.o
                0x0000283e                DAC1_IRQHandler
 .text.ADC1_IRQHandler
                0x00002846        0x8 ./SDK/startup/startup_mk64f12.o
                0x00002846                ADC1_IRQHandler
 .text.I2C2_IRQHandler
                0x0000284e        0x8 ./SDK/startup/startup_mk64f12.o
                0x0000284e                I2C2_IRQHandler
 .text.CAN0_ORed_Message_buffer_IRQHandler
                0x00002856        0x8 ./SDK/startup/startup_mk64f12.o
                0x00002856                CAN0_ORed_Message_buffer_IRQHandler
 .text.CAN0_Bus_Off_IRQHandler
                0x0000285e        0x8 ./SDK/startup/startup_mk64f12.o
                0x0000285e                CAN0_Bus_Off_IRQHandler
 .text.CAN0_Error_IRQHandler
                0x00002866        0x8 ./SDK/startup/startup_mk64f12.o
                0x00002866                CAN0_Error_IRQHandler
 .text.CAN0_Tx_Warning_IRQHandler
                0x0000286e        0x8 ./SDK/startup/startup_mk64f12.o
                0x0000286e                CAN0_Tx_Warning_IRQHandler
 .text.CAN0_Rx_Warning_IRQHandler
                0x00002876        0x8 ./SDK/startup/startup_mk64f12.o
                0x00002876                CAN0_Rx_Warning_IRQHandler
 .text.CAN0_Wake_Up_IRQHandler
                0x0000287e        0x8 ./SDK/startup/startup_mk64f12.o
                0x0000287e                CAN0_Wake_Up_IRQHandler
 .text.SDHC_IRQHandler
                0x00002886        0x8 ./SDK/startup/startup_mk64f12.o
                0x00002886                SDHC_IRQHandler
 .text.ENET_1588_Timer_IRQHandler
                0x0000288e        0x8 ./SDK/startup/startup_mk64f12.o
                0x0000288e                ENET_1588_Timer_IRQHandler
 .text.ENET_Transmit_IRQHandler
                0x00002896        0x8 ./SDK/startup/startup_mk64f12.o
                0x00002896                ENET_Transmit_IRQHandler
 .text.ENET_Receive_IRQHandler
                0x0000289e        0x8 ./SDK/startup/startup_mk64f12.o
                0x0000289e                ENET_Receive_IRQHandler
 .text.ENET_Error_IRQHandler
                0x000028a6        0x8 ./SDK/startup/startup_mk64f12.o
                0x000028a6                ENET_Error_IRQHandler
 .text.SystemInitHook
                0x000028ae        0xe ./SDK/CMSIS/system_MK64F12.o
                0x000028ae                SystemInitHook
 .text.__aeabi_d2iz
                0x000028bc       0x40 c:/nxp/mcuxpressoide_10.2.0_759/ide/tools/bin/../lib/gcc/arm-none-eabi/7.2.1/thumb/v7e-m/fpv4-sp/hard\libcr_eabihelpers.a(double.o)
                0x000028bc                __aeabi_d2iz
 .text.__bhs_ui2d
                0x000028fc       0x46 c:/nxp/mcuxpressoide_10.2.0_759/ide/tools/bin/../lib/gcc/arm-none-eabi/7.2.1/thumb/v7e-m/fpv4-sp/hard\libcr_eabihelpers.a(double.o)
                0x000028fc                __bhs_ui2d
 .text.__aeabi_i2d
                0x00002942       0x12 c:/nxp/mcuxpressoide_10.2.0_759/ide/tools/bin/../lib/gcc/arm-none-eabi/7.2.1/thumb/v7e-m/fpv4-sp/hard\libcr_eabihelpers.a(double.o)
                0x00002942                __aeabi_i2d
 *(SORT_BY_ALIGNMENT(.rodata) SORT_BY_ALIGNMENT(.rodata.*) SORT_BY_ALIGNMENT(.constdata) SORT_BY_ALIGNMENT(.constdata.*))
 .rodata.SineBuffer
                0x00002954       0x10 ./source/FSK.o
                0x00002954                SineBuffer
 .rodata.filterCoefs
                0x00002964       0x20 ./source/FSK.o
                0x00002964                filterCoefs
                0x00002988                . = ALIGN (0x8)
 *fill*         0x00002984        0x4 ff

.glue_7         0x00002988        0x0
 .glue_7        0x00002988        0x0 linker stubs

.glue_7t        0x00002988        0x0
 .glue_7t       0x00002988        0x0 linker stubs

.vfp11_veneer   0x00002988        0x0
 .vfp11_veneer  0x00002988        0x0 linker stubs

.v4_bx          0x00002988        0x0
 .v4_bx         0x00002988        0x0 linker stubs

.iplt           0x00002988        0x0
 .iplt          0x00002988        0x0 ./source/ADC.o

.rel.dyn        0x00002988        0x0
 .rel.iplt      0x00002988        0x0 ./source/ADC.o

.ARM.extab
 *(SORT_BY_ALIGNMENT(.ARM.extab*) SORT_BY_ALIGNMENT(.gnu.linkonce.armextab.*))
                0x00002988                __exidx_start = .

.ARM.exidx
 *(SORT_BY_ALIGNMENT(.ARM.exidx*) SORT_BY_ALIGNMENT(.gnu.linkonce.armexidx.*))
                0x00002988                __exidx_end = .
                0x00002988                _etext = .

.m_usb_data
 *(SORT_BY_ALIGNMENT(m_usb_bdt))

.data_RAM2      0x1fff0000        0x0 load address 0x00002988
 FILL mask 0xff
                [!provide]                PROVIDE (__start_data_RAM2, .)
 *(SORT_BY_ALIGNMENT(.ramfunc.$RAM2))
 *(SORT_BY_ALIGNMENT(.ramfunc.$SRAM_LOWER))
 *(SORT_BY_ALIGNMENT(.data.$RAM2*))
 *(SORT_BY_ALIGNMENT(.data.$SRAM_LOWER*))
                0x1fff0000                . = ALIGN (0x8)
                [!provide]                PROVIDE (__end_data_RAM2, .)

.data_RAM3      0x14000000        0x0 load address 0x00002988
 FILL mask 0xff
                [!provide]                PROVIDE (__start_data_RAM3, .)
 *(SORT_BY_ALIGNMENT(.ramfunc.$RAM3))
 *(SORT_BY_ALIGNMENT(.ramfunc.$FLEX_RAM))
 *(SORT_BY_ALIGNMENT(.data.$RAM3*))
 *(SORT_BY_ALIGNMENT(.data.$FLEX_RAM*))
                0x14000000                . = ALIGN (0x8)
                [!provide]                PROVIDE (__end_data_RAM3, .)

.uninit_RESERVED
                0x20000000        0x0
 *(SORT_BY_ALIGNMENT(.bss.$RESERVED*))
                0x20000000                . = ALIGN (0x4)
                0x20000000                _end_uninit_RESERVED = .

.data           0x20000000      0x7f8 load address 0x00002988
 FILL mask 0xff
                0x20000000                _data = .
 *(SORT_BY_ALIGNMENT(vtable))
 *(SORT_BY_ALIGNMENT(.ramfunc*))
 *(SORT_BY_ALIGNMENT(.data*))
 .data.ADCConfs
                0x20000000        0x4 ./source/FSK.o
                0x20000000                ADCConfs
 .data.prevState
                0x20000004        0x4 ./source/FSK.o
                0x20000004                prevState
 .data.outBuffer
                0x20000008      0x3f4 ./source/uart_drv.o
 .data.inBuffer
                0x200003fc      0x3f4 ./source/uart_drv.o
 .data.transmitting.7963
                0x200007f0        0x2 ./SDK/startup/main.o
 .data.currBit  0x200007f2        0x1 ./source/FSK.o
                0x200007f2                currBit
                0x200007f8                . = ALIGN (0x8)
 *fill*         0x200007f3        0x5 ff
                0x200007f8                _edata = .

.igot.plt       0x200007f8        0x0 load address 0x00003180
 .igot.plt      0x200007f8        0x0 ./source/ADC.o

.bss_RAM2       0x1fff0000        0x0
                [!provide]                PROVIDE (__start_bss_RAM2, .)
 *(SORT_BY_ALIGNMENT(.bss.$RAM2*))
 *(SORT_BY_ALIGNMENT(.bss.$SRAM_LOWER*))
                0x1fff0000                . = ALIGN ((. != 0x0)?0x8:0x1)
                [!provide]                PROVIDE (__end_bss_RAM2, .)

.bss_RAM3       0x14000000        0x0
                [!provide]                PROVIDE (__start_bss_RAM3, .)
 *(SORT_BY_ALIGNMENT(.bss.$RAM3*))
 *(SORT_BY_ALIGNMENT(.bss.$FLEX_RAM*))
                0x14000000                . = ALIGN ((. != 0x0)?0x8:0x1)
                [!provide]                PROVIDE (__end_bss_RAM3, .)

.bss            0x200007f8    0x114e0
                0x200007f8                _bss = .
 *(SORT_BY_ALIGNMENT(.bss*))
 .bss.SinePointer
                0x200007f8        0x4 ./source/FSK.o
                0x200007f8                SinePointer
 .bss.dataIn    0x200007fc        0x4 ./source/FSK.o
                0x200007fc                dataIn
 .bss.modBuffer
                0x20000800       0x14 ./source/FSK.o
                0x20000800                modBuffer
 .bss.modB      0x20000814     0x4e20 ./source/FSK.o
                0x20000814                modB
 .bss.demodBuffer
                0x20005634       0x14 ./source/FSK.o
                0x20005634                demodBuffer
 .bss.demodB    0x20005648     0x4e20 ./source/FSK.o
                0x20005648                demodB
 .bss.delayedInput
                0x2000a468        0xc ./source/FSK.o
                0x2000a468                delayedInput
 .bss.FIRInput  0x2000a474       0x20 ./source/FSK.o
                0x2000a474                FIRInput
 .bss.overSamplingArray
                0x2000a494       0x58 ./source/FSK.o
                0x2000a494                overSamplingArray
 .bss.oversampleCounter
                0x2000a4ec        0x4 ./source/FSK.o
                0x2000a4ec                oversampleCounter
 .bss.RxBuffer  0x2000a4f0        0xb ./source/FSK.o
                0x2000a4f0                RxBuffer
 *fill*         0x2000a4fb        0x1 
 .bss.tempArray
                0x2000a4fc     0x2710 ./source/FSK.o
                0x2000a4fc                tempArray
 .bss.tempArrayCounter
                0x2000cc0c        0x4 ./source/FSK.o
                0x2000cc0c                tempArrayCounter
 .bss.callback  0x2000cc10        0x4 ./source/SysTick.o
                0x2000cc10                callback
 .bss.CALLBACKS
                0x2000cc14      0x280 ./source/gpio.o
 .bss.mod.4934  0x2000ce94        0x2 ./source/uart2fsk.o
 *fill*         0x2000ce96        0x2 
 .bss.__LDM_interruptDisableCount
                0x2000ce98        0x4 ./SDK/startup/hardware.o
 .bss.bufferApp
                0x2000ce9c       0x14 ./SDK/startup/main.o
                0x2000ce9c                bufferApp
 .bss.Bapp      0x2000ceb0     0x4e20 ./SDK/startup/main.o
                0x2000ceb0                Bapp
 .bss.isHighFreq
                0x20011cd0        0x1 ./source/FSK.o
                0x20011cd0                isHighFreq
 .bss.isRxReceiving
                0x20011cd1        0x1 ./source/FSK.o
                0x20011cd1                isRxReceiving
 .bss.fullRxBuffer
                0x20011cd2        0x1 ./source/FSK.o
                0x20011cd2                fullRxBuffer
 .bss.bitCounter
                0x20011cd3        0x1 ./source/FSK.o
                0x20011cd3                bitCounter
 .bss.yaInit.6772
                0x20011cd4        0x1 ./source/SysTick.o
 .bss.resp      0x20011cd5        0x1 ./SDK/startup/main.o
                0x20011cd5                resp
 *(SORT_BY_ALIGNMENT(COMMON))
                0x20011cd8                . = ALIGN (0x8)
 *fill*         0x20011cd6        0x2 
                0x20011cd8                _ebss = .
                [!provide]                PROVIDE (end, .)

.noinit_RAM2    0x1fff0000        0x0
 *(SORT_BY_ALIGNMENT(.noinit.$RAM2*))
 *(SORT_BY_ALIGNMENT(.noinit.$SRAM_LOWER*))
                0x1fff0000                . = ALIGN (0x8)

.noinit_RAM3    0x14000000        0x0
 *(SORT_BY_ALIGNMENT(.noinit.$RAM3*))
 *(SORT_BY_ALIGNMENT(.noinit.$FLEX_RAM*))
                0x14000000                . = ALIGN (0x8)

.noinit         0x20011cd8        0x0
                0x20011cd8                _noinit = .
 *(SORT_BY_ALIGNMENT(.noinit*))
                0x20011cd8                . = ALIGN (0x8)
                0x20011cd8                _end_noinit = .
                0x00001000                _HeapSize = 0x1000

.heap           0x20011cd8     0x1000
                0x20011cd8                _pvHeapStart = .
                0x20012cd8                . = (. + _HeapSize)
 *fill*         0x20011cd8     0x1000 
                0x20012cd8                . = ALIGN (0x8)
                0x20012cd8                _pvHeapLimit = .
                0x00001000                _StackSize = 0x1000

.heap2stackfill
                0x20012cd8     0x1000
                0x20013cd8                . = (. + _StackSize)
 *fill*         0x20012cd8     0x1000 

.stack          0x2002f000        0x0
                0x2002f000                _vStackBase = .
                0x2002f000                . = ALIGN (0x8)
                0x20030000                _vStackTop = (. + _StackSize)
                0x00000000                _image_start = LOADADDR (.text)
                0x00003180                _image_end = (LOADADDR (.data) + SIZEOF (.data))
                0x00003180                _image_size = (_image_end - _image_start)
OUTPUT(TP3_test.axf elf32-littlearm)

.debug_info     0x00000000     0x74fe
 .debug_info    0x00000000      0xa47 ./source/ADC.o
 .debug_info    0x00000a47      0x9cf ./source/BufferCirc.o
 .debug_info    0x00001416      0x538 ./source/DAC.o
 .debug_info    0x0000194e       0xef ./source/FIR.o
 .debug_info    0x00001a3d      0xe3d ./source/FSK.o
 .debug_info    0x0000287a      0x15f ./source/SysTick.o
 .debug_info    0x000029d9     0x15e2 ./source/gpio.o
 .debug_info    0x00003fbb      0x13e ./source/uart2fsk.o
 .debug_info    0x000040f9     0x14c8 ./source/uart_drv.o
 .debug_info    0x000055c1      0x675 ./SDK/startup/hardware.o
 .debug_info    0x00005c36      0x9e1 ./SDK/startup/main.o
 .debug_info    0x00006617       0x3b ./SDK/startup/semihost_hardfault.o
 .debug_info    0x00006652      0x8b0 ./SDK/startup/startup_mk64f12.o
 .debug_info    0x00006f02      0x5fc ./SDK/CMSIS/system_MK64F12.o

.debug_abbrev   0x00000000     0x1747
 .debug_abbrev  0x00000000      0x237 ./source/ADC.o
 .debug_abbrev  0x00000237      0x20d ./source/BufferCirc.o
 .debug_abbrev  0x00000444      0x177 ./source/DAC.o
 .debug_abbrev  0x000005bb       0x7f ./source/FIR.o
 .debug_abbrev  0x0000063a      0x314 ./source/FSK.o
 .debug_abbrev  0x0000094e      0x115 ./source/SysTick.o
 .debug_abbrev  0x00000a63      0x33b ./source/gpio.o
 .debug_abbrev  0x00000d9e       0xac ./source/uart2fsk.o
 .debug_abbrev  0x00000e4a      0x2fe ./source/uart_drv.o
 .debug_abbrev  0x00001148      0x138 ./SDK/startup/hardware.o
 .debug_abbrev  0x00001280      0x1fd ./SDK/startup/main.o
 .debug_abbrev  0x0000147d       0x2f ./SDK/startup/semihost_hardfault.o
 .debug_abbrev  0x000014ac      0x15c ./SDK/startup/startup_mk64f12.o
 .debug_abbrev  0x00001608      0x13f ./SDK/CMSIS/system_MK64F12.o

.debug_aranges  0x00000000      0x6a0
 .debug_aranges
                0x00000000       0x78 ./source/ADC.o
 .debug_aranges
                0x00000078       0x38 ./source/BufferCirc.o
 .debug_aranges
                0x000000b0       0x38 ./source/DAC.o
 .debug_aranges
                0x000000e8       0x20 ./source/FIR.o
 .debug_aranges
                0x00000108       0x58 ./source/FSK.o
 .debug_aranges
                0x00000160       0x28 ./source/SysTick.o
 .debug_aranges
                0x00000188       0xa8 ./source/gpio.o
 .debug_aranges
                0x00000230       0x20 ./source/uart2fsk.o
 .debug_aranges
                0x00000250       0x70 ./source/uart_drv.o
 .debug_aranges
                0x000002c0       0x30 ./SDK/startup/hardware.o
 .debug_aranges
                0x000002f0       0x30 ./SDK/startup/main.o
 .debug_aranges
                0x00000320       0x20 ./SDK/startup/semihost_hardfault.o
 .debug_aranges
                0x00000340      0x330 ./SDK/startup/startup_mk64f12.o
 .debug_aranges
                0x00000670       0x30 ./SDK/CMSIS/system_MK64F12.o

.debug_ranges   0x00000000      0x5f0
 .debug_ranges  0x00000000       0x68 ./source/ADC.o
 .debug_ranges  0x00000068       0x28 ./source/BufferCirc.o
 .debug_ranges  0x00000090       0x28 ./source/DAC.o
 .debug_ranges  0x000000b8       0x10 ./source/FIR.o
 .debug_ranges  0x000000c8       0x60 ./source/FSK.o
 .debug_ranges  0x00000128       0x18 ./source/SysTick.o
 .debug_ranges  0x00000140       0x98 ./source/gpio.o
 .debug_ranges  0x000001d8       0x10 ./source/uart2fsk.o
 .debug_ranges  0x000001e8       0x78 ./source/uart_drv.o
 .debug_ranges  0x00000260       0x20 ./SDK/startup/hardware.o
 .debug_ranges  0x00000280       0x20 ./SDK/startup/main.o
 .debug_ranges  0x000002a0       0x10 ./SDK/startup/semihost_hardfault.o
 .debug_ranges  0x000002b0      0x320 ./SDK/startup/startup_mk64f12.o
 .debug_ranges  0x000005d0       0x20 ./SDK/CMSIS/system_MK64F12.o

.debug_macro    0x00000000    0x212c5
 .debug_macro   0x00000000       0xb0 ./source/ADC.o
 .debug_macro   0x000000b0      0xa5a ./source/ADC.o
 .debug_macro   0x00000b0a      0x34e ./source/ADC.o
 .debug_macro   0x00000e58       0x22 ./source/ADC.o
 .debug_macro   0x00000e7a       0x10 ./source/ADC.o
 .debug_macro   0x00000e8a       0x5c ./source/ADC.o
 .debug_macro   0x00000ee6       0x1c ./source/ADC.o
 .debug_macro   0x00000f02       0x22 ./source/ADC.o
 .debug_macro   0x00000f24       0xdf ./source/ADC.o
 .debug_macro   0x00001003      0xecf ./source/ADC.o
 .debug_macro   0x00001ed2       0x48 ./source/ADC.o
 .debug_macro   0x00001f1a     0xe07b ./source/ADC.o
 .debug_macro   0x0000ff95     0x122b ./source/ADC.o
 .debug_macro   0x000111c0       0x16 ./source/ADC.o
 .debug_macro   0x000111d6      0x1b3 ./source/BufferCirc.o
 .debug_macro   0x00011389       0x22 ./source/BufferCirc.o
 .debug_macro   0x000113ab       0x52 ./source/BufferCirc.o
 .debug_macro   0x000113fd       0x17 ./source/BufferCirc.o
 .debug_macro   0x00011414       0x8d ./source/BufferCirc.o
 .debug_macro   0x000114a1       0x35 ./source/BufferCirc.o
 .debug_macro   0x000114d6       0x9c ./source/BufferCirc.o
 .debug_macro   0x00011572       0x16 ./source/BufferCirc.o
 .debug_macro   0x00011588       0x57 ./source/BufferCirc.o
 .debug_macro   0x000115df       0x97 ./source/BufferCirc.o
 .debug_macro   0x00011676      0x330 ./source/BufferCirc.o
 .debug_macro   0x000119a6       0xfd ./source/BufferCirc.o
 .debug_macro   0x00011aa3       0x10 ./source/BufferCirc.o
 .debug_macro   0x00011ab3       0x58 ./source/BufferCirc.o
 .debug_macro   0x00011b0b       0x1f ./source/BufferCirc.o
 .debug_macro   0x00011b2a       0x43 ./source/BufferCirc.o
 .debug_macro   0x00011b6d       0x20 ./source/BufferCirc.o
 .debug_macro   0x00011b8d      0x18e ./source/BufferCirc.o
 .debug_macro   0x00011d1b       0x10 ./source/BufferCirc.o
 .debug_macro   0x00011d2b       0x6a ./source/BufferCirc.o
 .debug_macro   0x00011d95       0x1c ./source/BufferCirc.o
 .debug_macro   0x00011db1       0x52 ./source/BufferCirc.o
 .debug_macro   0x00011e03       0x40 ./source/BufferCirc.o
 .debug_macro   0x00011e43       0x10 ./source/BufferCirc.o
 .debug_macro   0x00011e53       0x40 ./source/BufferCirc.o
 .debug_macro   0x00011e93       0xd7 ./source/BufferCirc.o
 .debug_macro   0x00011f6a       0x1c ./source/BufferCirc.o
 .debug_macro   0x00011f86       0x3d ./source/BufferCirc.o
 .debug_macro   0x00011fc3       0x16 ./source/BufferCirc.o
 .debug_macro   0x00011fd9      0x16f ./source/BufferCirc.o
 .debug_macro   0x00012148       0xb6 ./source/DAC.o
 .debug_macro   0x000121fe       0x2e ./source/FIR.o
 .debug_macro   0x0001222c      0x2bf ./source/FSK.o
 .debug_macro   0x000124eb       0x10 ./source/FSK.o
 .debug_macro   0x000124fb      0x32a ./source/FSK.o
 .debug_macro   0x00012825       0x3a ./source/FSK.o
 .debug_macro   0x0001285f       0xb2 ./source/SysTick.o
 .debug_macro   0x00012911      0x26e ./source/gpio.o
 .debug_macro   0x00012b7f       0x5c ./source/gpio.o
 .debug_macro   0x00012bdb     0xe07b ./source/gpio.o
 .debug_macro   0x00020c56       0x16 ./source/gpio.o
 .debug_macro   0x00020c6c       0x34 ./source/uart2fsk.o
 .debug_macro   0x00020ca0      0x248 ./source/uart_drv.o
 .debug_macro   0x00020ee8       0x9c ./SDK/startup/hardware.o
 .debug_macro   0x00020f84      0x287 ./SDK/startup/main.o
 .debug_macro   0x0002120b       0x11 ./SDK/startup/semihost_hardfault.o
 .debug_macro   0x0002121c       0x29 ./SDK/startup/startup_mk64f12.o
 .debug_macro   0x00021245       0x80 ./SDK/CMSIS/system_MK64F12.o

.debug_line     0x00000000     0x2c26
 .debug_line    0x00000000      0x30b ./source/ADC.o
 .debug_line    0x0000030b      0x34c ./source/BufferCirc.o
 .debug_line    0x00000657      0x256 ./source/DAC.o
 .debug_line    0x000008ad       0xdd ./source/FIR.o
 .debug_line    0x0000098a      0x5c2 ./source/FSK.o
 .debug_line    0x00000f4c      0x1a8 ./source/SysTick.o
 .debug_line    0x000010f4      0x5e1 ./source/gpio.o
 .debug_line    0x000016d5       0xde ./source/uart2fsk.o
 .debug_line    0x000017b3      0x554 ./source/uart_drv.o
 .debug_line    0x00001d07      0x1d4 ./SDK/startup/hardware.o
 .debug_line    0x00001edb      0x453 ./SDK/startup/main.o
 .debug_line    0x0000232e       0x59 ./SDK/startup/semihost_hardfault.o
 .debug_line    0x00002387      0x6d8 ./SDK/startup/startup_mk64f12.o
 .debug_line    0x00002a5f      0x1c7 ./SDK/CMSIS/system_MK64F12.o

.debug_str      0x00000000    0x7d0fd
 .debug_str     0x00000000    0x775e5 ./source/ADC.o
                              0x777b0 (size before relaxing)
 .debug_str     0x000775e5     0x463a ./source/BufferCirc.o
                               0x7f37 (size before relaxing)
 .debug_str     0x0007bc1f      0x12d ./source/DAC.o
                              0x771be (size before relaxing)
 .debug_str     0x0007bd4c       0x30 ./source/FIR.o
                               0x37f0 (size before relaxing)
 .debug_str     0x0007bd7c      0x307 ./source/FSK.o
                              0x7bae0 (size before relaxing)
 .debug_str     0x0007c083       0x71 ./source/SysTick.o
                              0x7706a (size before relaxing)
 .debug_str     0x0007c0f4      0x3ca ./source/gpio.o
                              0x7c15d (size before relaxing)
 .debug_str     0x0007c4be       0x67 ./source/uart2fsk.o
                               0x3843 (size before relaxing)
 .debug_str     0x0007c525      0x209 ./source/uart_drv.o
                              0x7bf7a (size before relaxing)
 .debug_str     0x0007c72e      0x11b ./SDK/startup/hardware.o
                              0x77205 (size before relaxing)
 .debug_str     0x0007c849       0x73 ./SDK/startup/main.o
                              0x7b840 (size before relaxing)
 .debug_str     0x0007c8bc       0x36 ./SDK/startup/semihost_hardfault.o
                               0x2d3f (size before relaxing)
 .debug_str     0x0007c8f2      0x7a9 ./SDK/startup/startup_mk64f12.o
                               0x35ad (size before relaxing)
 .debug_str     0x0007d09b       0x62 ./SDK/CMSIS/system_MK64F12.o
                              0x77114 (size before relaxing)

.comment        0x00000000       0x7e
 .comment       0x00000000       0x7e ./source/ADC.o
                                 0x7f (size before relaxing)
 .comment       0x0000007e       0x7f ./source/BufferCirc.o
 .comment       0x0000007e       0x7f ./source/DAC.o
 .comment       0x0000007e       0x7f ./source/FIR.o
 .comment       0x0000007e       0x7f ./source/FSK.o
 .comment       0x0000007e       0x7f ./source/SysTick.o
 .comment       0x0000007e       0x7f ./source/gpio.o
 .comment       0x0000007e       0x7f ./source/uart2fsk.o
 .comment       0x0000007e       0x7f ./source/uart_drv.o
 .comment       0x0000007e       0x7f ./SDK/startup/hardware.o
 .comment       0x0000007e       0x7f ./SDK/startup/main.o
 .comment       0x0000007e       0x7f ./SDK/startup/semihost_hardfault.o
 .comment       0x0000007e       0x7f ./SDK/startup/startup_mk64f12.o
 .comment       0x0000007e       0x7f ./SDK/CMSIS/system_MK64F12.o
 .comment       0x0000007e       0x7f c:/nxp/mcuxpressoide_10.2.0_759/ide/tools/bin/../lib/gcc/arm-none-eabi/7.2.1/thumb/v7e-m/fpv4-sp/hard\libcr_eabihelpers.a(double.o)
 .comment       0x0000007e       0x7f c:/nxp/mcuxpressoide_10.2.0_759/ide/tools/bin/../lib/gcc/arm-none-eabi/7.2.1/thumb/v7e-m/fpv4-sp/hard\libcr_eabihelpers.a(float.o)

.ARM.attributes
                0x00000000       0x37
 .ARM.attributes
                0x00000000       0x39 ./source/ADC.o
 .ARM.attributes
                0x00000039       0x39 ./source/BufferCirc.o
 .ARM.attributes
                0x00000072       0x39 ./source/DAC.o
 .ARM.attributes
                0x000000ab       0x39 ./source/FIR.o
 .ARM.attributes
                0x000000e4       0x39 ./source/FSK.o
 .ARM.attributes
                0x0000011d       0x39 ./source/SysTick.o
 .ARM.attributes
                0x00000156       0x39 ./source/gpio.o
 .ARM.attributes
                0x0000018f       0x39 ./source/uart2fsk.o
 .ARM.attributes
                0x000001c8       0x39 ./source/uart_drv.o
 .ARM.attributes
                0x00000201       0x39 ./SDK/startup/hardware.o
 .ARM.attributes
                0x0000023a       0x39 ./SDK/startup/main.o
 .ARM.attributes
                0x00000273       0x39 ./SDK/startup/semihost_hardfault.o
 .ARM.attributes
                0x000002ac       0x39 ./SDK/startup/startup_mk64f12.o
 .ARM.attributes
                0x000002e5       0x39 ./SDK/CMSIS/system_MK64F12.o
 .ARM.attributes
                0x0000031e       0x39 c:/nxp/mcuxpressoide_10.2.0_759/ide/tools/bin/../lib/gcc/arm-none-eabi/7.2.1/thumb/v7e-m/fpv4-sp/hard\libcr_eabihelpers.a(double.o)
 .ARM.attributes
                0x00000357       0x39 c:/nxp/mcuxpressoide_10.2.0_759/ide/tools/bin/../lib/gcc/arm-none-eabi/7.2.1/thumb/v7e-m/fpv4-sp/hard\libcr_eabihelpers.a(float.o)

.debug_frame    0x00000000     0x143c
 .debug_frame   0x00000000      0x1c0 ./source/ADC.o
 .debug_frame   0x000001c0       0xb0 ./source/BufferCirc.o
 .debug_frame   0x00000270       0xa8 ./source/DAC.o
 .debug_frame   0x00000318       0x38 ./source/FIR.o
 .debug_frame   0x00000350      0x12c ./source/FSK.o
 .debug_frame   0x0000047c       0x64 ./source/SysTick.o
 .debug_frame   0x000004e0      0x2f4 ./source/gpio.o
 .debug_frame   0x000007d4       0x38 ./source/uart2fsk.o
 .debug_frame   0x0000080c      0x1bc ./source/uart_drv.o
 .debug_frame   0x000009c8       0x70 ./SDK/startup/hardware.o
 .debug_frame   0x00000a38       0x6c ./SDK/startup/main.o
 .debug_frame   0x00000aa4       0x20 ./SDK/startup/semihost_hardfault.o
 .debug_frame   0x00000ac4      0x904 ./SDK/startup/startup_mk64f12.o
 .debug_frame   0x000013c8       0x74 ./SDK/CMSIS/system_MK64F12.o
