Archive member included to satisfy reference by file (symbol)

e:/programs(e)/mcuxpressoide_10.2.0_759/ide/tools/bin/../lib/gcc/arm-none-eabi/7.2.1/../../../../arm-none-eabi/lib/thumb/v7e-m/fpv4-sp/hard\libcr_c.a(memset.o)
                              ./source/App.o (memset)
e:/programs(e)/mcuxpressoide_10.2.0_759/ide/tools/bin/../lib/gcc/arm-none-eabi/7.2.1/../../../../arm-none-eabi/lib/thumb/v7e-m/fpv4-sp/hard\libcr_c.a(atan.o)
                              ./source/FXOS8700CQ.o (atan)
e:/programs(e)/mcuxpressoide_10.2.0_759/ide/tools/bin/../lib/gcc/arm-none-eabi/7.2.1/../../../../arm-none-eabi/lib/thumb/v7e-m/fpv4-sp/hard\libcr_c.a(cos.o)
                              ./source/FXOS8700CQ.o (cos)
e:/programs(e)/mcuxpressoide_10.2.0_759/ide/tools/bin/../lib/gcc/arm-none-eabi/7.2.1/../../../../arm-none-eabi/lib/thumb/v7e-m/fpv4-sp/hard\libcr_c.a(fabs.o)
                              e:/programs(e)/mcuxpressoide_10.2.0_759/ide/tools/bin/../lib/gcc/arm-none-eabi/7.2.1/../../../../arm-none-eabi/lib/thumb/v7e-m/fpv4-sp/hard\libcr_c.a(atan.o) (fabs)
e:/programs(e)/mcuxpressoide_10.2.0_759/ide/tools/bin/../lib/gcc/arm-none-eabi/7.2.1/../../../../arm-none-eabi/lib/thumb/v7e-m/fpv4-sp/hard\libcr_c.a(fpprintf.o)
                              ./source/gpio.o (printf)
e:/programs(e)/mcuxpressoide_10.2.0_759/ide/tools/bin/../lib/gcc/arm-none-eabi/7.2.1/../../../../arm-none-eabi/lib/thumb/v7e-m/fpv4-sp/hard\libcr_c.a(printf.o)
                              e:/programs(e)/mcuxpressoide_10.2.0_759/ide/tools/bin/../lib/gcc/arm-none-eabi/7.2.1/../../../../arm-none-eabi/lib/thumb/v7e-m/fpv4-sp/hard\libcr_c.a(fpprintf.o) (__vfprintf)
e:/programs(e)/mcuxpressoide_10.2.0_759/ide/tools/bin/../lib/gcc/arm-none-eabi/7.2.1/../../../../arm-none-eabi/lib/thumb/v7e-m/fpv4-sp/hard\libcr_c.a(sin.o)
                              ./source/FXOS8700CQ.o (sin)
e:/programs(e)/mcuxpressoide_10.2.0_759/ide/tools/bin/../lib/gcc/arm-none-eabi/7.2.1/../../../../arm-none-eabi/lib/thumb/v7e-m/fpv4-sp/hard\libcr_c.a(sqrt.o)
                              ./source/FXOS8700CQ.o (sqrt)
e:/programs(e)/mcuxpressoide_10.2.0_759/ide/tools/bin/../lib/gcc/arm-none-eabi/7.2.1/../../../../arm-none-eabi/lib/thumb/v7e-m/fpv4-sp/hard\libcr_c.a(stdlib.o)
                              ./source/FXOS8700CQ.o (abs)
e:/programs(e)/mcuxpressoide_10.2.0_759/ide/tools/bin/../lib/gcc/arm-none-eabi/7.2.1/../../../../arm-none-eabi/lib/thumb/v7e-m/fpv4-sp/hard\libcr_c.a(strlen.o)
                              e:/programs(e)/mcuxpressoide_10.2.0_759/ide/tools/bin/../lib/gcc/arm-none-eabi/7.2.1/../../../../arm-none-eabi/lib/thumb/v7e-m/fpv4-sp/hard\libcr_c.a(printf.o) (strlen)
e:/programs(e)/mcuxpressoide_10.2.0_759/ide/tools/bin/../lib/gcc/arm-none-eabi/7.2.1/../../../../arm-none-eabi/lib/thumb/v7e-m/fpv4-sp/hard\libcr_c.a(_deferredlazyseek.o)
                              e:/programs(e)/mcuxpressoide_10.2.0_759/ide/tools/bin/../lib/gcc/arm-none-eabi/7.2.1/../../../../arm-none-eabi/lib/thumb/v7e-m/fpv4-sp/hard\libcr_c.a(fpprintf.o) (__flsbuf)
e:/programs(e)/mcuxpressoide_10.2.0_759/ide/tools/bin/../lib/gcc/arm-none-eabi/7.2.1/../../../../arm-none-eabi/lib/thumb/v7e-m/fpv4-sp/hard\libcr_c.a(_fflush.o)
                              e:/programs(e)/mcuxpressoide_10.2.0_759/ide/tools/bin/../lib/gcc/arm-none-eabi/7.2.1/../../../../arm-none-eabi/lib/thumb/v7e-m/fpv4-sp/hard\libcr_c.a(_deferredlazyseek.o) (_fflush)
e:/programs(e)/mcuxpressoide_10.2.0_759/ide/tools/bin/../lib/gcc/arm-none-eabi/7.2.1/../../../../arm-none-eabi/lib/thumb/v7e-m/fpv4-sp/hard\libcr_c.a(_frexpl.o)
                              e:/programs(e)/mcuxpressoide_10.2.0_759/ide/tools/bin/../lib/gcc/arm-none-eabi/7.2.1/../../../../arm-none-eabi/lib/thumb/v7e-m/fpv4-sp/hard\libcr_c.a(fpprintf.o) (_frexpl)
e:/programs(e)/mcuxpressoide_10.2.0_759/ide/tools/bin/../lib/gcc/arm-none-eabi/7.2.1/../../../../arm-none-eabi/lib/thumb/v7e-m/fpv4-sp/hard\libcr_c.a(_hugeval.o)
                              e:/programs(e)/mcuxpressoide_10.2.0_759/ide/tools/bin/../lib/gcc/arm-none-eabi/7.2.1/../../../../arm-none-eabi/lib/thumb/v7e-m/fpv4-sp/hard\libcr_c.a(sqrt.o) (__huge_val)
e:/programs(e)/mcuxpressoide_10.2.0_759/ide/tools/bin/../lib/gcc/arm-none-eabi/7.2.1/../../../../arm-none-eabi/lib/thumb/v7e-m/fpv4-sp/hard\libcr_c.a(_ldexpl.o)
                              e:/programs(e)/mcuxpressoide_10.2.0_759/ide/tools/bin/../lib/gcc/arm-none-eabi/7.2.1/../../../../arm-none-eabi/lib/thumb/v7e-m/fpv4-sp/hard\libcr_c.a(fpprintf.o) (_ldexpl)
e:/programs(e)/mcuxpressoide_10.2.0_759/ide/tools/bin/../lib/gcc/arm-none-eabi/7.2.1/../../../../arm-none-eabi/lib/thumb/v7e-m/fpv4-sp/hard\libcr_c.a(_sincos.o)
                              e:/programs(e)/mcuxpressoide_10.2.0_759/ide/tools/bin/../lib/gcc/arm-none-eabi/7.2.1/../../../../arm-none-eabi/lib/thumb/v7e-m/fpv4-sp/hard\libcr_c.a(cos.o) (_sincos)
[...]
Memory Configuration

Name             Origin             Length             Attributes
PROGRAM_FLASH    0x00000000         0x00100000         xr
SRAM_UPPER       0x20000000         0x00030000         xrw
SRAM_LOWER       0x1fff0000         0x00010000         xrw
FLEX_RAM         0x14000000         0x00001000         xrw
*default*        0x00000000         0xffffffff

Linker script and memory map

LOAD ./source/App.o
LOAD ./source/FXOS8700CQ.o
LOAD ./source/SysTick.o
LOAD ./source/gpio.o
LOAD ./source/i2cm.o
LOAD ./source/template.o
LOAD ./source/timer.o
LOAD ./SDK/startup/hardware.o
LOAD ./SDK/startup/main.o
LOAD ./SDK/startup/semihost_hardfault.o
LOAD ./SDK/startup/startup_mk64f12.o
LOAD ./SDK/CMSIS/system_MK64F12.o
START GROUP
LOAD e:/programs(e)/mcuxpressoide_10.2.0_759/ide/tools/bin/../lib/gcc/arm-none-eabi/7.2.1/../../../../arm-none-eabi/lib/thumb/v7e-m/fpv4-sp/hard\libcr_semihost.a
LOAD e:/programs(e)/mcuxpressoide_10.2.0_759/ide/tools/bin/../lib/gcc/arm-none-eabi/7.2.1/../../../../arm-none-eabi/lib/thumb/v7e-m/fpv4-sp/hard\libcr_c.a
LOAD e:/programs(e)/mcuxpressoide_10.2.0_759/ide/tools/bin/../lib/gcc/arm-none-eabi/7.2.1/thumb/v7e-m/fpv4-sp/hard\libcr_eabihelpers.a
END GROUP
                0x00000000                __base_PROGRAM_FLASH = 0x0
                0x00000000                __base_Flash = 0x0
                0x00100000                __top_PROGRAM_FLASH = 0x100000
                0x00100000                __top_Flash = 0x100000
                0x20000000                __base_SRAM_UPPER = 0x20000000
                0x20000000                __base_RAM = 0x20000000
                0x20030000                __top_SRAM_UPPER = 0x20030000
                0x20030000                __top_RAM = 0x20030000
                0x1fff0000                __base_SRAM_LOWER = 0x1fff0000
                0x1fff0000                __base_RAM2 = 0x1fff0000
                0x20000000                __top_SRAM_LOWER = 0x20000000
                0x20000000                __top_RAM2 = 0x20000000
                0x14000000                __base_FLEX_RAM = 0x14000000
                0x14000000                __base_RAM3 = 0x14000000
                0x14001000                __top_FLEX_RAM = 0x14001000
                0x14001000                __top_RAM3 = 0x14001000

.text           0x00000000     0x27f8
 FILL mask 0xff
                0x00000000                __vectors_start__ = ABSOLUTE (.)
 *(SORT_BY_ALIGNMENT(.isr_vector))
 .isr_vector    0x00000000      0x198 ./SDK/startup/startup_mk64f12.o
                0x00000000                g_pfnVectors
                0x00000000                __Vectors
                0x00000198                . = ALIGN (0x4)
                0x00000198                __section_table_start = .
                0x00000198                __data_section_table = .
                0x00000198        0x4 LONG 0x27f8 LOADADDR (.data)
                0x0000019c        0x4 LONG 0x20000000 ADDR (.data)
                0x000001a0        0x4 LONG 0x10 SIZEOF (.data)
                0x000001a4        0x4 LONG 0x27f8 LOADADDR (.data_RAM2)
                0x000001a8        0x4 LONG 0x1fff0000 ADDR (.data_RAM2)
                0x000001ac        0x4 LONG 0x0 SIZEOF (.data_RAM2)
                0x000001b0        0x4 LONG 0x27f8 LOADADDR (.data_RAM3)
                0x000001b4        0x4 LONG 0x14000000 ADDR (.data_RAM3)
                0x000001b8        0x4 LONG 0x0 SIZEOF (.data_RAM3)
                0x000001bc                __data_section_table_end = .
                0x000001bc                __bss_section_table = .
                0x000001bc        0x4 LONG 0x20000010 ADDR (.bss)
                0x000001c0        0x4 LONG 0x2b0 SIZEOF (.bss)
                0x000001c4        0x4 LONG 0x1fff0000 ADDR (.bss_RAM2)
                0x000001c8        0x4 LONG 0x0 SIZEOF (.bss_RAM2)
                0x000001cc        0x4 LONG 0x14000000 ADDR (.bss_RAM3)
                0x000001d0        0x4 LONG 0x0 SIZEOF (.bss_RAM3)
                0x000001d4                __bss_section_table_end = .
                0x000001d4                __section_table_end = .
 *(SORT_BY_ALIGNMENT(.after_vectors*))
 .after_vectors.reset
                0x000001d4       0x4c ./SDK/startup/startup_mk64f12.o
                0x000001d4                ResetISR
 .after_vectors.init_data
                0x00000220       0x1e ./SDK/startup/startup_mk64f12.o
                0x00000220                data_init
 .after_vectors.init_bss
                0x0000023e       0x12 ./SDK/startup/startup_mk64f12.o
                0x0000023e                bss_init
 .after_vectors
                0x00000250       0x14 ./SDK/startup/startup_mk64f12.o
                0x00000250                NMI_Handler
                0x00000254                MemManage_Handler
                0x00000256                BusFault_Handler
                0x00000258                UsageFault_Handler
                0x0000025a                SVC_Handler
                0x0000025c                DebugMon_Handler
                0x0000025e                PendSV_Handler
                0x00000262                DMA_Error_DriverIRQHandler
                0x00000262                LPTMR0_DriverIRQHandler
                0x00000262                FTM1_DriverIRQHandler
                0x00000262                FTM2_DriverIRQHandler
                0x00000262                PIT2_DriverIRQHandler
                0x00000262                SDHC_DriverIRQHandler
                0x00000262                I2S0_Tx_DriverIRQHandler
                0x00000262                RTC_Seconds_DriverIRQHandler
                0x00000262                DMA6_DriverIRQHandler
                0x00000262                LLWU_DriverIRQHandler
                0x00000262                MCM_DriverIRQHandler
                0x00000262                MCG_DriverIRQHandler
                0x00000262                ENET_1588_Timer_DriverIRQHandler
                0x00000262                I2C2_DriverIRQHandler
                0x00000262                DAC1_DriverIRQHandler
                0x00000262                SPI1_DriverIRQHandler
                0x00000262                CMP1_DriverIRQHandler
                0x00000262                UART5_RX_TX_DriverIRQHandler
                0x00000262                FTM0_DriverIRQHandler
                0x00000262                IntDefaultHandler
                0x00000262                USB0_DriverIRQHandler
                0x00000262                UART5_ERR_DriverIRQHandler
                0x00000262                PORTC_DriverIRQHandler
                0x00000262                DMA11_DriverIRQHandler
                0x00000262                DAC0_DriverIRQHandler
                0x00000262                DMA10_DriverIRQHandler
                0x00000262                CMP2_DriverIRQHandler
                0x00000262                UART2_ERR_DriverIRQHandler
                0x00000262                SPI2_DriverIRQHandler
                0x00000262                LVD_LVW_DriverIRQHandler
                0x00000262                PIT0_DriverIRQHandler
                0x00000262                RNG_DriverIRQHandler
                0x00000262                DMA5_DriverIRQHandler
                0x00000262                DMA12_DriverIRQHandler
                0x00000262                UART2_RX_TX_DriverIRQHandler
                0x00000262                USBDCD_DriverIRQHandler
                0x00000262                UART3_ERR_DriverIRQHandler
                0x00000262                DMA3_DriverIRQHandler
                0x00000262                DMA8_DriverIRQHandler
                0x00000262                DMA9_DriverIRQHandler
                0x00000262                UART0_ERR_DriverIRQHandler
                0x00000262                CMT_DriverIRQHandler
                0x00000262                Reserved71_DriverIRQHandler
                0x00000262                ADC1_DriverIRQHandler
                0x00000262                PORTA_DriverIRQHandler
                0x00000262                DMA14_DriverIRQHandler
                0x00000262                PIT3_DriverIRQHandler
                0x00000262                PIT1_DriverIRQHandler
                0x00000262                WDOG_EWM_DriverIRQHandler
                0x00000262                PDB0_DriverIRQHandler
                0x00000262                RTC_DriverIRQHandler
                0x00000262                I2S0_Rx_DriverIRQHandler
                0x00000262                Read_Collision_DriverIRQHandler
                0x00000262                SWI_DriverIRQHandler
                0x00000262                UART4_RX_TX_DriverIRQHandler
                0x00000262                UART4_ERR_DriverIRQHandler
                0x00000262                PORTB_DriverIRQHandler
                0x00000262                UART0_LON_DriverIRQHandler
                0x00000262                DMA0_DriverIRQHandler
                0x00000262                DMA1_DriverIRQHandler
                0x00000262                I2C1_DriverIRQHandler
                0x00000262                UART3_RX_TX_DriverIRQHandler
                0x00000262                ENET_Receive_DriverIRQHandler
                0x00000262                DMA13_DriverIRQHandler
                0x00000262                ENET_Error_DriverIRQHandler
                0x00000262                DMA15_DriverIRQHandler
                0x00000262                UART0_RX_TX_DriverIRQHandler
                0x00000262                SPI0_DriverIRQHandler
                0x00000262                ADC0_DriverIRQHandler
                0x00000262                CMP0_DriverIRQHandler
                0x00000262                CAN0_DriverIRQHandler
                0x00000262                FTM3_DriverIRQHandler
                0x00000262                DMA4_DriverIRQHandler
                0x00000262                UART1_ERR_DriverIRQHandler
                0x00000262                DMA2_DriverIRQHandler
                0x00000262                ENET_Transmit_DriverIRQHandler
                0x00000262                PORTD_DriverIRQHandler
                0x00000262                PORTE_DriverIRQHandler
                0x00000262                FTFE_DriverIRQHandler
                0x00000262                I2C0_DriverIRQHandler
                0x00000262                DMA7_DriverIRQHandler
                0x00000262                UART1_RX_TX_DriverIRQHandler
                0x00000400                . = 0x400
 *fill*         0x00000264      0x19c ff
                0x00000400                PROVIDE (__FLASH_CONFIG_START__, .)
 *(SORT_BY_ALIGNMENT(.FlashConfig))
 .FlashConfig   0x00000400       0x10 ./SDK/startup/startup_mk64f12.o
                0x00000400                Flash_Config
                0x00000410                PROVIDE (__FLASH_CONFIG_END__, .)
                0x00000001                ASSERT (! ((__FLASH_CONFIG_START__ == __FLASH_CONFIG_END__)), Linker Flash Config Support Enabled, but no .FlashConfig section provided within application)
 *(SORT_BY_ALIGNMENT(.text*))
 .text.raw_2_angles
                0x00000410      0x3e4 ./source/FXOS8700CQ.o
                0x00000410                raw_2_angles
 *fill*         0x000007f4        0x4 ff
 .text.atan     0x000007f8      0x224 e:/programs(e)/mcuxpressoide_10.2.0_759/ide/tools/bin/../lib/gcc/arm-none-eabi/7.2.1/../../../../arm-none-eabi/lib/thumb/v7e-m/fpv4-sp/hard\libcr_c.a(atan.o)
                0x000007f8                atan
 *fill*         0x00000a1c        0x4 ff
 .text.cos      0x00000a20       0x68 e:/programs(e)/mcuxpressoide_10.2.0_759/ide/tools/bin/../lib/gcc/arm-none-eabi/7.2.1/../../../../arm-none-eabi/lib/thumb/v7e-m/fpv4-sp/hard\libcr_c.a(cos.o)
                0x00000a20                cos
 .text.sqrt     0x00000a88      0x11c e:/programs(e)/mcuxpressoide_10.2.0_759/ide/tools/bin/../lib/gcc/arm-none-eabi/7.2.1/../../../../arm-none-eabi/lib/thumb/v7e-m/fpv4-sp/hard\libcr_c.a(sqrt.o)
                0x00000a88                sqrt
 *fill*         0x00000ba4        0x4 ff
 .text._sincos  0x00000ba8      0x214 e:/programs(e)/mcuxpressoide_10.2.0_759/ide/tools/bin/../lib/gcc/arm-none-eabi/7.2.1/../../../../arm-none-eabi/lib/thumb/v7e-m/fpv4-sp/hard\libcr_c.a(_sincos.o)
                0x00000ba8                _sincos
 .text.createstring
                0x00000dbc      0x10c ./source/App.o
                0x00000dbc                createstring
 .text.accel_mag_init
                0x00000ec8      0x1c0 ./source/FXOS8700CQ.o
                0x00000ec8                accel_mag_init
 .text.read_accel_data
                0x00001088       0x3c ./source/FXOS8700CQ.o
                0x00001088                read_accel_data
 .text.is_accel_data_ready
                0x000010c4       0xd0 ./source/FXOS8700CQ.o
                0x000010c4                is_accel_data_ready
 .text.SysTick_Handler
                0x00001194       0x2c ./source/SysTick.o
                0x00001194                SysTick_Handler
 .text.IRQs_Handler
                0x000011c0       0x20 ./source/gpio.o
                0x000011c0                IRQs_Handler
 .text.Search_ISF
                0x000011e0      0x148 ./source/gpio.o
                0x000011e0                Search_ISF
 .text.PORTA_IRQHandler
                0x00001328       0x44 ./source/gpio.o
                0x00001328                PORTA_IRQHandler
 .text.PORTB_IRQHandler
                0x0000136c       0x48 ./source/gpio.o
                0x0000136c                PORTB_IRQHandler
 .text.PORTC_IRQHandler
                0x000013b4       0x48 ./source/gpio.o
                0x000013b4                PORTC_IRQHandler
 .text.PORTD_IRQHandler
                0x000013fc       0x48 ./source/gpio.o
                0x000013fc                PORTD_IRQHandler
 .text.PORTE_IRQHandler
                0x00001444       0x48 ./source/gpio.o
                0x00001444                PORTE_IRQHandler
 .text.__NVIC_EnableIRQ
                0x0000148c       0x3c ./source/i2cm.o
 .text.I2C_init
                0x000014c8      0x170 ./source/i2cm.o
                0x000014c8                I2C_init
 .text.i2cSimpleTransaction
                0x00001638       0xbc ./source/i2cm.o
                0x00001638                i2cSimpleTransaction
 .text.i2c_repeat_start
                0x000016f4       0xd8 ./source/i2cm.o
                0x000016f4                i2c_repeat_start
 .text.i2c_is_busy
                0x000017cc       0x34 ./source/i2cm.o
                0x000017cc                i2c_is_busy
 .text.i2c_write_ok
                0x00001800       0x2c ./source/i2cm.o
                0x00001800                i2c_write_ok
 .text.I2C0_IRQHandler
                0x0000182c      0x1a0 ./source/i2cm.o
                0x0000182c                I2C0_IRQHandler
 .text.I2C1_IRQHandler
                0x000019cc      0x16c ./source/i2cm.o
                0x000019cc                I2C1_IRQHandler
 .text.hw_Init  0x00001b38      0x10c ./SDK/startup/hardware.o
                0x00001b38                hw_Init
 .text.SystemInit
                0x00001c44       0x3c ./SDK/CMSIS/system_MK64F12.o
                0x00001c44                SystemInit
 .text.__aeabi_dmul
                0x00001c80      0x11c e:/programs(e)/mcuxpressoide_10.2.0_759/ide/tools/bin/../lib/gcc/arm-none-eabi/7.2.1/thumb/v7e-m/fpv4-sp/hard\libcr_eabihelpers.a(double.o)
                0x00001c80                __aeabi_dmul
 .text.__aeabi_ddiv
                0x00001d9c      0x138 e:/programs(e)/mcuxpressoide_10.2.0_759/ide/tools/bin/../lib/gcc/arm-none-eabi/7.2.1/thumb/v7e-m/fpv4-sp/hard\libcr_eabihelpers.a(double.o)
                0x00001d9c                __aeabi_ddiv
 .text.__aeabi_dsub
                0x00001ed4      0x1b4 e:/programs(e)/mcuxpressoide_10.2.0_759/ide/tools/bin/../lib/gcc/arm-none-eabi/7.2.1/thumb/v7e-m/fpv4-sp/hard\libcr_eabihelpers.a(double.o)
                0x00001ed4                __aeabi_dsub
 .text.__aeabi_dadd
                0x00002088      0x10c e:/programs(e)/mcuxpressoide_10.2.0_759/ide/tools/bin/../lib/gcc/arm-none-eabi/7.2.1/thumb/v7e-m/fpv4-sp/hard\libcr_eabihelpers.a(double.o)
                0x00002088                __aeabi_dadd
 .text.App_Init
                0x00002194       0x16 ./source/App.o
                0x00002194                App_Init
 .text.App_Run  0x000021aa       0x7e ./source/App.o
                0x000021aa                App_Run
 .text.delay    0x00002228       0x24 ./source/FXOS8700CQ.o
 .text.resetDelay
                0x0000224c       0x26 ./source/FXOS8700CQ.o
 .text.main     0x00002272       0x12 ./SDK/startup/main.o
                0x00002272                main
 .text.HardFault_Handler
                0x00002284       0x2c ./SDK/startup/semihost_hardfault.o
                0x00002284                HardFault_Handler
 .text.DMA0_IRQHandler
                0x000022b0        0x8 ./SDK/startup/startup_mk64f12.o
                0x000022b0                DMA0_IRQHandler
 .text.DMA1_IRQHandler
                0x000022b8        0x8 ./SDK/startup/startup_mk64f12.o
                0x000022b8                DMA1_IRQHandler
 .text.DMA2_IRQHandler
                0x000022c0        0x8 ./SDK/startup/startup_mk64f12.o
                0x000022c0                DMA2_IRQHandler
 .text.DMA3_IRQHandler
                0x000022c8        0x8 ./SDK/startup/startup_mk64f12.o
                0x000022c8                DMA3_IRQHandler
 .text.DMA4_IRQHandler
                0x000022d0        0x8 ./SDK/startup/startup_mk64f12.o
                0x000022d0                DMA4_IRQHandler
 .text.DMA5_IRQHandler
                0x000022d8        0x8 ./SDK/startup/startup_mk64f12.o
                0x000022d8                DMA5_IRQHandler
 .text.DMA6_IRQHandler
                0x000022e0        0x8 ./SDK/startup/startup_mk64f12.o
                0x000022e0                DMA6_IRQHandler
 .text.DMA7_IRQHandler
                0x000022e8        0x8 ./SDK/startup/startup_mk64f12.o
                0x000022e8                DMA7_IRQHandler
 .text.DMA8_IRQHandler
                0x000022f0        0x8 ./SDK/startup/startup_mk64f12.o
                0x000022f0                DMA8_IRQHandler
 .text.DMA9_IRQHandler
                0x000022f8        0x8 ./SDK/startup/startup_mk64f12.o
                0x000022f8                DMA9_IRQHandler
 .text.DMA10_IRQHandler
                0x00002300        0x8 ./SDK/startup/startup_mk64f12.o
                0x00002300                DMA10_IRQHandler
 .text.DMA11_IRQHandler
                0x00002308        0x8 ./SDK/startup/startup_mk64f12.o
                0x00002308                DMA11_IRQHandler
 .text.DMA12_IRQHandler
                0x00002310        0x8 ./SDK/startup/startup_mk64f12.o
                0x00002310                DMA12_IRQHandler
 .text.DMA13_IRQHandler
                0x00002318        0x8 ./SDK/startup/startup_mk64f12.o
                0x00002318                DMA13_IRQHandler
 .text.DMA14_IRQHandler
                0x00002320        0x8 ./SDK/startup/startup_mk64f12.o
                0x00002320                DMA14_IRQHandler
 .text.DMA15_IRQHandler
                0x00002328        0x8 ./SDK/startup/startup_mk64f12.o
                0x00002328                DMA15_IRQHandler
 .text.DMA_Error_IRQHandler
                0x00002330        0x8 ./SDK/startup/startup_mk64f12.o
                0x00002330                DMA_Error_IRQHandler
 .text.MCM_IRQHandler
                0x00002338        0x8 ./SDK/startup/startup_mk64f12.o
                0x00002338                MCM_IRQHandler
 .text.FTFE_IRQHandler
                0x00002340        0x8 ./SDK/startup/startup_mk64f12.o
                0x00002340                FTFE_IRQHandler
 .text.Read_Collision_IRQHandler
                0x00002348        0x8 ./SDK/startup/startup_mk64f12.o
                0x00002348                Read_Collision_IRQHandler
 .text.LVD_LVW_IRQHandler
                0x00002350        0x8 ./SDK/startup/startup_mk64f12.o
                0x00002350                LVD_LVW_IRQHandler
 .text.LLWU_IRQHandler
                0x00002358        0x8 ./SDK/startup/startup_mk64f12.o
                0x00002358                LLWU_IRQHandler
 .text.WDOG_EWM_IRQHandler
                0x00002360        0x8 ./SDK/startup/startup_mk64f12.o
                0x00002360                WDOG_EWM_IRQHandler
 .text.RNG_IRQHandler
                0x00002368        0x8 ./SDK/startup/startup_mk64f12.o
                0x00002368                RNG_IRQHandler
 .text.SPI0_IRQHandler
                0x00002370        0x8 ./SDK/startup/startup_mk64f12.o
                0x00002370                SPI0_IRQHandler
 .text.SPI1_IRQHandler
                0x00002378        0x8 ./SDK/startup/startup_mk64f12.o
                0x00002378                SPI1_IRQHandler
 .text.I2S0_Tx_IRQHandler
                0x00002380        0x8 ./SDK/startup/startup_mk64f12.o
                0x00002380                I2S0_Tx_IRQHandler
 .text.I2S0_Rx_IRQHandler
                0x00002388        0x8 ./SDK/startup/startup_mk64f12.o
                0x00002388                I2S0_Rx_IRQHandler
 .text.UART0_LON_IRQHandler
                0x00002390        0x8 ./SDK/startup/startup_mk64f12.o
                0x00002390                UART0_LON_IRQHandler
 .text.UART0_RX_TX_IRQHandler
                0x00002398        0x8 ./SDK/startup/startup_mk64f12.o
                0x00002398                UART0_RX_TX_IRQHandler
 .text.UART0_ERR_IRQHandler
                0x000023a0        0x8 ./SDK/startup/startup_mk64f12.o
                0x000023a0                UART0_ERR_IRQHandler
 .text.UART1_RX_TX_IRQHandler
                0x000023a8        0x8 ./SDK/startup/startup_mk64f12.o
                0x000023a8                UART1_RX_TX_IRQHandler
 .text.UART1_ERR_IRQHandler
                0x000023b0        0x8 ./SDK/startup/startup_mk64f12.o
                0x000023b0                UART1_ERR_IRQHandler
 .text.UART2_RX_TX_IRQHandler
                0x000023b8        0x8 ./SDK/startup/startup_mk64f12.o
                0x000023b8                UART2_RX_TX_IRQHandler
 .text.UART2_ERR_IRQHandler
                0x000023c0        0x8 ./SDK/startup/startup_mk64f12.o
                0x000023c0                UART2_ERR_IRQHandler
 .text.UART3_RX_TX_IRQHandler
                0x000023c8        0x8 ./SDK/startup/startup_mk64f12.o
                0x000023c8                UART3_RX_TX_IRQHandler
 .text.UART3_ERR_IRQHandler
                0x000023d0        0x8 ./SDK/startup/startup_mk64f12.o
                0x000023d0                UART3_ERR_IRQHandler
 .text.ADC0_IRQHandler
                0x000023d8        0x8 ./SDK/startup/startup_mk64f12.o
                0x000023d8                ADC0_IRQHandler
 .text.CMP0_IRQHandler
                0x000023e0        0x8 ./SDK/startup/startup_mk64f12.o
                0x000023e0                CMP0_IRQHandler
 .text.CMP1_IRQHandler
                0x000023e8        0x8 ./SDK/startup/startup_mk64f12.o
                0x000023e8                CMP1_IRQHandler
 .text.FTM0_IRQHandler
                0x000023f0        0x8 ./SDK/startup/startup_mk64f12.o
                0x000023f0                FTM0_IRQHandler
 .text.FTM1_IRQHandler
                0x000023f8        0x8 ./SDK/startup/startup_mk64f12.o
                0x000023f8                FTM1_IRQHandler
 .text.FTM2_IRQHandler
                0x00002400        0x8 ./SDK/startup/startup_mk64f12.o
                0x00002400                FTM2_IRQHandler
 .text.CMT_IRQHandler
                0x00002408        0x8 ./SDK/startup/startup_mk64f12.o
                0x00002408                CMT_IRQHandler
 .text.RTC_IRQHandler
                0x00002410        0x8 ./SDK/startup/startup_mk64f12.o
                0x00002410                RTC_IRQHandler
 .text.RTC_Seconds_IRQHandler
                0x00002418        0x8 ./SDK/startup/startup_mk64f12.o
                0x00002418                RTC_Seconds_IRQHandler
 .text.PIT0_IRQHandler
                0x00002420        0x8 ./SDK/startup/startup_mk64f12.o
                0x00002420                PIT0_IRQHandler
 .text.PIT1_IRQHandler
                0x00002428        0x8 ./SDK/startup/startup_mk64f12.o
                0x00002428                PIT1_IRQHandler
 .text.PIT2_IRQHandler
                0x00002430        0x8 ./SDK/startup/startup_mk64f12.o
                0x00002430                PIT2_IRQHandler
 .text.PIT3_IRQHandler
                0x00002438        0x8 ./SDK/startup/startup_mk64f12.o
                0x00002438                PIT3_IRQHandler
 .text.PDB0_IRQHandler
                0x00002440        0x8 ./SDK/startup/startup_mk64f12.o
                0x00002440                PDB0_IRQHandler
 .text.USB0_IRQHandler
                0x00002448        0x8 ./SDK/startup/startup_mk64f12.o
                0x00002448                USB0_IRQHandler
 .text.USBDCD_IRQHandler
                0x00002450        0x8 ./SDK/startup/startup_mk64f12.o
                0x00002450                USBDCD_IRQHandler
 .text.Reserved71_IRQHandler
                0x00002458        0x8 ./SDK/startup/startup_mk64f12.o
                0x00002458                Reserved71_IRQHandler
 .text.DAC0_IRQHandler
                0x00002460        0x8 ./SDK/startup/startup_mk64f12.o
                0x00002460                DAC0_IRQHandler
 .text.MCG_IRQHandler
                0x00002468        0x8 ./SDK/startup/startup_mk64f12.o
                0x00002468                MCG_IRQHandler
 .text.LPTMR0_IRQHandler
                0x00002470        0x8 ./SDK/startup/startup_mk64f12.o
                0x00002470                LPTMR0_IRQHandler
 .text.SWI_IRQHandler
                0x00002478        0x8 ./SDK/startup/startup_mk64f12.o
                0x00002478                SWI_IRQHandler
 .text.SPI2_IRQHandler
                0x00002480        0x8 ./SDK/startup/startup_mk64f12.o
                0x00002480                SPI2_IRQHandler
 .text.UART4_RX_TX_IRQHandler
                0x00002488        0x8 ./SDK/startup/startup_mk64f12.o
                0x00002488                UART4_RX_TX_IRQHandler
 .text.UART4_ERR_IRQHandler
                0x00002490        0x8 ./SDK/startup/startup_mk64f12.o
                0x00002490                UART4_ERR_IRQHandler
 .text.UART5_RX_TX_IRQHandler
                0x00002498        0x8 ./SDK/startup/startup_mk64f12.o
                0x00002498                UART5_RX_TX_IRQHandler
 .text.UART5_ERR_IRQHandler
                0x000024a0        0x8 ./SDK/startup/startup_mk64f12.o
                0x000024a0                UART5_ERR_IRQHandler
 .text.CMP2_IRQHandler
                0x000024a8        0x8 ./SDK/startup/startup_mk64f12.o
                0x000024a8                CMP2_IRQHandler
 .text.FTM3_IRQHandler
                0x000024b0        0x8 ./SDK/startup/startup_mk64f12.o
                0x000024b0                FTM3_IRQHandler
 .text.DAC1_IRQHandler
                0x000024b8        0x8 ./SDK/startup/startup_mk64f12.o
                0x000024b8                DAC1_IRQHandler
 .text.ADC1_IRQHandler
                0x000024c0        0x8 ./SDK/startup/startup_mk64f12.o
                0x000024c0                ADC1_IRQHandler
 .text.I2C2_IRQHandler
                0x000024c8        0x8 ./SDK/startup/startup_mk64f12.o
                0x000024c8                I2C2_IRQHandler
 .text.CAN0_ORed_Message_buffer_IRQHandler
                0x000024d0        0x8 ./SDK/startup/startup_mk64f12.o
                0x000024d0                CAN0_ORed_Message_buffer_IRQHandler
 .text.CAN0_Bus_Off_IRQHandler
                0x000024d8        0x8 ./SDK/startup/startup_mk64f12.o
                0x000024d8                CAN0_Bus_Off_IRQHandler
 .text.CAN0_Error_IRQHandler
                0x000024e0        0x8 ./SDK/startup/startup_mk64f12.o
                0x000024e0                CAN0_Error_IRQHandler
 .text.CAN0_Tx_Warning_IRQHandler
                0x000024e8        0x8 ./SDK/startup/startup_mk64f12.o
                0x000024e8                CAN0_Tx_Warning_IRQHandler
 .text.CAN0_Rx_Warning_IRQHandler
                0x000024f0        0x8 ./SDK/startup/startup_mk64f12.o
                0x000024f0                CAN0_Rx_Warning_IRQHandler
 .text.CAN0_Wake_Up_IRQHandler
                0x000024f8        0x8 ./SDK/startup/startup_mk64f12.o
                0x000024f8                CAN0_Wake_Up_IRQHandler
 .text.SDHC_IRQHandler
                0x00002500        0x8 ./SDK/startup/startup_mk64f12.o
                0x00002500                SDHC_IRQHandler
 .text.ENET_1588_Timer_IRQHandler
                0x00002508        0x8 ./SDK/startup/startup_mk64f12.o
                0x00002508                ENET_1588_Timer_IRQHandler
 .text.ENET_Transmit_IRQHandler
                0x00002510        0x8 ./SDK/startup/startup_mk64f12.o
                0x00002510                ENET_Transmit_IRQHandler
 .text.ENET_Receive_IRQHandler
                0x00002518        0x8 ./SDK/startup/startup_mk64f12.o
                0x00002518                ENET_Receive_IRQHandler
 .text.ENET_Error_IRQHandler
                0x00002520        0x8 ./SDK/startup/startup_mk64f12.o
                0x00002520                ENET_Error_IRQHandler
 .text.SystemInitHook
                0x00002528        0xe ./SDK/CMSIS/system_MK64F12.o
                0x00002528                SystemInitHook
 .text.memset   0x00002536        0x4 e:/programs(e)/mcuxpressoide_10.2.0_759/ide/tools/bin/../lib/gcc/arm-none-eabi/7.2.1/../../../../arm-none-eabi/lib/thumb/v7e-m/fpv4-sp/hard\libcr_c.a(memset.o)
                0x00002536                memset
 .text.fabs     0x0000253a       0x22 e:/programs(e)/mcuxpressoide_10.2.0_759/ide/tools/bin/../lib/gcc/arm-none-eabi/7.2.1/../../../../arm-none-eabi/lib/thumb/v7e-m/fpv4-sp/hard\libcr_c.a(fabs.o)
                0x0000253a                fabs
 .text.sin      0x0000255c       0x40 e:/programs(e)/mcuxpressoide_10.2.0_759/ide/tools/bin/../lib/gcc/arm-none-eabi/7.2.1/../../../../arm-none-eabi/lib/thumb/v7e-m/fpv4-sp/hard\libcr_c.a(sin.o)
                0x0000255c                sin
 .text.abs      0x0000259c        0x8 e:/programs(e)/mcuxpressoide_10.2.0_759/ide/tools/bin/../lib/gcc/arm-none-eabi/7.2.1/../../../../arm-none-eabi/lib/thumb/v7e-m/fpv4-sp/hard\libcr_c.a(stdlib.o)
                0x0000259c                abs
 .text.__aeabi_d2iz
                0x000025a4       0x40 e:/programs(e)/mcuxpressoide_10.2.0_759/ide/tools/bin/../lib/gcc/arm-none-eabi/7.2.1/thumb/v7e-m/fpv4-sp/hard\libcr_eabihelpers.a(double.o)
                0x000025a4                __aeabi_d2iz
 .text.__bhs_ui2d
                0x000025e4       0x46 e:/programs(e)/mcuxpressoide_10.2.0_759/ide/tools/bin/../lib/gcc/arm-none-eabi/7.2.1/thumb/v7e-m/fpv4-sp/hard\libcr_eabihelpers.a(double.o)
                0x000025e4                __bhs_ui2d
 .text.__aeabi_i2d
                0x0000262a       0x12 e:/programs(e)/mcuxpressoide_10.2.0_759/ide/tools/bin/../lib/gcc/arm-none-eabi/7.2.1/thumb/v7e-m/fpv4-sp/hard\libcr_eabihelpers.a(double.o)
                0x0000262a                __aeabi_i2d
 .text.__aeabi_dcmplt
                0x0000263c       0x58 e:/programs(e)/mcuxpressoide_10.2.0_759/ide/tools/bin/../lib/gcc/arm-none-eabi/7.2.1/thumb/v7e-m/fpv4-sp/hard\libcr_eabihelpers.a(double.o)
                0x0000263c                __aeabi_dcmplt
 .text.__aeabi_dcmpgt
                0x00002694       0x58 e:/programs(e)/mcuxpressoide_10.2.0_759/ide/tools/bin/../lib/gcc/arm-none-eabi/7.2.1/thumb/v7e-m/fpv4-sp/hard\libcr_eabihelpers.a(double.o)
                0x00002694                __aeabi_dcmpgt
 .text.__aeabi_dcmple
                0x000026ec       0x5a e:/programs(e)/mcuxpressoide_10.2.0_759/ide/tools/bin/../lib/gcc/arm-none-eabi/7.2.1/thumb/v7e-m/fpv4-sp/hard\libcr_eabihelpers.a(double.o)
                0x000026ec                __aeabi_dcmple
 .text.__aeabi_dcmpge
                0x00002746       0x58 e:/programs(e)/mcuxpressoide_10.2.0_759/ide/tools/bin/../lib/gcc/arm-none-eabi/7.2.1/thumb/v7e-m/fpv4-sp/hard\libcr_eabihelpers.a(double.o)
                0x00002746                __aeabi_dcmpge
 .text.__aeabi_memset_lowlevel
                0x0000279e       0x32 e:/programs(e)/mcuxpressoide_10.2.0_759/ide/tools/bin/../lib/gcc/arm-none-eabi/7.2.1/thumb/v7e-m/fpv4-sp/hard\libcr_eabihelpers.a(memcpy.o)
                0x0000279e                __aeabi_lowlevel_memset
 *(SORT_BY_ALIGNMENT(.rodata) SORT_BY_ALIGNMENT(.rodata.*) SORT_BY_ALIGNMENT(.constdata) SORT_BY_ALIGNMENT(.constdata.*))
 .rodata.a.5195
                0x000027d0       0x20 e:/programs(e)/mcuxpressoide_10.2.0_759/ide/tools/bin/../lib/gcc/arm-none-eabi/7.2.1/../../../../arm-none-eabi/lib/thumb/v7e-m/fpv4-sp/hard\libcr_c.a(atan.o)
 .rodata.__huge_val
                0x000027f0        0x8 e:/programs(e)/mcuxpressoide_10.2.0_759/ide/tools/bin/../lib/gcc/arm-none-eabi/7.2.1/../../../../arm-none-eabi/lib/thumb/v7e-m/fpv4-sp/hard\libcr_c.a(_hugeval.o)
                0x000027f0                __huge_val
                0x000027f8                . = ALIGN (0x8)

.glue_7         0x000027f8        0x0
 .glue_7        0x000027f8        0x0 linker stubs

.glue_7t        0x000027f8        0x0
 .glue_7t       0x000027f8        0x0 linker stubs

.vfp11_veneer   0x000027f8        0x0
 .vfp11_veneer  0x000027f8        0x0 linker stubs

.v4_bx          0x000027f8        0x0
 .v4_bx         0x000027f8        0x0 linker stubs

.iplt           0x000027f8        0x0
 .iplt          0x000027f8        0x0 ./source/App.o

.rel.dyn        0x000027f8        0x0
 .rel.iplt      0x000027f8        0x0 ./source/App.o

.ARM.extab
 *(SORT_BY_ALIGNMENT(.ARM.extab*) SORT_BY_ALIGNMENT(.gnu.linkonce.armextab.*))
                0x000027f8                __exidx_start = .

.ARM.exidx
 *(SORT_BY_ALIGNMENT(.ARM.exidx*) SORT_BY_ALIGNMENT(.gnu.linkonce.armexidx.*))
                0x000027f8                __exidx_end = .
                0x000027f8                _etext = .

.m_usb_data
 *(SORT_BY_ALIGNMENT(m_usb_bdt))

.data_RAM2      0x1fff0000        0x0 load address 0x000027f8
 FILL mask 0xff
                [!provide]                PROVIDE (__start_data_RAM2, .)
 *(SORT_BY_ALIGNMENT(.ramfunc.$RAM2))
 *(SORT_BY_ALIGNMENT(.ramfunc.$SRAM_LOWER))
 *(SORT_BY_ALIGNMENT(.data.$RAM2*))
 *(SORT_BY_ALIGNMENT(.data.$SRAM_LOWER*))
                0x1fff0000                . = ALIGN (0x8)
                [!provide]                PROVIDE (__end_data_RAM2, .)

.data_RAM3      0x14000000        0x0 load address 0x000027f8
 FILL mask 0xff
                [!provide]                PROVIDE (__start_data_RAM3, .)
 *(SORT_BY_ALIGNMENT(.ramfunc.$RAM3))
 *(SORT_BY_ALIGNMENT(.ramfunc.$FLEX_RAM))
 *(SORT_BY_ALIGNMENT(.data.$RAM3*))
 *(SORT_BY_ALIGNMENT(.data.$FLEX_RAM*))
                0x14000000                . = ALIGN (0x8)
                [!provide]                PROVIDE (__end_data_RAM3, .)

.uninit_RESERVED
                0x20000000        0x0
 *(SORT_BY_ALIGNMENT(.bss.$RESERVED*))
                0x20000000                . = ALIGN (0x4)
                0x20000000                _end_uninit_RESERVED = .

.data           0x20000000       0x10 load address 0x000027f8
 FILL mask 0xff
                0x20000000                _data = .
 *(SORT_BY_ALIGNMENT(vtable))
 *(SORT_BY_ALIGNMENT(.ramfunc*))
 *(SORT_BY_ALIGNMENT(.data*))
 .data.I2C_x    0x20000000        0x8 ./source/i2cm.o
 .data.address_cycle.7515
                0x20000008        0x1 ./source/i2cm.o
                0x20000010                . = ALIGN (0x8)
 *fill*         0x20000009        0x7 ff
                0x20000010                _edata = .

.igot.plt       0x20000010        0x0 load address 0x00002808
 .igot.plt      0x20000010        0x0 ./source/App.o

.bss_RAM2       0x1fff0000        0x0
                [!provide]                PROVIDE (__start_bss_RAM2, .)
 *(SORT_BY_ALIGNMENT(.bss.$RAM2*))
 *(SORT_BY_ALIGNMENT(.bss.$SRAM_LOWER*))
                0x1fff0000                . = ALIGN ((. != 0x0)?0x8:0x1)
                [!provide]                PROVIDE (__end_bss_RAM2, .)

.bss_RAM3       0x14000000        0x0
                [!provide]                PROVIDE (__start_bss_RAM3, .)
 *(SORT_BY_ALIGNMENT(.bss.$RAM3*))
 *(SORT_BY_ALIGNMENT(.bss.$FLEX_RAM*))
                0x14000000                . = ALIGN ((. != 0x0)?0x8:0x1)
                [!provide]                PROVIDE (__end_bss_RAM3, .)

.bss            0x20000010      0x2b0
                0x20000010                _bss = .
 *(SORT_BY_ALIGNMENT(.bss*))
 .bss.Buffer    0x20000010        0xd ./source/FXOS8700CQ.o
 *fill*         0x2000001d        0x3 
 .bss.callback  0x20000020        0x4 ./source/SysTick.o
                0x20000020                callback
 .bss.CALLBACKS
                0x20000024      0x280 ./source/gpio.o
 .bss.cant_bytes
                0x200002a4        0x4 ./source/i2cm.o
 .bss.data      0x200002a8        0x4 ./source/i2cm.o
 .bss.Rdata     0x200002ac        0x4 ./source/i2cm.o
 .bss.errno     0x200002b0        0x4 e:/programs(e)/mcuxpressoide_10.2.0_759/ide/tools/bin/../lib/gcc/arm-none-eabi/7.2.1/../../../../arm-none-eabi/lib/thumb/v7e-m/fpv4-sp/hard\libcr_c.a(errno.o)
                0x200002b0                errno
 .bss.reading   0x200002b4        0x1 ./source/FXOS8700CQ.o
 .bss.databyte.6959
                0x200002b5        0x1 ./source/FXOS8700CQ.o
 .bss.reg8.6960
                0x200002b6        0x1 ./source/FXOS8700CQ.o
 .bss.reg.6992  0x200002b7        0x1 ./source/FXOS8700CQ.o
 .bss.i2c_num   0x200002b8        0x1 ./source/i2cm.o
 .bss.rw_mode   0x200002b9        0x1 ./source/i2cm.o
 .bss.reg_read  0x200002ba        0x1 ./source/i2cm.o
 .bss.R_cant_bytes
                0x200002bb        0x1 ./source/i2cm.o
 .bss.W_error   0x200002bc        0x1 ./source/i2cm.o
 .bss.dev_address
                0x200002bd        0x1 ./source/i2cm.o
 *(SORT_BY_ALIGNMENT(COMMON))
                0x200002c0                . = ALIGN (0x8)
 *fill*         0x200002be        0x2 
                0x200002c0                _ebss = .
                [!provide]                PROVIDE (end, .)

.noinit_RAM2    0x1fff0000        0x0
 *(SORT_BY_ALIGNMENT(.noinit.$RAM2*))
 *(SORT_BY_ALIGNMENT(.noinit.$SRAM_LOWER*))
                0x1fff0000                . = ALIGN (0x8)

.noinit_RAM3    0x14000000        0x0
 *(SORT_BY_ALIGNMENT(.noinit.$RAM3*))
 *(SORT_BY_ALIGNMENT(.noinit.$FLEX_RAM*))
                0x14000000                . = ALIGN (0x8)

.noinit         0x200002c0        0x0
                0x200002c0                _noinit = .
 *(SORT_BY_ALIGNMENT(.noinit*))
                0x200002c0                . = ALIGN (0x8)
                0x200002c0                _end_noinit = .
                0x00001000                _HeapSize = 0x1000

.heap           0x200002c0     0x1000
                0x200002c0                _pvHeapStart = .
                0x200012c0                . = (. + _HeapSize)
 *fill*         0x200002c0     0x1000 
                0x200012c0                . = ALIGN (0x8)
                0x200012c0                _pvHeapLimit = .
                0x00001000                _StackSize = 0x1000

.heap2stackfill
                0x200012c0     0x1000
                0x200022c0                . = (. + _StackSize)
 *fill*         0x200012c0     0x1000 

.stack          0x2002f000        0x0
                0x2002f000                _vStackBase = .
                0x2002f000                . = ALIGN (0x8)
                0x20030000                _vStackTop = (. + _StackSize)
                0x00000000                _image_start = LOADADDR (.text)
                0x00002808                _image_end = (LOADADDR (.data) + SIZEOF (.data))
                0x00002808                _image_size = (_image_end - _image_start)
OUTPUT(TP2_Station.axf elf32-littlearm)

.debug_info     0x00000000     0x55d6
 .debug_info    0x00000000      0xac5 ./source/App.o
 .debug_info    0x00000ac5      0xb71 ./source/FXOS8700CQ.o
 .debug_info    0x00001636      0x15f ./source/SysTick.o
 .debug_info    0x00001795     0x15e2 ./source/gpio.o
 .debug_info    0x00002d77     0x124c ./source/i2cm.o
 .debug_info    0x00003fc3      0x675 ./SDK/startup/hardware.o
 .debug_info    0x00004638       0xb7 ./SDK/startup/main.o
 .debug_info    0x000046ef       0x3b ./SDK/startup/semihost_hardfault.o
 .debug_info    0x0000472a      0x8b0 ./SDK/startup/startup_mk64f12.o
 .debug_info    0x00004fda      0x5fc ./SDK/CMSIS/system_MK64F12.o

.debug_abbrev   0x00000000     0x1064
 .debug_abbrev  0x00000000      0x24d ./source/App.o
 .debug_abbrev  0x0000024d      0x284 ./source/FXOS8700CQ.o
 .debug_abbrev  0x000004d1      0x115 ./source/SysTick.o
 .debug_abbrev  0x000005e6      0x33b ./source/gpio.o
 .debug_abbrev  0x00000921      0x2c4 ./source/i2cm.o
 .debug_abbrev  0x00000be5      0x138 ./SDK/startup/hardware.o
 .debug_abbrev  0x00000d1d       0x7d ./SDK/startup/main.o
 .debug_abbrev  0x00000d9a       0x2f ./SDK/startup/semihost_hardfault.o
 .debug_abbrev  0x00000dc9      0x15c ./SDK/startup/startup_mk64f12.o
 .debug_abbrev  0x00000f25      0x13f ./SDK/CMSIS/system_MK64F12.o

.debug_aranges  0x00000000      0x578
 .debug_aranges
                0x00000000       0x38 ./source/App.o
 .debug_aranges
                0x00000038       0x48 ./source/FXOS8700CQ.o
 .debug_aranges
                0x00000080       0x28 ./source/SysTick.o
 .debug_aranges
                0x000000a8       0xa8 ./source/gpio.o
 .debug_aranges
                0x00000150       0x58 ./source/i2cm.o
 .debug_aranges
                0x000001a8       0x30 ./SDK/startup/hardware.o
 .debug_aranges
                0x000001d8       0x20 ./SDK/startup/main.o
 .debug_aranges
                0x000001f8       0x20 ./SDK/startup/semihost_hardfault.o
 .debug_aranges
                0x00000218      0x330 ./SDK/startup/startup_mk64f12.o
 .debug_aranges
                0x00000548       0x30 ./SDK/CMSIS/system_MK64F12.o

.debug_ranges   0x00000000      0x4d8
 .debug_ranges  0x00000000       0x28 ./source/App.o
 .debug_ranges  0x00000028       0x38 ./source/FXOS8700CQ.o
 .debug_ranges  0x00000060       0x18 ./source/SysTick.o
 .debug_ranges  0x00000078       0x98 ./source/gpio.o
 .debug_ranges  0x00000110       0x48 ./source/i2cm.o
 .debug_ranges  0x00000158       0x20 ./SDK/startup/hardware.o
 .debug_ranges  0x00000178       0x10 ./SDK/startup/main.o
 .debug_ranges  0x00000188       0x10 ./SDK/startup/semihost_hardfault.o
 .debug_ranges  0x00000198      0x320 ./SDK/startup/startup_mk64f12.o
 .debug_ranges  0x000004b8       0x20 ./SDK/CMSIS/system_MK64F12.o

.debug_macro    0x00000000    0x21604
 .debug_macro   0x00000000      0x2a1 ./source/App.o
 .debug_macro   0x000002a1      0xa5a ./source/App.o
 .debug_macro   0x00000cfb      0x34e ./source/App.o
 .debug_macro   0x00001049       0x22 ./source/App.o
 .debug_macro   0x0000106b       0x5c ./source/App.o
 .debug_macro   0x000010c7       0x1c ./source/App.o
 .debug_macro   0x000010e3       0x22 ./source/App.o
 .debug_macro   0x00001105       0xdf ./source/App.o
 .debug_macro   0x000011e4      0xecf ./source/App.o
 .debug_macro   0x000020b3       0x48 ./source/App.o
 .debug_macro   0x000020fb     0xe07b ./source/App.o
 .debug_macro   0x00010176       0x3a ./source/App.o
 .debug_macro   0x000101b0       0x40 ./source/App.o
 .debug_macro   0x000101f0       0x22 ./source/App.o
 .debug_macro   0x00010212       0x52 ./source/App.o
 .debug_macro   0x00010264       0x17 ./source/App.o
 .debug_macro   0x0001027b       0x8d ./source/App.o
 .debug_macro   0x00010308       0x35 ./source/App.o
 .debug_macro   0x0001033d       0x9c ./source/App.o
 .debug_macro   0x000103d9      0x174 ./source/App.o
 .debug_macro   0x0001054d       0x57 ./source/App.o
 .debug_macro   0x000105a4       0x58 ./source/App.o
 .debug_macro   0x000105fc       0x1f ./source/App.o
 .debug_macro   0x0001061b       0x43 ./source/App.o
 .debug_macro   0x0001065e       0x20 ./source/App.o
 .debug_macro   0x0001067e      0x18e ./source/App.o
 .debug_macro   0x0001080c      0x32a ./source/App.o
 .debug_macro   0x00010b36       0x10 ./source/App.o
 .debug_macro   0x00010b46       0x35 ./source/App.o
 .debug_macro   0x00010b7b       0x16 ./source/App.o
 .debug_macro   0x00010b91       0x16 ./source/App.o
 .debug_macro   0x00010ba7       0x29 ./source/App.o
 .debug_macro   0x00010bd0       0x2e ./source/App.o
 .debug_macro   0x00010bfe       0x1c ./source/App.o
 .debug_macro   0x00010c1a       0x10 ./source/App.o
 .debug_macro   0x00010c2a       0x10 ./source/App.o
 .debug_macro   0x00010c3a       0x6a ./source/App.o
 .debug_macro   0x00010ca4       0x1c ./source/App.o
 .debug_macro   0x00010cc0       0x52 ./source/App.o
 .debug_macro   0x00010d12       0x40 ./source/App.o
 .debug_macro   0x00010d52       0x10 ./source/App.o
 .debug_macro   0x00010d62       0x40 ./source/App.o
 .debug_macro   0x00010da2       0xd7 ./source/App.o
 .debug_macro   0x00010e79       0x1c ./source/App.o
 .debug_macro   0x00010e95       0x3d ./source/App.o
 .debug_macro   0x00010ed2       0x16 ./source/App.o
 .debug_macro   0x00010ee8      0x16f ./source/App.o
 .debug_macro   0x00011057       0x46 ./source/App.o
 .debug_macro   0x0001109d      0x21b ./source/FXOS8700CQ.o
 .debug_macro   0x000112b8       0x16 ./source/FXOS8700CQ.o
 .debug_macro   0x000112ce       0x97 ./source/FXOS8700CQ.o
 .debug_macro   0x00011365      0x330 ./source/FXOS8700CQ.o
 .debug_macro   0x00011695       0xfd ./source/FXOS8700CQ.o
 .debug_macro   0x00011792       0x10 ./source/FXOS8700CQ.o
 .debug_macro   0x000117a2      0x1e1 ./source/FXOS8700CQ.o
 .debug_macro   0x00011983       0xb2 ./source/SysTick.o
 .debug_macro   0x00011a35       0x10 ./source/SysTick.o
 .debug_macro   0x00011a45       0x5c ./source/SysTick.o
 .debug_macro   0x00011aa1     0xe07b ./source/SysTick.o
 .debug_macro   0x0001fb1c     0x122b ./source/SysTick.o
 .debug_macro   0x00020d47       0x16 ./source/SysTick.o
 .debug_macro   0x00020d5d      0x26e ./source/gpio.o
 .debug_macro   0x00020fcb       0x16 ./source/gpio.o
 .debug_macro   0x00020fe1      0x1bd ./source/i2cm.o
 .debug_macro   0x0002119e      0x10e ./source/i2cm.o
 .debug_macro   0x000212ac       0x8d ./source/i2cm.o
 .debug_macro   0x00021339       0xd9 ./source/i2cm.o
 .debug_macro   0x00021412       0x9c ./SDK/startup/hardware.o
 .debug_macro   0x000214ae       0x9c ./SDK/startup/main.o
 .debug_macro   0x0002154a       0x11 ./SDK/startup/semihost_hardfault.o
 .debug_macro   0x0002155b       0x29 ./SDK/startup/startup_mk64f12.o
 .debug_macro   0x00021584       0x80 ./SDK/CMSIS/system_MK64F12.o

.debug_line     0x00000000     0x21ac
 .debug_line    0x00000000      0x496 ./source/App.o
 .debug_line    0x00000496      0x484 ./source/FXOS8700CQ.o
 .debug_line    0x0000091a      0x1b0 ./source/SysTick.o
 .debug_line    0x00000aca      0x601 ./source/gpio.o
 .debug_line    0x000010cb      0x48a ./source/i2cm.o
 .debug_line    0x00001555      0x1dc ./SDK/startup/hardware.o
 .debug_line    0x00001731      0x17b ./SDK/startup/main.o
 .debug_line    0x000018ac       0x59 ./SDK/startup/semihost_hardfault.o
 .debug_line    0x00001905      0x6d8 ./SDK/startup/startup_mk64f12.o
 .debug_line    0x00001fdd      0x1cf ./SDK/CMSIS/system_MK64F12.o

.debug_str      0x00000000    0x7d7de
 .debug_str     0x00000000    0x74e07 ./source/App.o
                              0x750ba (size before relaxing)
 .debug_str     0x00074e07      0x98d ./source/FXOS8700CQ.o
                               0x8b16 (size before relaxing)
 .debug_str     0x00075794     0x6baa ./source/SysTick.o
                              0x7704a (size before relaxing)
 .debug_str     0x0007c33e      0x9a0 ./source/gpio.o
                              0x7c13d (size before relaxing)
 .debug_str     0x0007ccde      0x174 ./source/i2cm.o
                              0x7ad61 (size before relaxing)
 .debug_str     0x0007ce52      0x124 ./SDK/startup/hardware.o
                              0x771e5 (size before relaxing)
 .debug_str     0x0007cf76       0x1b ./SDK/startup/main.o
                              0x76fb9 (size before relaxing)
 .debug_str     0x0007cf91       0x36 ./SDK/startup/semihost_hardfault.o
                               0x2d1f (size before relaxing)
 .debug_str     0x0007cfc7      0x7b5 ./SDK/startup/startup_mk64f12.o
                               0x358d (size before relaxing)
 .debug_str     0x0007d77c       0x62 ./SDK/CMSIS/system_MK64F12.o
                              0x770f4 (size before relaxing)

.comment        0x00000000       0x7e
 .comment       0x00000000       0x7e ./source/App.o
                                 0x7f (size before relaxing)
 .comment       0x0000007e       0x7f ./source/FXOS8700CQ.o
 .comment       0x0000007e       0x7f ./source/SysTick.o
 .comment       0x0000007e       0x7f ./source/gpio.o
 .comment       0x0000007e       0x7f ./source/i2cm.o
 .comment       0x0000007e       0x7f ./SDK/startup/hardware.o
 .comment       0x0000007e       0x7f ./SDK/startup/main.o
 .comment       0x0000007e       0x7f ./SDK/startup/semihost_hardfault.o
 .comment       0x0000007e       0x7f ./SDK/startup/startup_mk64f12.o
 .comment       0x0000007e       0x7f ./SDK/CMSIS/system_MK64F12.o
 .comment       0x0000007e       0x7f e:/programs(e)/mcuxpressoide_10.2.0_759/ide/tools/bin/../lib/gcc/arm-none-eabi/7.2.1/../../../../arm-none-eabi/lib/thumb/v7e-m/fpv4-sp/hard\libcr_c.a(memset.o)
 .comment       0x0000007e       0x7f e:/programs(e)/mcuxpressoide_10.2.0_759/ide/tools/bin/../lib/gcc/arm-none-eabi/7.2.1/../../../../arm-none-eabi/lib/thumb/v7e-m/fpv4-sp/hard\libcr_c.a(atan.o)
 .comment       0x0000007e       0x7f e:/programs(e)/mcuxpressoide_10.2.0_759/ide/tools/bin/../lib/gcc/arm-none-eabi/7.2.1/../../../../arm-none-eabi/lib/thumb/v7e-m/fpv4-sp/hard\libcr_c.a(cos.o)
 .comment       0x0000007e       0x7f e:/programs(e)/mcuxpressoide_10.2.0_759/ide/tools/bin/../lib/gcc/arm-none-eabi/7.2.1/../../../../arm-none-eabi/lib/thumb/v7e-m/fpv4-sp/hard\libcr_c.a(fabs.o)
 .comment       0x0000007e       0x7f e:/programs(e)/mcuxpressoide_10.2.0_759/ide/tools/bin/../lib/gcc/arm-none-eabi/7.2.1/../../../../arm-none-eabi/lib/thumb/v7e-m/fpv4-sp/hard\libcr_c.a(sin.o)
 .comment       0x0000007e       0x7f e:/programs(e)/mcuxpressoide_10.2.0_759/ide/tools/bin/../lib/gcc/arm-none-eabi/7.2.1/../../../../arm-none-eabi/lib/thumb/v7e-m/fpv4-sp/hard\libcr_c.a(sqrt.o)
 .comment       0x0000007e       0x7f e:/programs(e)/mcuxpressoide_10.2.0_759/ide/tools/bin/../lib/gcc/arm-none-eabi/7.2.1/../../../../arm-none-eabi/lib/thumb/v7e-m/fpv4-sp/hard\libcr_c.a(stdlib.o)
 .comment       0x0000007e       0x7f e:/programs(e)/mcuxpressoide_10.2.0_759/ide/tools/bin/../lib/gcc/arm-none-eabi/7.2.1/../../../../arm-none-eabi/lib/thumb/v7e-m/fpv4-sp/hard\libcr_c.a(_hugeval.o)
 .comment       0x0000007e       0x7f e:/programs(e)/mcuxpressoide_10.2.0_759/ide/tools/bin/../lib/gcc/arm-none-eabi/7.2.1/../../../../arm-none-eabi/lib/thumb/v7e-m/fpv4-sp/hard\libcr_c.a(_sincos.o)
 .comment       0x0000007e       0x7f e:/programs(e)/mcuxpressoide_10.2.0_759/ide/tools/bin/../lib/gcc/arm-none-eabi/7.2.1/../../../../arm-none-eabi/lib/thumb/v7e-m/fpv4-sp/hard\libcr_c.a(errno.o)
 .comment       0x0000007e       0x7f e:/programs(e)/mcuxpressoide_10.2.0_759/ide/tools/bin/../lib/gcc/arm-none-eabi/7.2.1/thumb/v7e-m/fpv4-sp/hard\libcr_eabihelpers.a(double.o)

.ARM.attributes
                0x00000000       0x37
 .ARM.attributes
                0x00000000       0x39 ./source/App.o
 .ARM.attributes
                0x00000039       0x39 ./source/FXOS8700CQ.o
 .ARM.attributes
                0x00000072       0x39 ./source/SysTick.o
 .ARM.attributes
                0x000000ab       0x39 ./source/gpio.o
 .ARM.attributes
                0x000000e4       0x39 ./source/i2cm.o
 .ARM.attributes
                0x0000011d       0x39 ./SDK/startup/hardware.o
 .ARM.attributes
                0x00000156       0x39 ./SDK/startup/main.o
 .ARM.attributes
                0x0000018f       0x39 ./SDK/startup/semihost_hardfault.o
 .ARM.attributes
                0x000001c8       0x39 ./SDK/startup/startup_mk64f12.o
 .ARM.attributes
                0x00000201       0x39 ./SDK/CMSIS/system_MK64F12.o
 .ARM.attributes
                0x0000023a       0x39 e:/programs(e)/mcuxpressoide_10.2.0_759/ide/tools/bin/../lib/gcc/arm-none-eabi/7.2.1/../../../../arm-none-eabi/lib/thumb/v7e-m/fpv4-sp/hard\libcr_c.a(memset.o)
 .ARM.attributes
                0x00000273       0x39 e:/programs(e)/mcuxpressoide_10.2.0_759/ide/tools/bin/../lib/gcc/arm-none-eabi/7.2.1/../../../../arm-none-eabi/lib/thumb/v7e-m/fpv4-sp/hard\libcr_c.a(atan.o)
 .ARM.attributes
                0x000002ac       0x39 e:/programs(e)/mcuxpressoide_10.2.0_759/ide/tools/bin/../lib/gcc/arm-none-eabi/7.2.1/../../../../arm-none-eabi/lib/thumb/v7e-m/fpv4-sp/hard\libcr_c.a(cos.o)
 .ARM.attributes
                0x000002e5       0x39 e:/programs(e)/mcuxpressoide_10.2.0_759/ide/tools/bin/../lib/gcc/arm-none-eabi/7.2.1/../../../../arm-none-eabi/lib/thumb/v7e-m/fpv4-sp/hard\libcr_c.a(fabs.o)
 .ARM.attributes
                0x0000031e       0x39 e:/programs(e)/mcuxpressoide_10.2.0_759/ide/tools/bin/../lib/gcc/arm-none-eabi/7.2.1/../../../../arm-none-eabi/lib/thumb/v7e-m/fpv4-sp/hard\libcr_c.a(sin.o)
 .ARM.attributes
                0x00000357       0x39 e:/programs(e)/mcuxpressoide_10.2.0_759/ide/tools/bin/../lib/gcc/arm-none-eabi/7.2.1/../../../../arm-none-eabi/lib/thumb/v7e-m/fpv4-sp/hard\libcr_c.a(sqrt.o)
 .ARM.attributes
                0x00000390       0x39 e:/programs(e)/mcuxpressoide_10.2.0_759/ide/tools/bin/../lib/gcc/arm-none-eabi/7.2.1/../../../../arm-none-eabi/lib/thumb/v7e-m/fpv4-sp/hard\libcr_c.a(stdlib.o)
 .ARM.attributes
                0x000003c9       0x39 e:/programs(e)/mcuxpressoide_10.2.0_759/ide/tools/bin/../lib/gcc/arm-none-eabi/7.2.1/../../../../arm-none-eabi/lib/thumb/v7e-m/fpv4-sp/hard\libcr_c.a(_hugeval.o)
 .ARM.attributes
                0x00000402       0x39 e:/programs(e)/mcuxpressoide_10.2.0_759/ide/tools/bin/../lib/gcc/arm-none-eabi/7.2.1/../../../../arm-none-eabi/lib/thumb/v7e-m/fpv4-sp/hard\libcr_c.a(_sincos.o)
 .ARM.attributes
                0x0000043b       0x39 e:/programs(e)/mcuxpressoide_10.2.0_759/ide/tools/bin/../lib/gcc/arm-none-eabi/7.2.1/../../../../arm-none-eabi/lib/thumb/v7e-m/fpv4-sp/hard\libcr_c.a(errno.o)
 .ARM.attributes
                0x00000474       0x39 e:/programs(e)/mcuxpressoide_10.2.0_759/ide/tools/bin/../lib/gcc/arm-none-eabi/7.2.1/thumb/v7e-m/fpv4-sp/hard\libcr_eabihelpers.a(double.o)
 .ARM.attributes
                0x000004ad       0x25 e:/programs(e)/mcuxpressoide_10.2.0_759/ide/tools/bin/../lib/gcc/arm-none-eabi/7.2.1/thumb/v7e-m/fpv4-sp/hard\libcr_eabihelpers.a(memcpy.o)

.debug_frame    0x00000000     0x1070
 .debug_frame   0x00000000       0xa8 ./source/App.o
 .debug_frame   0x000000a8      0x100 ./source/FXOS8700CQ.o
 .debug_frame   0x000001a8       0x64 ./source/SysTick.o
 .debug_frame   0x0000020c      0x2f4 ./source/gpio.o
 .debug_frame   0x00000500      0x13c ./source/i2cm.o
 .debug_frame   0x0000063c       0x70 ./SDK/startup/hardware.o
 .debug_frame   0x000006ac       0x2c ./SDK/startup/main.o
 .debug_frame   0x000006d8       0x20 ./SDK/startup/semihost_hardfault.o
 .debug_frame   0x000006f8      0x904 ./SDK/startup/startup_mk64f12.o
 .debug_frame   0x00000ffc       0x74 ./SDK/CMSIS/system_MK64F12.o
